node@knode:~$ su -
Password: 
root@knode:~# 
root@knode:~# 
root@knode:~# 
root@knode:~# 
root@knode:~# 
root@knode:~# ifconfig -a
docker0   Link encap:Ethernet  HWaddr 02:42:af:fa:ff:6f  
          inet addr:172.17.0.1  Bcast:0.0.0.0  Mask:255.255.0.0
          UP BROADCAST MULTICAST  MTU:1500  Metric:1
          RX packets:0 errors:0 dropped:0 overruns:0 frame:0
          TX packets:0 errors:0 dropped:0 overruns:0 carrier:0
          collisions:0 txqueuelen:0 
          RX bytes:0 (0.0 B)  TX bytes:0 (0.0 B)

ens33     Link encap:Ethernet  HWaddr 00:0c:29:f8:87:2b  
          inet addr:192.168.159.131  Bcast:192.168.159.255  Mask:255.255.255.0
          inet6 addr: fe80::52cf:59d:1aab:a990/64 Scope:Link
          UP BROADCAST RUNNING MULTICAST  MTU:1500  Metric:1
          RX packets:58 errors:0 dropped:0 overruns:0 frame:0
          TX packets:92 errors:0 dropped:0 overruns:0 carrier:0
          collisions:0 txqueuelen:1000 
          RX bytes:7227 (7.2 KB)  TX bytes:9973 (9.9 KB)

lo        Link encap:Local Loopback  
          inet addr:127.0.0.1  Mask:255.0.0.0
          inet6 addr: ::1/128 Scope:Host
          UP LOOPBACK RUNNING  MTU:65536  Metric:1
          RX packets:234 errors:0 dropped:0 overruns:0 frame:0
          TX packets:234 errors:0 dropped:0 overruns:0 carrier:0
          collisions:0 txqueuelen:1 
          RX bytes:19019 (19.0 KB)  TX bytes:19019 (19.0 KB)

root@knode:~# 
root@knode:~# docker ps
CONTAINER ID        IMAGE               COMMAND             CREATED             STATUS              PORTS               NAMES
root@knode:~# 
root@knode:~# 
root@knode:~# 
root@knode:~# 
root@knode:~# where sshd_config
No command 'where' found, did you mean:
 Command 'gwhere' from package 'gwhere' (universe)
where: command not found
root@knode:~# gwhere sshd_config
The program 'gwhere' is currently not installed. You can install it by typing:
apt install gwhere
root@knode:~# 
root@knode:~# 
root@knode:~# 
root@knode:~# apt install gwhere
Reading package lists... Done
Building dependency tree       
Reading state information... Done
The following NEW packages will be installed:
  gwhere
0 upgraded, 1 newly installed, 0 to remove and 641 not upgraded.
Need to get 468 kB of archives.
After this operation, 1,447 kB of additional disk space will be used.
Get:1 http://us.archive.ubuntu.com/ubuntu xenial/universe amd64 gwhere amd64 0.2.3.dfsg.1-4 [468 kB]
Fetched 468 kB in 2s (186 kB/s) 
Selecting previously unselected package gwhere.
(Reading database ... 176554 files and directories currently installed.)
Preparing to unpack .../gwhere_0.2.3.dfsg.1-4_amd64.deb ...
Unpacking gwhere (0.2.3.dfsg.1-4) ...
Processing triggers for man-db (2.7.5-1) ...
Processing triggers for gnome-menus (3.13.3-6ubuntu3.1) ...
Processing triggers for desktop-file-utils (0.22-1ubuntu5) ...
Processing triggers for bamfdaemon (0.5.3~bzr0+16.04.20160701-0ubuntu1) ...
Rebuilding /usr/share/applications/bamf-2.index...
Processing triggers for mime-support (3.59ubuntu1) ...
Setting up gwhere (0.2.3.dfsg.1-4) ...
root@knode:~# 
root@knode:~# 
root@knode:~# 
root@knode:~# 
root@knode:~# gwhere sshd_config
root@knode:~# 
root@knode:~# 
root@knode:~# 
root@knode:~# 
root@knode:~# 
root@knode:~# more /var/log/auth.log 
Sep  2 11:43:07 ubuntu systemd-logind[3117]: New seat seat0.
Sep  2 11:43:07 ubuntu systemd-logind[3117]: Watching system buttons on /dev/input/event0 (Power Button)
Sep  2 11:43:17 ubuntu lightdm: PAM unable to dlopen(pam_kwallet.so): /lib/security/pam_kwallet.so: cannot open shared object file: No such fil
e or directory
Sep  2 11:43:17 ubuntu lightdm: PAM adding faulty module: pam_kwallet.so
Sep  2 11:43:17 ubuntu lightdm: PAM unable to dlopen(pam_kwallet5.so): /lib/security/pam_kwallet5.so: cannot open shared object file: No such f
ile or directory
Sep  2 11:43:17 ubuntu lightdm: PAM adding faulty module: pam_kwallet5.so
Sep  2 11:43:17 ubuntu lightdm: pam_unix(lightdm-greeter:session): session opened for user lightdm by (uid=0)
Sep  2 11:43:17 ubuntu systemd-logind[3117]: New session c1 of user lightdm.
Sep  2 11:43:17 ubuntu systemd: pam_unix(systemd-user:session): session opened for user lightdm by (uid=0)
Sep  2 11:43:22 ubuntu lightdm: PAM unable to dlopen(pam_kwallet.so): /lib/security/pam_kwallet.so: cannot open shared object file: No such fil
e or directory
Sep  2 11:43:22 ubuntu lightdm: PAM adding faulty module: pam_kwallet.so
Sep  2 11:43:22 ubuntu lightdm: PAM unable to dlopen(pam_kwallet5.so): /lib/security/pam_kwallet5.so: cannot open shared object file: No such f
ile or directory
Sep  2 11:43:22 ubuntu lightdm: PAM adding faulty module: pam_kwallet5.so
Sep  2 11:43:22 ubuntu lightdm: pam_succeed_if(lightdm:auth): requirement "user ingroup nopasswdlogin" not met by user "node"
Sep  2 11:45:01 ubuntu systemd-logind[3117]: Watching system buttons on /dev/input/event0 (Power Button)
Sep  2 11:46:53 ubuntu lightdm: pam_unix(lightdm-greeter:session): session closed for user lightdm
Sep  2 11:46:53 ubuntu lightdm: pam_unix(lightdm:session): session opened for user node by (uid=0)
Sep  2 11:46:53 ubuntu systemd: pam_unix(systemd-user:session): session opened for user node by (uid=0)
Sep  2 11:46:53 ubuntu systemd-logind[3117]: New session c2 of user node.
Sep  2 11:47:12 ubuntu gnome-keyring-daemon[8450]: The PKCS#11 component was already initialized
Sep  2 11:47:12 ubuntu gnome-keyring-daemon[8450]: The Secret Service was already initialized
Sep  2 11:47:12 ubuntu gnome-keyring-daemon[8450]: The SSH agent was already initialized
Sep  2 11:47:13 ubuntu systemd-logind[3117]: Removed session c1.
Sep  2 11:47:18 ubuntu polkitd(authority=local): Registered Authentication Agent for unix-session:c2 (system bus name :1.67 [/usr/lib/policykit
-1-gnome/polkit-gnome-authentication-agent-1], object path /org/gnome/PolicyKit1/AuthenticationAgent, locale en_US.UTF-8)
Sep  2 11:47:57 ubuntu sudo:     node : TTY=pts/17 ; PWD=/home/node ; USER=root ; COMMAND=/usr/bin/passwd root
Sep  2 11:47:57 ubuntu sudo: pam_unix(sudo:session): session opened for user root by (uid=0)
Sep  2 11:48:00 ubuntu passwd[9172]: pam_unix(passwd:chauthtok): password changed for root
Sep  2 11:48:00 ubuntu passwd[9172]: gkr-pam: couldn't update the login keyring password: no old password was entered
Sep  2 11:48:00 ubuntu sudo: pam_unix(sudo:session): session closed for user root
Sep  2 11:48:05 ubuntu su[9175]: Successful su for root by node
Sep  2 11:48:05 ubuntu su[9175]: + /dev/pts/17 node:root
Sep  2 11:48:05 ubuntu su[9175]: pam_unix(su:session): session opened for user root by (uid=1000)
Sep  2 11:48:05 ubuntu su[9175]: pam_systemd(su:session): Cannot create session: Already running in a session
Sep  2 11:49:09 ubuntu pkexec: pam_unix(polkit-1:session): session opened for user root by (uid=1000)
Sep  2 11:49:09 ubuntu pkexec: pam_systemd(polkit-1:session): Cannot create session: Already running in a session
Sep  2 11:49:09 ubuntu pkexec[9526]: node: Executing command [USER=root] [TTY=unknown] [CWD=/home/node] [COMMAND=/usr/lib/update-notifier/packa
ge-system-locked]
Sep  2 11:49:55 ubuntu sudo:     root : TTY=pts/17 ; PWD=/root ; USER=root ; COMMAND=/usr/bin/apt-get install openssh-server openssh-client
Sep  2 11:49:55 ubuntu sudo: pam_unix(sudo:session): session opened for user root by (uid=0)
Sep  2 11:50:26 ubuntu useradd[10472]: new user: name=sshd, UID=121, GID=65534, home=/var/run/sshd, shell=/usr/sbin/nologin
Sep  2 11:50:26 ubuntu usermod[10477]: change user 'sshd' password
Sep  2 11:50:26 ubuntu chage[10482]: changed password expiry for sshd
Sep  2 11:50:30 ubuntu sshd[10563]: Server listening on 0.0.0.0 port 22.
Sep  2 11:50:30 ubuntu sshd[10563]: Server listening on :: port 22.
Sep  2 11:50:43 ubuntu sudo: pam_unix(sudo:session): session closed for user root
Sep  2 11:51:00 ubuntu sshd[10631]: pam_unix(sshd:auth): authentication failure; logname= uid=0 euid=0 tty=ssh ruser= rhost=192.168.159.130  us
er=root
Sep  2 11:51:02 ubuntu sshd[10631]: Failed password for root from 192.168.159.130 port 50414 ssh2
Sep  2 11:51:09 ubuntu sshd[10631]: message repeated 2 times: [ Failed password for root from 192.168.159.130 port 50414 ssh2]
Sep  2 11:51:09 ubuntu sshd[10631]: Connection closed by 192.168.159.130 port 50414 [preauth]
Sep  2 11:51:09 ubuntu sshd[10631]: PAM 1 more authentication failure; logname= uid=0 euid=0 tty=ssh ruser= rhost=192.168.159.130  user=root
Sep  2 11:51:25 ubuntu pkexec: pam_unix(polkit-1:session): session opened for user root by (uid=1000)
Sep  2 11:51:25 ubuntu pkexec: pam_systemd(polkit-1:session): Cannot create session: Already running in a session
Sep  2 11:51:25 ubuntu pkexec[10638]: node: Executing command [USER=root] [TTY=unknown] [CWD=/home/node] [COMMAND=/usr/lib/update-notifier/pack
age-system-locked]
Sep  2 11:54:00 ubuntu sshd[10687]: Invalid user ubuntu from 192.168.159.130
Sep  2 11:54:00 ubuntu sshd[10687]: input_userauth_request: invalid user ubuntu [preauth]
Sep  2 11:54:00 ubuntu sshd[10687]: Connection closed by 192.168.159.130 port 50430 [preauth]
Sep  2 11:54:01 ubuntu sshd[10689]: Invalid user ubuntu from 192.168.159.130
Sep  2 11:54:01 ubuntu sshd[10689]: input_userauth_request: invalid user ubuntu [preauth]
Sep  2 11:54:01 ubuntu sshd[10689]: Connection closed by 192.168.159.130 port 50432 [preauth]
Sep  2 11:54:01 ubuntu sshd[10691]: Invalid user ubuntu from 192.168.159.130
Sep  2 11:54:01 ubuntu sshd[10691]: input_userauth_request: invalid user ubuntu [preauth]
Sep  2 11:54:08 ubuntu sshd[10691]: pam_unix(sshd:auth): check pass; user unknown
Sep  2 11:54:08 ubuntu sshd[10691]: pam_unix(sshd:auth): authentication failure; logname= uid=0 euid=0 tty=ssh ruser= rhost=192.168.159.130
Sep  2 11:54:09 ubuntu sshd[10691]: Failed password for invalid user ubuntu from 192.168.159.130 port 50434 ssh2
Sep  2 11:54:11 ubuntu sshd[10691]: pam_unix(sshd:auth): check pass; user unknown
Sep  2 11:54:13 ubuntu sshd[10691]: Failed password for invalid user ubuntu from 192.168.159.130 port 50434 ssh2
Sep  2 11:54:39 ubuntu sshd[10691]: Failed password for invalid user ubuntu from 192.168.159.130 port 50434 ssh2
Sep  2 11:54:39 ubuntu sshd[10691]: Connection closed by 192.168.159.130 port 50434 [preauth]
Sep  2 11:54:39 ubuntu sshd[10691]: PAM 1 more authentication failure; logname= uid=0 euid=0 tty=ssh ruser= rhost=192.168.159.130
Sep  2 12:17:02 ubuntu CRON[10738]: pam_unix(cron:session): session opened for user root by (uid=0)
Sep  2 12:17:02 ubuntu CRON[10738]: pam_unix(cron:session): session closed for user root
Sep  2 12:20:42 ubuntu gnome-keyring-daemon[8450]: couldn't initialize slot with master password: The password or PIN is incorrect
Sep  2 12:20:42 ubuntu compiz: gkr-pam: unlocked login keyring
Sep  2 12:32:01 ubuntu gnome-keyring-daemon[8450]: couldn't initialize slot with master password: The password or PIN is incorrect
Sep  2 12:32:01 ubuntu compiz: gkr-pam: unlocked login keyring
Sep  2 12:36:59 ubuntu sshd[10906]: pam_unix(sshd:auth): authentication failure; logname= uid=0 euid=0 tty=ssh ruser= rhost=192.168.159.130  us
er=root
Sep  2 12:37:00 ubuntu sshd[10906]: Failed password for root from 192.168.159.130 port 50804 ssh2
Sep  2 12:37:02 ubuntu sshd[10906]: message repeated 2 times: [ Failed password for root from 192.168.159.130 port 50804 ssh2]
Sep  2 12:37:02 ubuntu sshd[10906]: Connection closed by 192.168.159.130 port 50804 [preauth]
Sep  2 12:45:04 ubuntu sshd[10934]: Invalid user ubuntu from 192.168.159.130
Sep  2 12:45:04 ubuntu sshd[10934]: input_userauth_request: invalid user ubuntu [preauth]
Sep  2 12:45:06 ubuntu sshd[10934]: pam_unix(sshd:auth): check pass; user unknown
Sep  2 12:45:06 ubuntu sshd[10934]: pam_unix(sshd:auth): authentication failure; logname= uid=0 euid=0 tty=ssh ruser= rhost=192.168.159.130
Sep  2 12:45:08 ubuntu sshd[10934]: Failed password for invalid user ubuntu from 192.168.159.130 port 50860 ssh2
Sep  2 12:45:11 ubuntu sshd[10934]: pam_unix(sshd:auth): check pass; user unknown
Sep  2 12:45:13 ubuntu sshd[10934]: Failed password for invalid user ubuntu from 192.168.159.130 port 50860 ssh2
Sep  2 12:45:20 ubuntu sshd[10934]: pam_unix(sshd:auth): check pass; user unknown
Sep  2 12:45:22 ubuntu sshd[10934]: Failed password for invalid user ubuntu from 192.168.159.130 port 50860 ssh2
Sep  2 12:45:22 ubuntu sshd[10934]: Connection closed by 192.168.159.130 port 50860 [preauth]
Sep  2 12:45:22 ubuntu sshd[10934]: PAM 2 more authentication failures; logname= uid=0 euid=0 tty=ssh ruser= rhost=192.168.159.130
Sep  2 12:46:12 ubuntu sshd[10936]: Invalid user ubuntu from 192.168.159.130
Sep  2 12:46:12 ubuntu sshd[10936]: input_userauth_request: invalid user ubuntu [preauth]
Sep  2 12:46:15 ubuntu sshd[10936]: pam_unix(sshd:auth): check pass; user unknown
Sep  2 12:46:15 ubuntu sshd[10936]: pam_unix(sshd:auth): authentication failure; logname= uid=0 euid=0 tty=ssh ruser= rhost=192.168.159.130
Sep  2 12:46:16 ubuntu sshd[10936]: Failed password for invalid user ubuntu from 192.168.159.130 port 50866 ssh2
Sep  2 12:46:18 ubuntu sshd[10936]: message repeated 2 times: [ Failed password for invalid user ubuntu from 192.168.159.130 port 50866 ssh2]
Sep  2 12:46:18 ubuntu sshd[10936]: Connection closed by 192.168.159.130 port 50866 [preauth]
Sep  2 12:46:25 ubuntu gnome-keyring-daemon[8450]: couldn't initialize slot with master password: The password or PIN is incorrect
Sep  2 12:46:25 ubuntu compiz: gkr-pam: unlocked login keyring
Sep  2 12:50:15 ubuntu sshd[10956]: Connection closed by 192.168.159.130 port 50868 [preauth]
Sep  2 12:50:16 ubuntu sshd[10958]: Connection closed by 192.168.159.130 port 50870 [preauth]
Sep  2 12:50:19 ubuntu sshd[10960]: pam_unix(sshd:auth): authentication failure; logname= uid=0 euid=0 tty=ssh ruser= rhost=192.168.159.130  us
er=root
Sep  2 12:50:21 ubuntu sshd[10960]: Failed password for root from 192.168.159.130 port 50872 ssh2
Sep  2 12:51:15 ubuntu sshd[10960]: Failed password for root from 192.168.159.130 port 50872 ssh2
Sep  2 12:51:18 ubuntu sshd[10960]: Connection closed by 192.168.159.130 port 50872 [preauth]
Sep  2 12:51:37 ubuntu sshd[10975]: Invalid user ubuntu from 192.168.159.130
Sep  2 12:51:37 ubuntu sshd[10975]: input_userauth_request: invalid user ubuntu [preauth]
Sep  2 12:51:37 ubuntu sshd[10975]: Connection closed by 192.168.159.130 port 50874 [preauth]
Sep  2 12:51:37 ubuntu sshd[10977]: Invalid user ubuntu from 192.168.159.130
Sep  2 12:51:37 ubuntu sshd[10977]: input_userauth_request: invalid user ubuntu [preauth]
Sep  2 12:51:37 ubuntu sshd[10977]: Connection closed by 192.168.159.130 port 50876 [preauth]
Sep  2 12:51:37 ubuntu sshd[10979]: Invalid user ubuntu from 192.168.159.130
Sep  2 12:51:37 ubuntu sshd[10979]: input_userauth_request: invalid user ubuntu [preauth]
Sep  2 12:51:39 ubuntu sshd[10979]: pam_unix(sshd:auth): check pass; user unknown
Sep  2 12:51:39 ubuntu sshd[10979]: pam_unix(sshd:auth): authentication failure; logname= uid=0 euid=0 tty=ssh ruser= rhost=192.168.159.130
Sep  2 12:51:41 ubuntu sshd[10979]: Failed password for invalid user ubuntu from 192.168.159.130 port 50878 ssh2
Sep  2 12:51:45 ubuntu sshd[10979]: Connection closed by 192.168.159.130 port 50878 [preauth]
Sep  2 13:01:50 ubuntu systemd-logind[3276]: New seat seat0.
Sep  2 13:01:50 ubuntu systemd-logind[3276]: Watching system buttons on /dev/input/event0 (Power Button)
Sep  2 13:01:55 ubuntu sshd[4003]: Server listening on 0.0.0.0 port 22.
Sep  2 13:01:55 ubuntu sshd[4003]: Server listening on :: port 22.
Sep  2 13:02:01 ubuntu sshd[4003]: Received SIGHUP; restarting.
Sep  2 13:02:01 ubuntu sshd[4003]: Server listening on 0.0.0.0 port 22.
Sep  2 13:02:01 ubuntu sshd[4003]: Server listening on :: port 22.
Sep  2 13:02:02 ubuntu sshd[4003]: Received SIGHUP; restarting.
Sep  2 13:02:02 ubuntu sshd[4003]: Server listening on 0.0.0.0 port 22.
Sep  2 13:02:02 ubuntu sshd[4003]: Server listening on :: port 22.
Sep  2 13:02:05 ubuntu lightdm: PAM unable to dlopen(pam_kwallet.so): /lib/security/pam_kwallet.so: cannot open shared object file: No such fil
e or directory
Sep  2 13:02:05 ubuntu lightdm: PAM adding faulty module: pam_kwallet.so
Sep  2 13:02:05 ubuntu lightdm: PAM unable to dlopen(pam_kwallet5.so): /lib/security/pam_kwallet5.so: cannot open shared object file: No such f
ile or directory
Sep  2 13:02:05 ubuntu lightdm: PAM adding faulty module: pam_kwallet5.so
Sep  2 13:02:05 ubuntu lightdm: pam_unix(lightdm-greeter:session): session opened for user lightdm by (uid=0)
Sep  2 13:02:05 ubuntu systemd-logind[3276]: New session c1 of user lightdm.
Sep  2 13:02:05 ubuntu systemd: pam_unix(systemd-user:session): session opened for user lightdm by (uid=0)
Sep  2 13:02:13 ubuntu lightdm: PAM unable to dlopen(pam_kwallet.so): /lib/security/pam_kwallet.so: cannot open shared object file: No such fil
e or directory
Sep  2 13:02:13 ubuntu lightdm: PAM adding faulty module: pam_kwallet.so
Sep  2 13:02:13 ubuntu lightdm: PAM unable to dlopen(pam_kwallet5.so): /lib/security/pam_kwallet5.so: cannot open shared object file: No such f
ile or directory
Sep  2 13:02:13 ubuntu lightdm: PAM adding faulty module: pam_kwallet5.so
Sep  2 13:02:13 ubuntu lightdm: pam_succeed_if(lightdm:auth): requirement "user ingroup nopasswdlogin" not met by user "node"
Sep  2 13:02:34 ubuntu lightdm: pam_unix(lightdm-greeter:session): session closed for user lightdm
Sep  2 13:02:35 ubuntu lightdm: pam_unix(lightdm:session): session opened for user node by (uid=0)
Sep  2 13:02:35 ubuntu systemd: pam_unix(systemd-user:session): session opened for user node by (uid=0)
Sep  2 13:02:35 ubuntu systemd-logind[3276]: New session c2 of user node.
Sep  2 13:02:35 ubuntu dbus[3289]: [system] Rejected send message, 2 matched rules; type="method_call", sender=":1.50" (uid=108 pid=4394 comm="
/usr/lib/x86_64-linux-gnu/indicator-bluetooth/indi") interface="org.freedesktop.DBus.Properties" member="GetAll" error name="(unset)" requested
_reply="0" destination=":1.13" (uid=0 pid=3938 comm="/usr/lib/bluetooth/bluetoothd ")
Sep  2 13:02:35 ubuntu dbus[3289]: [system] Rejected send message, 2 matched rules; type="method_call", sender=":1.50" (uid=108 pid=4394 comm="
/usr/lib/x86_64-linux-gnu/indicator-bluetooth/indi") interface="org.freedesktop.DBus.ObjectManager" member="GetManagedObjects" error name="(uns
et)" requested_reply="0" destination="org.bluez" (uid=0 pid=3938 comm="/usr/lib/bluetooth/bluetoothd ")
Sep  2 13:03:00 ubuntu gnome-keyring-daemon[4459]: The PKCS#11 component was already initialized
Sep  2 13:03:00 ubuntu gnome-keyring-daemon[4459]: The Secret Service was already initialized
Sep  2 13:03:00 ubuntu gnome-keyring-daemon[4459]: The SSH agent was already initialized
Sep  2 13:03:09 ubuntu polkitd(authority=local): Registered Authentication Agent for unix-session:c2 (system bus name :1.78 [/usr/lib/policykit
-1-gnome/polkit-gnome-authentication-agent-1], object path /org/gnome/PolicyKit1/AuthenticationAgent, locale en_US.UTF-8)
Sep  2 13:04:06 ubuntu systemd-logind[3276]: Removed session c1.
Sep  2 13:04:19 ubuntu pkexec: pam_unix(polkit-1:session): session opened for user root by (uid=1000)
Sep  2 13:04:19 ubuntu pkexec: pam_systemd(polkit-1:session): Cannot create session: Already running in a session
Sep  2 13:04:19 ubuntu pkexec[5130]: node: Executing command [USER=root] [TTY=unknown] [CWD=/home/node] [COMMAND=/usr/lib/update-notifier/packa
ge-system-locked]
Sep  2 13:08:29 ubuntu polkitd(authority=local): Operator of unix-session:c2 successfully authenticated as unix-user:node to gain ONE-SHOT auth
orization for action com.ubuntu.release-upgrader.release-upgrade for unix-process:4607:9860 [/bin/sh -c /usr/bin/pkexec /usr/bin/do-release-upg
rade --frontend=DistUpgradeViewGtk3] (owned by unix-user:node)
Sep  2 13:08:29 ubuntu pkexec: pam_unix(polkit-1:session): session opened for user root by (uid=1000)
Sep  2 13:08:29 ubuntu pkexec: pam_systemd(polkit-1:session): Cannot create session: Already running in a session
Sep  2 13:08:29 ubuntu pkexec[5167]: node: Executing command [USER=root] [TTY=unknown] [CWD=/home/node] [COMMAND=/usr/bin/do-release-upgrade --
frontend=DistUpgradeViewGtk3]
Sep  2 13:09:57 ubuntu su[5525]: Successful su for root by node
Sep  2 13:09:57 ubuntu su[5525]: + /dev/pts/1 node:root
Sep  2 13:09:57 ubuntu su[5525]: pam_unix(su:session): session opened for user root by (uid=1000)
Sep  2 13:09:57 ubuntu su[5525]: pam_systemd(su:session): Cannot create session: Already running in a session
Sep  2 13:10:12 ubuntu pkexec: pam_unix(polkit-1:session): session opened for user root by (uid=1000)
Sep  2 13:10:12 ubuntu pkexec: pam_systemd(polkit-1:session): Cannot create session: Already running in a session
Sep  2 13:10:12 ubuntu pkexec[5544]: node: Executing command [USER=root] [TTY=unknown] [CWD=/home/node] [COMMAND=/usr/lib/update-notifier/packa
ge-system-locked]
Sep  2 13:10:20 ubuntu sudo:     root : TTY=pts/1 ; PWD=/root ; USER=root ; COMMAND=/usr/bin/apt-get update
Sep  2 13:10:20 ubuntu sudo: pam_unix(sudo:session): session opened for user root by (uid=0)
Sep  2 13:10:59 ubuntu sudo: pam_unix(sudo:session): session closed for user root
Sep  2 13:13:22 ubuntu pkexec: pam_unix(polkit-1:session): session opened for user root by (uid=1000)
Sep  2 13:13:22 ubuntu pkexec: pam_systemd(polkit-1:session): Cannot create session: Already running in a session
Sep  2 13:13:22 ubuntu pkexec[8655]: node: Executing command [USER=root] [TTY=unknown] [CWD=/home/node] [COMMAND=/usr/lib/update-notifier/packa
ge-system-locked]
Sep  2 13:13:29 ubuntu groupadd[8768]: group added to /etc/group: name=docker, GID=129
Sep  2 13:13:29 ubuntu groupadd[8768]: group added to /etc/gshadow: name=docker
Sep  2 13:13:29 ubuntu groupadd[8768]: new group: name=docker, GID=129
Sep  2 13:13:38 ubuntu sshd[4003]: Received SIGHUP; restarting.
Sep  2 13:13:38 ubuntu sshd[4003]: Server listening on 0.0.0.0 port 22.
Sep  2 13:13:38 ubuntu sshd[4003]: Server listening on :: port 22.
Sep  2 13:16:21 ubuntu pkexec: pam_unix(polkit-1:session): session opened for user root by (uid=1000)
Sep  2 13:16:21 ubuntu pkexec: pam_systemd(polkit-1:session): Cannot create session: Already running in a session
Sep  2 13:16:21 ubuntu pkexec[9344]: node: Executing command [USER=root] [TTY=unknown] [CWD=/home/node] [COMMAND=/usr/lib/update-notifier/packa
ge-system-locked]
Sep  2 13:17:02 ubuntu CRON[9404]: pam_unix(cron:session): session opened for user root by (uid=0)
Sep  2 13:17:02 ubuntu CRON[9404]: pam_unix(cron:session): session closed for user root
Sep  2 13:53:05 ubuntu compiz: gkr-pam: unlocked login keyring
Sep  7 12:35:21 ubuntu dbus[3289]: [system] Rejected send message, 3 matched rules; type="error", sender=":1.69" (uid=1000 pid=4794 comm="/usr/
bin/pulseaudio --start --log-target=syslog ") interface="(unset)" member="(unset)" error name="org.bluez.MediaEndpoint1.Error.NotImplemented" r
equested_reply="0" destination=":1.13" (uid=0 pid=3938 comm="/usr/lib/bluetooth/bluetoothd ")
Sep  7 12:35:21 ubuntu dbus[3289]: message repeated 3 times: [ [system] Rejected send message, 3 matched rules; type="error", sender=":1.69" (u
id=1000 pid=4794 comm="/usr/bin/pulseaudio --start --log-target=syslog ") interface="(unset)" member="(unset)" error name="org.bluez.MediaEndpo
int1.Error.NotImplemented" requested_reply="0" destination=":1.13" (uid=0 pid=3938 comm="/usr/lib/bluetooth/bluetoothd ")]
Sep  7 12:35:33 ubuntu sshd[4003]: Received SIGHUP; restarting.
Sep  7 12:35:34 ubuntu sshd[4003]: Server listening on 0.0.0.0 port 22.
Sep  7 12:35:34 ubuntu sshd[4003]: Server listening on :: port 22.
Sep  7 12:35:36 ubuntu sshd[4003]: Received SIGHUP; restarting.
Sep  7 12:35:36 ubuntu sshd[4003]: Server listening on 0.0.0.0 port 22.
Sep  7 12:35:36 ubuntu sshd[4003]: Server listening on :: port 22.
Sep  7 12:36:59 ubuntu pkexec: pam_unix(polkit-1:session): session opened for user root by (uid=1000)
Sep  7 12:36:59 ubuntu pkexec: pam_systemd(polkit-1:session): Cannot create session: Already running in a session
Sep  7 12:36:59 ubuntu pkexec[14222]: node: Executing command [USER=root] [TTY=unknown] [CWD=/home/node] [COMMAND=/usr/lib/update-notifier/pack
age-system-locked]
Sep  7 12:39:52 ubuntu pkexec: pam_unix(polkit-1:session): session opened for user root by (uid=1000)
Sep  7 12:39:52 ubuntu pkexec: pam_systemd(polkit-1:session): Cannot create session: Already running in a session
Sep  7 12:39:52 ubuntu pkexec[14492]: node: Executing command [USER=root] [TTY=unknown] [CWD=/home/node] [COMMAND=/usr/lib/update-notifier/pack
age-system-locked]
Sep  7 12:49:45 ubuntu compiz: gkr-pam: unlocked login keyring
Sep  8 09:26:31 ubuntu dbus[3289]: [system] Rejected send message, 3 matched rules; type="error", sender=":1.69" (uid=1000 pid=4794 comm="/usr/
bin/pulseaudio --start --log-target=syslog ") interface="(unset)" member="(unset)" error name="org.bluez.MediaEndpoint1.Error.NotImplemented" r
equested_reply="0" destination=":1.13" (uid=0 pid=3938 comm="/usr/lib/bluetooth/bluetoothd ")
Sep  8 09:26:31 ubuntu dbus[3289]: [system] Rejected send message, 3 matched rules; type="error", sender=":1.69" (uid=1000 pid=4794 comm="/usr/
bin/pulseaudio --start --log-target=syslog ") interface="(unset)" member="(unset)" error name="org.bluez.MediaEndpoint1.Error.NotImplemented" r
equested_reply="0" destination=":1.13" (uid=0 pid=3938 comm="/usr/lib/bluetooth/bluetoothd ")
Sep  8 09:26:32 ubuntu dbus[3289]: [system] Rejected send message, 3 matched rules; type="error", sender=":1.69" (uid=1000 pid=4794 comm="/usr/
bin/pulseaudio --start --log-target=syslog ") interface="(unset)" member="(unset)" error name="org.bluez.MediaEndpoint1.Error.NotImplemented" r
equested_reply="0" destination=":1.13" (uid=0 pid=3938 comm="/usr/lib/bluetooth/bluetoothd ")
Sep  8 09:26:32 ubuntu dbus[3289]: [system] Rejected send message, 3 matched rules; type="error", sender=":1.69" (uid=1000 pid=4794 comm="/usr/
bin/pulseaudio --start --log-target=syslog ") interface="(unset)" member="(unset)" error name="org.bluez.MediaEndpoint1.Error.NotImplemented" r
equested_reply="0" destination=":1.13" (uid=0 pid=3938 comm="/usr/lib/bluetooth/bluetoothd ")
Sep  8 09:28:03 ubuntu pkexec: pam_unix(polkit-1:session): session opened for user root by (uid=1000)
Sep  8 09:28:03 ubuntu pkexec: pam_systemd(polkit-1:session): Cannot create session: Already running in a session
Sep  8 09:28:03 ubuntu pkexec[15017]: node: Executing command [USER=root] [TTY=unknown] [CWD=/home/node] [COMMAND=/usr/lib/update-notifier/pack
age-system-locked]
Sep  8 09:38:38 ubuntu dbus[3289]: [system] Failed to activate service 'org.debian.apt': timed out
Sep  8 09:40:25 ubuntu compiz: gkr-pam: unlocked login keyring
Sep  8 09:44:59 ubuntu sshd[15326]: Connection closed by 192.168.159.133 port 47600 [preauth]
Sep  8 09:45:00 ubuntu sshd[15328]: Connection closed by 192.168.159.133 port 47602 [preauth]
Sep  8 09:45:03 ubuntu sshd[15330]: pam_unix(sshd:auth): authentication failure; logname= uid=0 euid=0 tty=ssh ruser= rhost=192.168.159.133  us
er=root
Sep  8 09:45:05 ubuntu sshd[15330]: Failed password for root from 192.168.159.133 port 47604 ssh2
Sep  8 09:45:11 ubuntu sshd[15330]: Failed password for root from 192.168.159.133 port 47604 ssh2
Sep  8 09:45:11 ubuntu sshd[15330]: Connection closed by 192.168.159.133 port 47604 [preauth]
Sep  8 09:45:11 ubuntu sshd[15330]: PAM 1 more authentication failure; logname= uid=0 euid=0 tty=ssh ruser= rhost=192.168.159.133  user=root
Sep  8 09:49:10 ubuntu sshd[4003]: Received signal 15; terminating.
Sep  8 09:50:51 knode systemd-logind[3082]: New seat seat0.
Sep  8 09:50:51 knode systemd-logind[3082]: Watching system buttons on /dev/input/event0 (Power Button)
Sep  8 09:50:53 knode sshd[3366]: Server listening on 0.0.0.0 port 22.
Sep  8 09:50:53 knode sshd[3366]: Server listening on :: port 22.
Sep  8 09:51:05 knode sshd[3366]: Received SIGHUP; restarting.
Sep  8 09:51:05 knode sshd[3366]: Server listening on 0.0.0.0 port 22.
Sep  8 09:51:05 knode sshd[3366]: Server listening on :: port 22.
Sep  8 09:51:07 knode sshd[3366]: Received SIGHUP; restarting.
Sep  8 09:51:07 knode sshd[3366]: Server listening on 0.0.0.0 port 22.
Sep  8 09:51:07 knode sshd[3366]: Server listening on :: port 22.
Sep  8 09:51:08 knode lightdm: PAM unable to dlopen(pam_kwallet.so): /lib/security/pam_kwallet.so: cannot open shared object file: No such file
 or directory
Sep  8 09:51:08 knode lightdm: PAM adding faulty module: pam_kwallet.so
Sep  8 09:51:08 knode lightdm: PAM unable to dlopen(pam_kwallet5.so): /lib/security/pam_kwallet5.so: cannot open shared object file: No such fi
le or directory
Sep  8 09:51:08 knode lightdm: PAM adding faulty module: pam_kwallet5.so
Sep  8 09:51:09 knode lightdm: pam_unix(lightdm-greeter:session): session opened for user lightdm by (uid=0)
Sep  8 09:51:09 knode systemd-logind[3082]: New session c1 of user lightdm.
Sep  8 09:51:09 knode systemd: pam_unix(systemd-user:session): session opened for user lightdm by (uid=0)
Sep  8 09:51:21 knode sshd[3366]: Received SIGHUP; restarting.
Sep  8 09:51:21 knode sshd[3366]: Server listening on 0.0.0.0 port 22.
Sep  8 09:51:21 knode sshd[3366]: Server listening on :: port 22.
Sep  8 09:51:22 knode lightdm: PAM unable to dlopen(pam_kwallet.so): /lib/security/pam_kwallet.so: cannot open shared object file: No such file
 or directory
Sep  8 09:51:22 knode lightdm: PAM adding faulty module: pam_kwallet.so
Sep  8 09:51:22 knode lightdm: PAM unable to dlopen(pam_kwallet5.so): /lib/security/pam_kwallet5.so: cannot open shared object file: No such fi
le or directory
Sep  8 09:51:22 knode lightdm: PAM adding faulty module: pam_kwallet5.so
Sep  8 09:51:22 knode lightdm: pam_succeed_if(lightdm:auth): requirement "user ingroup nopasswdlogin" not met by user "node"
Sep  8 09:52:07 knode lightdm: pam_unix(lightdm-greeter:session): session closed for user lightdm
Sep  8 09:52:07 knode lightdm: pam_unix(lightdm:session): session opened for user node by (uid=0)
Sep  8 09:52:08 knode systemd-logind[3082]: New session c2 of user node.
Sep  8 09:52:08 knode systemd: pam_unix(systemd-user:session): session opened for user node by (uid=0)
Sep  8 09:52:26 knode gnome-keyring-daemon[5023]: The PKCS#11 component was already initialized
Sep  8 09:52:26 knode gnome-keyring-daemon[5023]: The Secret Service was already initialized
Sep  8 09:52:27 knode gnome-keyring-daemon[5023]: The SSH agent was already initialized
Sep  8 09:52:33 knode polkitd(authority=local): Registered Authentication Agent for unix-session:c2 (system bus name :1.75 [/usr/lib/policykit-
1-gnome/polkit-gnome-authentication-agent-1], object path /org/gnome/PolicyKit1/AuthenticationAgent, locale en_US.UTF-8)
Sep  8 09:53:11 knode systemd-logind[3082]: Removed session c1.
Sep  8 09:53:44 knode pkexec: pam_unix(polkit-1:session): session opened for user root by (uid=1000)
Sep  8 09:53:44 knode pkexec: pam_systemd(polkit-1:session): Cannot create session: Already running in a session
root@knode:~# 
root@knode:~# 
root@knode:~# ifconfig -a
docker0   Link encap:Ethernet  HWaddr 02:42:af:fa:ff:6f  
          inet addr:172.17.0.1  Bcast:0.0.0.0  Mask:255.255.0.0
          UP BROADCAST MULTICAST  MTU:1500  Metric:1
          RX packets:0 errors:0 dropped:0 overruns:0 frame:0
          TX packets:0 errors:0 dropped:0 overruns:0 carrier:0
          collisions:0 txqueuelen:0 
          RX bytes:0 (0.0 B)  TX bytes:0 (0.0 B)

ens33     Link encap:Ethernet  HWaddr 00:0c:29:f8:87:2b  
          inet addr:192.168.159.131  Bcast:192.168.159.255  Mask:255.255.255.0
          inet6 addr: fe80::52cf:59d:1aab:a990/64 Scope:Link
          UP BROADCAST RUNNING MULTICAST  MTU:1500  Metric:1
          RX packets:529 errors:0 dropped:0 overruns:0 frame:0
          TX packets:303 errors:0 dropped:0 overruns:0 carrier:0
          collisions:0 txqueuelen:1000 
          RX bytes:503326 (503.3 KB)  TX bytes:23343 (23.3 KB)

lo        Link encap:Local Loopback  
          inet addr:127.0.0.1  Mask:255.0.0.0
          inet6 addr: ::1/128 Scope:Host
          UP LOOPBACK RUNNING  MTU:65536  Metric:1
          RX packets:240 errors:0 dropped:0 overruns:0 frame:0
          TX packets:240 errors:0 dropped:0 overruns:0 carrier:0
          collisions:0 txqueuelen:1 
          RX bytes:20004 (20.0 KB)  TX bytes:20004 (20.0 KB)

root@knode:~# 
root@knode:~# 
root@knode:~# 
root@knode:~# 
root@knode:~# useradd -d /home/ansadm -m ansadm
root@knode:~# passwd ansadm
Enter new UNIX password: 
Retype new UNIX password: 
passwd: password updated successfully
root@knode:~# 
root@knode:~# 
root@knode:~# 
root@knode:~# 
root@knode:~# su - ansadm
ansadm@knode:~$ 
ansadm@knode:~$ 
ansadm@knode:~$ 
ansadm@knode:~$ 
ansadm@knode:~$ 
ansadm@knode:~$ 
ansadm@knode:~$ 
ansadm@knode:~$ ls -la
total 32
drwxr-xr-x 2 ansadm ansadm 4096 Sep  9 00:02 .
drwxr-xr-x 4 root   root   4096 Sep  9 00:02 ..
-rw-r--r-- 1 ansadm ansadm  220 Aug 31  2015 .bash_logout
-rw-r--r-- 1 ansadm ansadm 3771 Aug 31  2015 .bashrc
-rw-r--r-- 1 ansadm ansadm 8980 Apr 20  2016 examples.desktop
-rw-r--r-- 1 ansadm ansadm  655 Jun 24  2016 .profile
ansadm@knode:~$ 
ansadm@knode:~$ 
ansadm@knode:~$ 
ansadm@knode:~$ pwd
/home/ansadm
ansadm@knode:~$ 
ansadm@knode:~$ mkdir .ssh
ansadm@knode:~$ 
ansadm@knode:~$ 
ansadm@knode:~$ chmod 700 .ssh
ansadm@knode:~$ 
ansadm@knode:~$ chown ansadm:ansadm .ssh/
ansadm@knode:~$ 
ansadm@knode:~$ 
ansadm@knode:~$ vi authorized_keys
ansadm@knode:~$ ll
total 36
drwxr-xr-x 3 ansadm ansadm 4096 Sep  9 00:06 ./
drwxr-xr-x 4 root   root   4096 Sep  9 00:02 ../
-rw-r--r-- 1 ansadm ansadm  220 Aug 31  2015 .bash_logout
-rw-r--r-- 1 ansadm ansadm 3771 Aug 31  2015 .bashrc
-rw-r--r-- 1 ansadm ansadm 8980 Apr 20  2016 examples.desktop
-rw-r--r-- 1 ansadm ansadm  655 Jun 24  2016 .profile
drwx------ 2 ansadm ansadm 4096 Sep  9 00:04 .ssh/
ansadm@knode:~$ 
ansadm@knode:~$ cd .ssh/
ansadm@knode:~/.ssh$ 
ansadm@knode:~/.ssh$ 
ansadm@knode:~/.ssh$ 
ansadm@knode:~/.ssh$ vi authorized_keys
ansadm@knode:~/.ssh$ 
ansadm@knode:~/.ssh$ 
ansadm@knode:~/.ssh$ ll
total 12
drwx------ 2 ansadm ansadm 4096 Sep  9 00:07 ./
drwxr-xr-x 3 ansadm ansadm 4096 Sep  9 00:06 ../
-rw-rw-r-- 1 ansadm ansadm  266 Sep  9 00:07 authorized_keys
ansadm@knode:~/.ssh$ 
ansadm@knode:~/.ssh$ chmod 600 authorized_keys 
ansadm@knode:~/.ssh$ 
ansadm@knode:~/.ssh$ 
ansadm@knode:~/.ssh$ 
ansadm@knode:~/.ssh$ cd /
ansadm@knode:/$ 
ansadm@knode:/$ 
ansadm@knode:/$ ssh 192.168.159.133
The authenticity of host '192.168.159.133 (192.168.159.133)' can't be established.
ECDSA key fingerprint is SHA256:kED1Cb75npV/Q79JsaxryPgladyS21TSO0JIEtKTALw.
Are you sure you want to continue connecting (yes/no)? yes
Warning: Permanently added '192.168.159.133' (ECDSA) to the list of known hosts.
ansadm@192.168.159.133's password: 
Welcome to Ubuntu 18.04.1 LTS (GNU/Linux 4.15.0-29-generic x86_64)

 * Documentation:  https://help.ubuntu.com
 * Management:     https://landscape.canonical.com
 * Support:        https://ubuntu.com/advantage

 * Canonical Livepatch is available for installation.
   - Reduce system reboots and improve kernel security. Activate at:
     https://ubuntu.com/livepatch

62 packages can be updated.
0 updates are security updates.

*** System restart required ***

The programs included with the Ubuntu system are free software;
the exact distribution terms for each program are described in the
individual files in /usr/share/doc/*/copyright.

Ubuntu comes with ABSOLUTELY NO WARRANTY, to the extent permitted by
applicable law.

$ 
$ 
$ 
$ exit
Connection to 192.168.159.133 closed.
ansadm@knode:/$ 
ansadm@knode:/$ 
ansadm@knode:/$ 
ansadm@knode:/$ 
ansadm@knode:/$ exit
logout
root@knode:~# 
root@knode:~# 
root@knode:~# 
root@knode:~# ls -l /etc/anacrontab 
-rw-r--r-- 1 root root 401 Dec 28  2014 /etc/anacrontab
root@knode:~# ls -l /etc/ansible
ls: cannot access '/etc/ansible': No such file or directory
root@knode:~# ls -l /etc/ansible/hosts
ls: cannot access '/etc/ansible/hosts': No such file or directory
root@knode:~# 
root@knode:~# 
root@knode:~# cd /etc/ansible
-su: cd: /etc/ansible: No such file or directory
root@knode:~# 
root@knode:~# 
root@knode:~# ls -l /root/.ssh/
total 4
-rw-r--r-- 1 root root 666 Sep  8 23:09 known_hosts
root@knode:~# 
root@knode:~# cd /root/.ssh/
root@knode:~/.ssh# ll
total 12
drwx------  2 root root 4096 Sep  2 12:46 ./
drwx------ 11 root root 4096 Sep  8 23:45 ../
-rw-r--r--  1 root root  666 Sep  8 23:09 known_hosts
root@knode:~/.ssh# 
root@knode:~/.ssh# 
root@knode:~/.ssh# cat known_hosts 
|1|MTKJnLwlguG6cAnDxAGWg83fM1Y=|UKZpB0Vr/8zMi4cL/0HUZ73DTzc= ecdsa-sha2-nistp256 AAAAE2VjZHNhLXNoYTItbmlzdHAyNTYAAAAIbmlzdHAyNTYAAABBBJ23+DIaaKHuZNyUopqvsX1+e5mUt30DIAi2yFr6JMFqaGa8usly53nh2xfG7UXhUVDL4XTRReZYxYUWIYL2Zkg=
|1|4PktJlQHUcEop/qk1hkxVGvmyo4=|4Wr7Yo2/hlU/onHdO0Fh8XGEVK8= ecdsa-sha2-nistp256 AAAAE2VjZHNhLXNoYTItbmlzdHAyNTYAAAAIbmlzdHAyNTYAAABBBM/4uVux7fYaLo2i3aUA0t2hu06kc6zFvI03qiMwCmrVC/DdeY9AMb1rmzUfyLTGqdoyRllaxnev6sGEvy7+6tw=
|1|5dprZgzMSxy1M0g3ZY0hdjNkZQ0=|c7fsF4Pw6GRurTz9xuJAIcZZzx4= ecdsa-sha2-nistp256 AAAAE2VjZHNhLXNoYTItbmlzdHAyNTYAAAAIbmlzdHAyNTYAAABBBM/4uVux7fYaLo2i3aUA0t2hu06kc6zFvI03qiMwCmrVC/DdeY9AMb1rmzUfyLTGqdoyRllaxnev6sGEvy7+6tw=
root@knode:~/.ssh# 
root@knode:~/.ssh# 
root@knode:~/.ssh# 
root@knode:~/.ssh# 
root@knode:~/.ssh# vi authorized_keys
root@knode:~/.ssh# 
root@knode:~/.ssh# ll
total 12
drwx------  2 root root 4096 Sep  9 00:28 ./
drwx------ 11 root root 4096 Sep  8 23:45 ../
-rw-r--r--  1 root root  666 Sep  8 23:09 known_hosts
root@knode:~/.ssh# 
root@knode:~/.ssh# cd ..
root@knode:~# 
root@knode:~# ssh 192.168.159.130
root@192.168.159.130's password: 
Permission denied, please try again.
root@192.168.159.130's password: 

root@knode:~# 
root@knode:~# 
root@knode:~# 
root@knode:~# 
root@knode:~# 
root@knode:~# 
root@knode:~# 
root@knode:~# 
root@knode:~# 
root@knode:~# docker ps
CONTAINER ID        IMAGE               COMMAND             CREATED             STATUS              PORTS               NAMES
root@knode:~# 
root@knode:~# 
root@knode:~# 
root@knode:~# 
root@knode:~# 
root@knode:~# docker pulls chogini/docker-ansible-ssh-node-ubuntu
docker: 'pulls' is not a docker command.
See 'docker --help'
root@knode:~# docker pull schogini/docker-ansible-ssh-node-ubuntu
Using default tag: latest
latest: Pulling from schogini/docker-ansible-ssh-node-ubuntu
Digest: sha256:5340eb95412d0a96c16492589d910ee99f72eccdb3520894953baf06dcccb680
Status: Image is up to date for schogini/docker-ansible-ssh-node-ubuntu:latest
root@knode:~# 
root@knode:~# 
root@knode:~# 
root@knode:~# docker ps
CONTAINER ID        IMAGE               COMMAND             CREATED             STATUS              PORTS               NAMES
root@knode:~# docker images
REPOSITORY                                TAG                 IMAGE ID            CREATED             SIZE
schogini/docker-ansible-ws-ubuntu         latest              54dc3f18328e        5 months ago        492 MB
schogini/docker-ansible-ssh-node-ubuntu   latest              a7d908302165        11 months ago       256 MB
root@knode:~# 
root@knode:~# 
root@knode:~# 
root@knode:~# 
root@knode:~# 
root@knode:~# docker run -d –p  80 --name node1 schogini/docker-ansible-ssh-node-ubuntu
docker: Error parsing reference: "–p" is not a valid repository/tag: invalid reference format.
See 'docker run --help'.
root@knode:~# docker run -d –p80 --name node1 schogini/docker-ansible-ssh-node-ubuntu
docker: Error parsing reference: "–p80" is not a valid repository/tag: invalid reference format.
See 'docker run --help'.
root@knode:~# 
root@knode:~# 
root@knode:~# docker run -d -p80 --name node1 schogini/docker-ansible-ssh-node-ubuntu
docker: Error response from daemon: Conflict. The container name "/node1" is already in use by container 51d79b83bc981e6713df191d9f72444d531dc225dbb1382acdfa53f02520ce72. You have to remove (or rename) that container to be able to reuse that name..
See 'docker run --help'.
root@knode:~# 
root@knode:~# 
root@knode:~# docker ps -a
CONTAINER ID        IMAGE                                     COMMAND               CREATED             STATUS                      PORTS                           NAMES
d606f5a16f90        schogini/docker-ansible-ssh-node-ubuntu   "/usr/sbin/sshd -D"   6 days ago          Exited (255) 14 hours ago   22/tcp, 0.0.0.0:32770->80/tcp   node3
96f5838dfce8        schogini/docker-ansible-ssh-node-ubuntu   "/usr/sbin/sshd -D"   6 days ago          Exited (255) 14 hours ago   22/tcp, 0.0.0.0:32769->80/tcp   node2
51d79b83bc98        schogini/docker-ansible-ssh-node-ubuntu   "/usr/sbin/sshd -D"   6 days ago          Exited (255) 14 hours ago   22/tcp, 0.0.0.0:32768->80/tcp   node1
root@knode:~# 
root@knode:~# 
root@knode:~# 
root@knode:~# docker run -d -p80 --name node4 schogini/docker-ansible-ssh-node-ubuntu
c2f7663d1c5d2a49544898f7ce25ef7559786ab070257d36728409e8d7973953


root@knode:~# 
root@knode:~# 
root@knode:~# docker ps
CONTAINER ID        IMAGE                                     COMMAND               CREATED             STATUS              PORTS                           NAMES
c2f7663d1c5d        schogini/docker-ansible-ssh-node-ubuntu   "/usr/sbin/sshd -D"   10 seconds ago      Up 5 seconds        22/tcp, 0.0.0.0:32768->80/tcp   node4
root@knode:~# docker ps -a
CONTAINER ID        IMAGE                                     COMMAND               CREATED             STATUS                      PORTS                           NAMES
c2f7663d1c5d        schogini/docker-ansible-ssh-node-ubuntu   "/usr/sbin/sshd -D"   16 seconds ago      Up 11 seconds               22/tcp, 0.0.0.0:32768->80/tcp   node4
d606f5a16f90        schogini/docker-ansible-ssh-node-ubuntu   "/usr/sbin/sshd -D"   6 days ago          Exited (255) 14 hours ago   22/tcp, 0.0.0.0:32770->80/tcp   node3
96f5838dfce8        schogini/docker-ansible-ssh-node-ubuntu   "/usr/sbin/sshd -D"   6 days ago          Exited (255) 14 hours ago   22/tcp, 0.0.0.0:32769->80/tcp   node2
51d79b83bc98        schogini/docker-ansible-ssh-node-ubuntu   "/usr/sbin/sshd -D"   6 days ago          Exited (255) 14 hours ago   22/tcp, 0.0.0.0:32768->80/tcp   node1
root@knode:~# docker attach 51d79b83bc98
You cannot attach to a stopped container, start it first
root@knode:~# 
root@knode:~# docker start 51d79b83bc98
51d79b83bc98
root@knode:~# docker start 96f5838dfce8
96f5838dfce8
root@knode:~# docker start d606f5a16f90
d606f5a16f90
root@knode:~# 
root@knode:~# 
root@knode:~# 
root@knode:~# docker ps
CONTAINER ID        IMAGE                                     COMMAND               CREATED              STATUS              PORTS                           NAMES
c2f7663d1c5d        schogini/docker-ansible-ssh-node-ubuntu   "/usr/sbin/sshd -D"   About a minute ago   Up About a minute   22/tcp, 0.0.0.0:32768->80/tcp   node4
d606f5a16f90        schogini/docker-ansible-ssh-node-ubuntu   "/usr/sbin/sshd -D"   6 days ago           Up 2 seconds        22/tcp, 0.0.0.0:32771->80/tcp   node3
96f5838dfce8        schogini/docker-ansible-ssh-node-ubuntu   "/usr/sbin/sshd -D"   6 days ago           Up 15 seconds       22/tcp, 0.0.0.0:32770->80/tcp   node2
51d79b83bc98        schogini/docker-ansible-ssh-node-ubuntu   "/usr/sbin/sshd -D"   6 days ago           Up 27 seconds       22/tcp, 0.0.0.0:32769->80/tcp   node1
root@knode:~# 
root@knode:~# 
root@knode:~# 
root@knode:~# 
root@knode:~# docker inspect --format = '{{.NetworkSettings.IPAddress}}' node1 node2 node3 node4

Error: No such object: {{.NetworkSettings.IPAddress}}
root@knode:~# 
root@knode:~# 
root@knode:~# docker inspect --format '{{.NetworkSettings.IPAddress}}' node1 node2 node3 node4
172.17.0.3
172.17.0.4
172.17.0.5
172.17.0.2
root@knode:~# 
root@knode:~# 
root@knode:~# 
root@knode:~# 
root@knode:~# docker inspect --format '{{.NetworkSettings.IPAddress}}' node1
172.17.0.3
root@knode:~# docker inspect --format '{{.NetworkSettings.IPAddress}}' node2
172.17.0.4
root@knode:~# docker inspect --format '{{.NetworkSettings.IPAddress}}' node3
172.17.0.5
root@knode:~# docker inspect --format '{{.NetworkSettings.IPAddress}}' node4
172.17.0.2
root@knode:~# 
root@knode:~# 
root@knode:~# docker pull schogini/docker-ansible-ws-ubuntu
Using default tag: latest
latest: Pulling from schogini/docker-ansible-ws-ubuntu
Digest: sha256:d32b81faf3c8234f5126e2d83dbcb114cecc2a2b10132a4ce5fafd01d7de5f8a
Status: Image is up to date for schogini/docker-ansible-ws-ubuntu:latest
root@knode:~# 
root@knode:~# 
root@knode:~# ls
authorized_keys  ws
root@knode:~# cd ws
root@knode:~/ws# 
root@knode:~/ws# 
root@knode:~/ws# ll
total 12
drwxr-xr-x  3 root root 4096 Sep  2 13:36 ./
drwx------ 11 root root 4096 Sep  8 23:45 ../
drwxr-xr-x  5 root root 4096 Sep  2 14:05 ansible/
root@knode:~/ws# 
root@knode:~/ws# 
root@knode:~/ws# cd ansible/
root@knode:~/ws/ansible# ll
total 112
drwxr-xr-x 5 root root  4096 Sep  2 14:05 ./
drwxr-xr-x 3 root root  4096 Sep  2 13:36 ../
-rw-r--r-- 1 root root 19839 Mar 29 00:04 ansible.cfg
-rwxr-xr-x 1 root root   133 Mar 29 00:04 ansible-ws.sh*
-rw-r--r-- 1 root root   230 Sep  2 14:05 apache.yml
-rw-r--r-- 1 root root    18 Mar 29 00:04 copy-file-playbook.retry
-rw-r--r-- 1 root root   124 Mar 29 00:04 copy-file-playbook.yml
-rw-r--r-- 1 root root    35 Mar 29 00:04 copyme.txt
-rwxr-xr-x 1 root root  1216 Mar 29 00:04 customweb-playbook.yml*
-rw-r--r-- 1 root root   128 Mar 29 00:04 first_playbook-rm.yml
-rw-r--r-- 1 root root   126 Mar 29 00:04 first_playbook.yml
drwxr-xr-x 8 root root  4096 Mar 29 00:04 .git/
-rw-r--r-- 1 root root    45 Sep  2 13:38 hosts
-rw-r--r-- 1 root root   327 Mar 29 00:04 nodes.sh
-rw-r--r-- 1 root root    22 Sep  2 13:58 ntpd.retry
-rw-r--r-- 1 root root   214 Sep  2 13:59 ntpd.yml
-rw-r--r-- 1 root root   137 Mar 29 00:04 playbook-git.yml
-rw-r--r-- 1 root root    47 Mar 29 00:04 playbook.yml
drwxr-xr-x 4 root root  4096 Mar 29 00:04 roles/
-rw-r--r-- 1 root root   137 Mar 29 00:04 simpleweb_playbook-with-role-pass-vars.yml
-rw-r--r-- 1 root root    18 Mar 29 00:04 simpleweb_playbook-with-role.retry
-rw-r--r-- 1 root root    73 Mar 29 00:04 simpleweb_playbook-with-role.yml
-rw-r--r-- 1 root root   722 Mar 29 00:04 simpleweb_playbook.yml
drwxr-xr-x 3 root root  4096 Mar 29 00:04 tmp/
root@knode:~/ws/ansible# 
root@knode:~/ws/ansible# 
root@knode:~/ws/ansible# cd ..
root@knode:~/ws# 
root@knode:~/ws# 
root@knode:~/ws# 
root@knode:~/ws# nano ansible/hosts 
root@knode:~/ws# 
root@knode:~/ws# 
root@knode:~/ws# 
root@knode:~/ws# 
root@knode:~/ws# 
root@knode:~/ws# 
root@knode:~/ws# 
root@knode:~/ws# 
root@knode:~/ws# 
root@knode:~/ws# docker run --rm -v $PWD/ansible:/etc/ansible schogini/docker-ansible-ws-ubuntu ansible all -m ping
172.17.0.2 | SUCCESS => {
    "changed": false, 
    "failed": false, 
    "ping": "pong"
}
172.17.0.4 | SUCCESS => {
    "changed": false, 
    "failed": false, 
    "ping": "pong"
}
172.17.0.3 | SUCCESS => {
    "changed": false, 
    "failed": false, 
    "ping": "pong"
}
172.17.0.5 | SUCCESS => {
    "changed": false, 
    "failed": false, 
    "ping": "pong"
}
root@knode:~/ws# 
root@knode:~/ws# 
root@knode:~/ws# nano ansible/tag.yml
root@knode:~/ws# 
root@knode:~/ws# 
root@knode:~/ws# 
root@knode:~/ws# 
root@knode:~/ws# 
root@knode:~/ws# 
root@knode:~/ws# docker run --rm -v $PWD/ansible:/etc/ansible schogini/docker-ansible-ws-ubuntu ansible-playbook -i hosts tag.yml
ERROR! the playbook: tag.yml could not be found
root@knode:~/ws# 
root@knode:~/ws# 
root@knode:~/ws# 
root@knode:~/ws# cd ansible/
root@knode:~/ws/ansible# ll
total 116
drwxr-xr-x 5 root root  4096 Sep  9 01:03 ./
drwxr-xr-x 3 root root  4096 Sep  2 13:36 ../
-rw-r--r-- 1 root root 19839 Mar 29 00:04 ansible.cfg
-rwxr-xr-x 1 root root   133 Mar 29 00:04 ansible-ws.sh*
-rw-r--r-- 1 root root   230 Sep  2 14:05 apache.yml
-rw-r--r-- 1 root root    18 Mar 29 00:04 copy-file-playbook.retry
-rw-r--r-- 1 root root   124 Mar 29 00:04 copy-file-playbook.yml
-rw-r--r-- 1 root root    35 Mar 29 00:04 copyme.txt
-rwxr-xr-x 1 root root  1216 Mar 29 00:04 customweb-playbook.yml*
-rw-r--r-- 1 root root   128 Mar 29 00:04 first_playbook-rm.yml
-rw-r--r-- 1 root root   126 Mar 29 00:04 first_playbook.yml
drwxr-xr-x 8 root root  4096 Mar 29 00:04 .git/
-rw-r--r-- 1 root root    57 Sep  9 00:49 hosts
-rw-r--r-- 1 root root   327 Mar 29 00:04 nodes.sh
-rw-r--r-- 1 root root    22 Sep  2 13:58 ntpd.retry
-rw-r--r-- 1 root root   214 Sep  2 13:59 ntpd.yml
-rw-r--r-- 1 root root   137 Mar 29 00:04 playbook-git.yml
-rw-r--r-- 1 root root    47 Mar 29 00:04 playbook.yml
drwxr-xr-x 4 root root  4096 Mar 29 00:04 roles/
-rw-r--r-- 1 root root   137 Mar 29 00:04 simpleweb_playbook-with-role-pass-vars.yml
-rw-r--r-- 1 root root    18 Mar 29 00:04 simpleweb_playbook-with-role.retry
-rw-r--r-- 1 root root    73 Mar 29 00:04 simpleweb_playbook-with-role.yml
-rw-r--r-- 1 root root   722 Mar 29 00:04 simpleweb_playbook.yml
-rw-r--r-- 1 root root   600 Sep  9 01:03 tag.yml
drwxr-xr-x 3 root root  4096 Mar 29 00:04 tmp/
root@knode:~/ws/ansible# docker run --rm -v $PWD/ansible:/etc/ansible schogini/docker-ansible-ws-ubuntu ansible-playbook -i hosts tag.yml
ERROR! the playbook: tag.yml could not be found
root@knode:~/ws/ansible# 
root@knode:~/ws/ansible# 
root@knode:~/ws/ansible# 
root@knode:~/ws/ansible# cd ..
root@knode:~/ws# 
root@knode:~/ws# 
root@knode:~/ws# docker run --rm -v $PWD/ansible:/etc/ansible schogini/docker-ansible-ws-ubuntu ansible-playbook -i hosts /etc/ansible/tag.yml [WARNING]: Unable to parse /tmp/hosts as an inventory source
 [WARNING]: No inventory was parsed, only implicit localhost is available
 [WARNING]: Could not match supplied host pattern, ignoring: all
 [WARNING]: provided hosts list is empty, only localhost is available
ERROR! Syntax Error while loading YAML.


The error appears to have been in '/etc/ansible/tag.yml': line 34, column 3, but may
be elsewhere in the file depending on the exact syntax problem.

The offending line appears to be:


  - name: shell command
  ^ here

exception type: <class 'yaml.parser.ParserError'>
exception: while parsing a block mapping
  in "<unicode string>", line 18, column 3
did not find expected key
  in "<unicode string>", line 34, column 3
root@knode:~/ws# nano ansible/tag.yml 
root@knode:~/ws# 
root@knode:~/ws# 
root@knode:~/ws# nano ansible/tag.yml 
root@knode:~/ws# docker run --rm -v $PWD/ansible:/etc/ansible schogini/docker-ansible-ws-ubuntu ansible-playbook -i hosts /etc/ansible/tag.yml
 [WARNING]: Unable to parse /tmp/hosts as an inventory source
 [WARNING]: No inventory was parsed, only implicit localhost is available
 [WARNING]: Could not match supplied host pattern, ignoring: all
 [WARNING]: provided hosts list is empty, only localhost is available
 [WARNING]: While constructing a mapping from /etc/ansible/tag.yml, line 18,
column 3, found a duplicate dict key (tags). Using last defined value only.
[DEPRECATION WARNING]: Instead of sudo/sudo_user, use become/become_user and 
make sure become_method is 'sudo' (default). This feature will be removed in 
version 2.6. Deprecation warnings can be disabled by setting 
deprecation_warnings=False in ansible.cfg.
ERROR! 'shell' is not a valid attribute for a Play

The error appears to have been in '/etc/ansible/tag.yml': line 34, column 3, but may
be elsewhere in the file depending on the exact syntax problem.

The offending line appears to be:


- name: shell command
  ^ here
root@knode:~/ws# nano ansible/tag.yml 
root@knode:~/ws# docker run --rm -v $PWD/ansible:/etc/ansible schogini/docker-ansible-ws-ubuntu ansible-playbook -i hosts /etc/ansible/tag.yml
 [WARNING]: Unable to parse /tmp/hosts as an inventory source
 [WARNING]: No inventory was parsed, only implicit localhost is available
 [WARNING]: Could not match supplied host pattern, ignoring: all
 [WARNING]: provided hosts list is empty, only localhost is available
 [WARNING]: While constructing a mapping from /etc/ansible/tag.yml, line 18,
column 3, found a duplicate dict key (tags). Using last defined value only.
[DEPRECATION WARNING]: Instead of sudo/sudo_user, use become/become_user and 
make sure become_method is 'sudo' (default). This feature will be removed in 
version 2.6. Deprecation warnings can be disabled by setting 
deprecation_warnings=False in ansible.cfg.

PLAY [play1 install apche2] ****************************************************
skipping: no hosts matched

PLAY [play2 install nginx] *****************************************************
skipping: no hosts matched

PLAY RECAP *********************************************************************

root@knode:~/ws# 
root@knode:~/ws# 
root@knode:~/ws# docker run --rm -v $PWD/ansible:/etc/ansible schogini/docker-ansible-ws-ubuntu ansible-playbook -i hosts /etc/ansible/playbook.yml
 [WARNING]: Unable to parse /tmp/hosts as an inventory source
 [WARNING]: No inventory was parsed, only implicit localhost is available
 [WARNING]: Could not match supplied host pattern, ignoring: all
 [WARNING]: provided hosts list is empty, only localhost is available
 [WARNING]: Could not match supplied host pattern, ignoring: web

PLAY [web] *********************************************************************
skipping: no hosts matched

PLAY RECAP *********************************************************************

root@knode:~/ws# 
root@knode:~/ws# 
root@knode:~/ws# 
root@knode:~/ws# docker run --rm -v $PWD/ansible:/etc/ansible schogini/docker-ansible-ws-ubuntu ansible-playbook /etc/ansible/playbook.yml

PLAY [web] *********************************************************************

TASK [Gathering Facts] *********************************************************
ok: [172.17.0.2]
ok: [172.17.0.3]

TASK [ping] ********************************************************************
ok: [172.17.0.3]
ok: [172.17.0.2]

PLAY RECAP *********************************************************************
172.17.0.2                 : ok=2    changed=0    unreachable=0    failed=0   
172.17.0.3                 : ok=2    changed=0    unreachable=0    failed=0   

root@knode:~/ws# docker run --rm -v $PWD/ansible:/etc/ansible schogini/docker-ansible-ws-ubuntu ansible-playbook /etc/ansible/tag.yml [WARNING]: While constructing a mapping from /etc/ansible/tag.yml, line 18,
column 3, found a duplicate dict key (tags). Using last defined value only.
[DEPRECATION WARNING]: Instead of sudo/sudo_user, use become/become_user and 
make sure become_method is 'sudo' (default). This feature will be removed in 
version 2.6. Deprecation warnings can be disabled by setting 
deprecation_warnings=False in ansible.cfg.

PLAY [play1 install apche2] ****************************************************

TASK [Gathering Facts] *********************************************************
ok: [172.17.0.2]
ok: [172.17.0.4]
ok: [172.17.0.5]
ok: [172.17.0.3]

TASK [install apache2] *********************************************************
ok: [172.17.0.5]
changed: [172.17.0.3]
changed: [172.17.0.4]
changed: [172.17.0.2]

TASK [display "hello Krishna"] *************************************************
ok: [172.17.0.2] => {
    "msg": "hello Krishna!"
}
ok: [172.17.0.3] => {
    "msg": "hello Krishna!"
}
ok: [172.17.0.4] => {
    "msg": "hello Krishna!"
}
ok: [172.17.0.5] => {
    "msg": "hello Krishna!"
}

PLAY [play2 install nginx] *****************************************************

TASK [Gathering Facts] *********************************************************
ok: [172.17.0.2]
ok: [172.17.0.5]
ok: [172.17.0.4]
ok: [172.17.0.3]

TASK [play2 install nginx] *****************************************************
changed: [172.17.0.5]
changed: [172.17.0.4]
changed: [172.17.0.3]
changed: [172.17.0.2]

TASK [display have a nice day krishna] *****************************************
fatal: [172.17.0.3]: FAILED! => {"msg": "'mes' is not a valid option in debug"}
fatal: [172.17.0.2]: FAILED! => {"msg": "'mes' is not a valid option in debug"}
fatal: [172.17.0.4]: FAILED! => {"msg": "'mes' is not a valid option in debug"}
fatal: [172.17.0.5]: FAILED! => {"msg": "'mes' is not a valid option in debug"}
	to retry, use: --limit @/etc/ansible/tag.retry

PLAY RECAP *********************************************************************
172.17.0.2                 : ok=5    changed=2    unreachable=0    failed=1   
172.17.0.3                 : ok=5    changed=2    unreachable=0    failed=1   
172.17.0.4                 : ok=5    changed=2    unreachable=0    failed=1   
172.17.0.5                 : ok=5    changed=1    unreachable=0    failed=1   

root@knode:~/ws# 
root@knode:~/ws# 
root@knode:~/ws# 
root@knode:~/ws# 
root@knode:~/ws# 
root@knode:~/ws# 
root@knode:~/ws# 
root@knode:~/ws# nano ansible/tag.yml 
root@knode:~/ws# 
root@knode:~/ws# 
root@knode:~/ws# 
root@knode:~/ws# docker run --rm -v $PWD/ansible:/etc/ansible schogini/docker-ansible-ws-ubuntu ansible-playbook /etc/ansible/tag.yml
[DEPRECATION WARNING]: Instead of sudo/sudo_user, use become/become_user and 
make sure become_method is 'sudo' (default). This feature will be removed in 
version 2.6. Deprecation warnings can be disabled by setting 
deprecation_warnings=False in ansible.cfg.

PLAY [Play1-install apache] ****************************************************

TASK [Gathering Facts] *********************************************************
ok: [172.17.0.5]
ok: [172.17.0.3]
ok: [172.17.0.2]
ok: [172.17.0.4]

TASK [install apache2] *********************************************************
ok: [172.17.0.2]
ok: [172.17.0.4]
ok: [172.17.0.3]
ok: [172.17.0.5]

TASK [displaying "hello world"] ************************************************
ok: [172.17.0.2] => {
    "msg": "hello world"
}
ok: [172.17.0.3] => {
    "msg": "hello world"
}
ok: [172.17.0.4] => {
    "msg": "hello world"
}
ok: [172.17.0.5] => {
    "msg": "hello world"
}

PLAY [Play2-install nginx] *****************************************************

TASK [Gathering Facts] *********************************************************
ok: [172.17.0.3]
ok: [172.17.0.4]
ok: [172.17.0.2]
ok: [172.17.0.5]

TASK [install nginx] ***********************************************************
ok: [172.17.0.3]
ok: [172.17.0.2]
ok: [172.17.0.5]
ok: [172.17.0.4]

TASK [debug module displays message in control machine] ************************
ok: [172.17.0.2] => {
    "msg": "have a good day"
}
ok: [172.17.0.3] => {
    "msg": "have a good day"
}
ok: [172.17.0.4] => {
    "msg": "have a good day"
}
ok: [172.17.0.5] => {
    "msg": "have a good day"
}

TASK [shell module displays message in host machine.] **************************
changed: [172.17.0.4]
changed: [172.17.0.5]
changed: [172.17.0.2]
changed: [172.17.0.3]

PLAY RECAP *********************************************************************
172.17.0.2                 : ok=7    changed=1    unreachable=0    failed=0   
172.17.0.3                 : ok=7    changed=1    unreachable=0    failed=0   
172.17.0.4                 : ok=7    changed=1    unreachable=0    failed=0   
172.17.0.5                 : ok=7    changed=1    unreachable=0    failed=0   

root@knode:~/ws# 
root@knode:~/ws# 
root@knode:~/ws# 
root@knode:~/ws# 
root@knode:~/ws# 
root@knode:~/ws# 
root@knode:~/ws# 
root@knode:~/ws# 
root@knode:~/ws# docker run --rm -v $PWD/ansible:/etc/ansible schogini/docker-ansible-ws-ubuntu ansible-playbook /etc/ansible/tag.yml --list-tags
[DEPRECATION WARNING]: Instead of sudo/sudo_user, use become/become_user and 
make sure become_method is 'sudo' (default). This feature will be removed in 
version 2.6. Deprecation warnings can be disabled by setting 
deprecation_warnings=False in ansible.cfg.

playbook: /etc/ansible/tag.yml

  play #1 (all): Play1-install apache	TAGS: []
      TASK TAGS: [tag1]

  play #2 (all): Play2-install nginx	TAGS: [tag2]
      TASK TAGS: [mymessage, tag2]
root@knode:~/ws# 
root@knode:~/ws# 
root@knode:~/ws# 
root@knode:~/ws# docker run --rm -v $PWD/ansible:/etc/ansible schogini/docker-ansible-ws-ubuntu ansible-playbook /etc/ansible/tag.yml --list-tasks
[DEPRECATION WARNING]: Instead of sudo/sudo_user, use become/become_user and 
make sure become_method is 'sudo' (default). This feature will be removed in 
version 2.6. Deprecation warnings can be disabled by setting 
deprecation_warnings=False in ansible.cfg.

playbook: /etc/ansible/tag.yml

  play #1 (all): Play1-install apache	TAGS: []
    tasks:
      install apache2	TAGS: []
      displaying "hello world"	TAGS: [tag1]

  play #2 (all): Play2-install nginx	TAGS: [tag2]
    tasks:
      install nginx	TAGS: [tag2]
      debug module displays message in control machine	TAGS: [mymessage, tag2]
      shell module displays message in host machine.	TAGS: [mymessage, tag2]
root@knode:~/ws# 
root@knode:~/ws# 
root@knode:~/ws# 
root@knode:~/ws# 
root@knode:~/ws# 
root@knode:~/ws# 
root@knode:~/ws# nano ansible/include.yml
root@knode:~/ws# 
root@knode:~/ws# 
root@knode:~/ws# cd ansible/
root@knode:~/ws/ansible# ls
ansible                   copy-file-playbook.yml  hosts        playbook-git.yml                            simpleweb_playbook-with-role.yml
ansible.cfg               copyme.txt              include.yml  playbook.yml                                simpleweb_playbook.yml
ansible-ws.sh             customweb-playbook.yml  nodes.sh     roles                                       tag.retry
apache.yml                first_playbook-rm.yml   ntpd.retry   simpleweb_playbook-with-role-pass-vars.yml  tag.yml
copy-file-playbook.retry  first_playbook.yml      ntpd.yml     simpleweb_playbook-with-role.retry          tmp
root@knode:~/ws/ansible# 
root@knode:~/ws/ansible# 
root@knode:~/ws/ansible# 
root@knode:~/ws/ansible# ls
ansible                   copy-file-playbook.yml  hosts        playbook-git.yml                            simpleweb_playbook-with-role.yml
ansible.cfg               copyme.txt              include.yml  playbook.yml                                simpleweb_playbook.yml
ansible-ws.sh             customweb-playbook.yml  nodes.sh     roles                                       tag.retry
apache.yml                first_playbook-rm.yml   ntpd.retry   simpleweb_playbook-with-role-pass-vars.yml  tag.yml
copy-file-playbook.retry  first_playbook.yml      ntpd.yml     simpleweb_playbook-with-role.retry          tmp
root@knode:~/ws/ansible# 
root@knode:~/ws/ansible# 
root@knode:~/ws/ansible# 
root@knode:~/ws/ansible# nano apache.yml
root@knode:~/ws/ansible# cat apache.yml 
---

- name: install apaache server

  hosts: [db] 
  become: yes

  tasks:
  - name: install apache2 server
    apt: name=apache2 state=present
 
  - name: service must be running        
    service: name=apache2 state=started

root@knode:~/ws/ansible# 
root@knode:~/ws/ansible# 
root@knode:~/ws/ansible# rename apache.yml apache1.yml
Bareword "apache" not allowed while "strict subs" in use at (user-supplied code).
Bareword "yml" not allowed while "strict subs" in use at (user-supplied code).
root@knode:~/ws/ansible# rename apache apache1
Bareword "apache" not allowed while "strict subs" in use at (user-supplied code).
root@knode:~/ws/ansible# 
root@knode:~/ws/ansible# 
root@knode:~/ws/ansible# 
root@knode:~/ws/ansible# ls include.yml 
include.yml
root@knode:~/ws/ansible# 
root@knode:~/ws/ansible# mkdir new
root@knode:~/ws/ansible# pws
No command 'pws' found, did you mean:
 Command 'pts' from package 'openafs-client' (universe)
 Command 'pvs' from package 'lvm2' (main)
 Command 'pwd' from package 'coreutils' (main)
 Command 'pms' from package 'pms' (universe)
 Command 'psw' from package 'wise' (universe)
 Command 'aws' from package 'awscli' (universe)
 Command 'ps' from package 'procps' (main)
 Command 'pcs' from package 'pcs' (universe)
 Command 'rpws' from package 'ratpoison' (universe)
pws: command not found
root@knode:~/ws/ansible# pwd
/root/ws/ansible
root@knode:~/ws/ansible# 
root@knode:~/ws/ansible# 
root@knode:~/ws/ansible# 
root@knode:~/ws/ansible# cp include.yml /root/ws/ansible/new/
root@knode:~/ws/ansible# 
root@knode:~/ws/ansible# 
root@knode:~/ws/ansible# 
root@knode:~/ws/ansible# cd new/
root@knode:~/ws/ansible/new# 
root@knode:~/ws/ansible/new# 
root@knode:~/ws/ansible/new# ls
include.yml
root@knode:~/ws/ansible/new# 
root@knode:~/ws/ansible/new# 
root@knode:~/ws/ansible/new# nano include.yml
root@knode:~/ws/ansible/new# 
root@knode:~/ws/ansible/new# nano apache.yml
root@knode:~/ws/ansible/new# 
root@knode:~/ws/ansible/new# 
root@knode:~/ws/ansible/new# nano create_folder.yml
root@knode:~/ws/ansible/new# 
root@knode:~/ws/ansible/new# nano content.yml
root@knode:~/ws/ansible/new# 
root@knode:~/ws/ansible/new# nano nginx.yml
root@knode:~/ws/ansible/new# 
root@knode:~/ws/ansible/new# 
root@knode:~/ws/ansible/new# 
root@knode:~/ws/ansible/new# nano include.yml 
root@knode:~/ws/ansible/new# cat include.yml 
---

- name: testing includes

  hosts: all

  sudo: yes

  tasks:

    - include: apache.yml    

    - include: content.yml    

    - include: create_folder.yml

    - include: content.yml



- include: nginx.yml
root@knode:~/ws/ansible/new# 
root@knode:~/ws/ansible/new# 
root@knode:~/ws/ansible/new# 
root@knode:~/ws/ansible/new# cd ../..
root@knode:~/ws# 
root@knode:~/ws# 
root@knode:~/ws# 
root@knode:~/ws# docker run --rm -v $PWD/ansible:/etc/ansible schogini/docker-ansible-ws-ubuntu ansible-playbook /etc/ansible/new/include.yml
[DEPRECATION WARNING]: Instead of sudo/sudo_user, use become/become_user and 
make sure become_method is 'sudo' (default). This feature will be removed in 
version 2.6. Deprecation warnings can be disabled by setting 
deprecation_warnings=False in ansible.cfg.
[DEPRECATION WARNING]: The use of 'include' for tasks has been deprecated. Use 
'import_tasks' for static inclusions or 'include_tasks' for dynamic inclusions.
 This feature will be removed in a future release. Deprecation warnings can be 
disabled by setting deprecation_warnings=False in ansible.cfg.
[DEPRECATION WARNING]: include is kept for backwards compatibility but usage is
 discouraged. The module documentation details page may explain more about this
 rationale.. This feature will be removed in a future release. Deprecation 
warnings can be disabled by setting deprecation_warnings=False in ansible.cfg.
[DEPRECATION WARNING]: 'include' for playbook includes. You should use 
'import_playbook' instead. This feature will be removed in version 2.8. 
Deprecation warnings can be disabled by setting deprecation_warnings=False in 
ansible.cfg.

PLAY [testing includes] ********************************************************

TASK [Gathering Facts] *********************************************************
ok: [172.17.0.2]
ok: [172.17.0.4]
ok: [172.17.0.3]
ok: [172.17.0.5]

TASK [install apache2] *********************************************************
ok: [172.17.0.2]
ok: [172.17.0.5]
ok: [172.17.0.3]
ok: [172.17.0.4]

TASK [displaying message] ******************************************************
ok: [172.17.0.2] => {
    "msg": "you are awesome!!"
}
ok: [172.17.0.3] => {
    "msg": "you are awesome!!"
}
ok: [172.17.0.4] => {
    "msg": "you are awesome!!"
}
ok: [172.17.0.5] => {
    "msg": "you are awesome!!"
}

TASK [check content] ***********************************************************
fatal: [172.17.0.2]: FAILED! => {"changed": true, "cmd": ["ls", "/home/ubuntu"], "delta": "0:00:02.515051", "end": "2018-09-09 09:16:49.683621", "failed": true, "msg": "non-zero return code", "rc": 2, "start": "2018-09-09 09:16:47.168570", "stderr": "ls: cannot access /home/ubuntu: No such file or directory", "stderr_lines": ["ls: cannot access /home/ubuntu: No such file or directory"], "stdout": "", "stdout_lines": []}
fatal: [172.17.0.5]: FAILED! => {"changed": true, "cmd": ["ls", "/home/ubuntu"], "delta": "0:00:02.542829", "end": "2018-09-09 09:16:49.687581", "failed": true, "msg": "non-zero return code", "rc": 2, "start": "2018-09-09 09:16:47.144752", "stderr": "ls: cannot access /home/ubuntu: No such file or directory", "stderr_lines": ["ls: cannot access /home/ubuntu: No such file or directory"], "stdout": "", "stdout_lines": []}
fatal: [172.17.0.3]: FAILED! => {"changed": true, "cmd": ["ls", "/home/ubuntu"], "delta": "0:00:02.544719", "end": "2018-09-09 09:16:49.688440", "failed": true, "msg": "non-zero return code", "rc": 2, "start": "2018-09-09 09:16:47.143721", "stderr": "ls: cannot access /home/ubuntu: No such file or directory", "stderr_lines": ["ls: cannot access /home/ubuntu: No such file or directory"], "stdout": "", "stdout_lines": []}
fatal: [172.17.0.4]: FAILED! => {"changed": true, "cmd": ["ls", "/home/ubuntu"], "delta": "0:00:02.628291", "end": "2018-09-09 09:16:49.776116", "failed": true, "msg": "non-zero return code", "rc": 2, "start": "2018-09-09 09:16:47.147825", "stderr": "ls: cannot access /home/ubuntu: No such file or directory", "stderr_lines": ["ls: cannot access /home/ubuntu: No such file or directory"], "stdout": "", "stdout_lines": []}
	to retry, use: --limit @/etc/ansible/new/include.retry

PLAY RECAP *********************************************************************
172.17.0.2                 : ok=3    changed=0    unreachable=0    failed=1   
172.17.0.3                 : ok=3    changed=0    unreachable=0    failed=1   
172.17.0.4                 : ok=3    changed=0    unreachable=0    failed=1   
172.17.0.5                 : ok=3    changed=0    unreachable=0    failed=1   

root@knode:~/ws# 
root@knode:~/ws# 
root@knode:~/ws# 
root@knode:~/ws# cd ansible/new/
root@knode:~/ws/ansible/new# 
root@knode:~/ws/ansible/new# 
root@knode:~/ws/ansible/new# ll
total 32
drwxr-xr-x 2 root root 4096 Sep  9 02:16 ./
drwxr-xr-x 7 root root 4096 Sep  9 02:03 ../
-rw-r--r-- 1 root root  149 Sep  9 02:05 apache.yml
-rw-r--r-- 1 root root  277 Sep  9 02:09 content.yml
-rw-r--r-- 1 root root   80 Sep  9 02:05 create_folder.yml
-rw-r--r-- 1 root root   44 Sep  9 02:16 include.retry
-rw-r--r-- 1 root root  216 Sep  9 02:04 include.yml
-rw-r--r-- 1 root root  229 Sep  9 02:10 nginx.yml
root@knode:~/ws/ansible/new# sudo con
conjure      conjure-im6  continue     convert      convert-im6  
root@knode:~/ws/ansible/new# sudo content.yml
sudo: content.yml: command not found
root@knode:~/ws/ansible/new# nano content.yml 
root@knode:~/ws/ansible/new# 
root@knode:~/ws/ansible/new# 
root@knode:~/ws/ansible/new# 
root@knode:~/ws/ansible/new# 
root@knode:~/ws/ansible/new# nano include.yml 
root@knode:~/ws/ansible/new# 
root@knode:~/ws/ansible/new# 
root@knode:~/ws/ansible/new# 
root@knode:~/ws/ansible/new# 
root@knode:~/ws/ansible/new# cd ../..
root@knode:~/ws# 
root@knode:~/ws# 
root@knode:~/ws# docker run --rm -v $PWD/ansible:/etc/ansible schogini/docker-ansible-ws-ubuntu ansible-playbook /etc/ansible/new/include.yml
[DEPRECATION WARNING]: The use of 'include' for tasks has been deprecated. Use 
'import_tasks' for static inclusions or 'include_tasks' for dynamic inclusions.
 This feature will be removed in a future release. Deprecation warnings can be 
disabled by setting deprecation_warnings=False in ansible.cfg.
[DEPRECATION WARNING]: include is kept for backwards compatibility but usage is
 discouraged. The module documentation details page may explain more about this
 rationale.. This feature will be removed in a future release. Deprecation 
warnings can be disabled by setting deprecation_warnings=False in ansible.cfg.
[DEPRECATION WARNING]: 'include' for playbook includes. You should use 
'import_playbook' instead. This feature will be removed in version 2.8. 
Deprecation warnings can be disabled by setting deprecation_warnings=False in 
ansible.cfg.
[DEPRECATION WARNING]: Instead of sudo/sudo_user, use become/become_user and 
make sure become_method is 'sudo' (default). This feature will be removed in 
version 2.6. Deprecation warnings can be disabled by setting 
deprecation_warnings=False in ansible.cfg.

PLAY [testing includes] ********************************************************

TASK [Gathering Facts] *********************************************************
ok: [172.17.0.4]
ok: [172.17.0.5]

TASK [install apache2] *********************************************************
ok: [172.17.0.5]
ok: [172.17.0.4]

TASK [displaying message] ******************************************************
ok: [172.17.0.4] => {
    "msg": "you are awesome!!"
}
ok: [172.17.0.5] => {
    "msg": "you are awesome!!"
}

TASK [list contents of directory in host] **************************************
fatal: [172.17.0.4]: FAILED! => {"changed": true, "cmd": ["ls", "/home/ubuntu"], "delta": "0:00:00.932787", "end": "2018-09-09 09:22:23.430218", "failed": true, "msg": "non-zero return code", "rc": 2, "start": "2018-09-09 09:22:22.497431", "stderr": "ls: cannot access /home/ubuntu: No such file or directory", "stderr_lines": ["ls: cannot access /home/ubuntu: No such file or directory"], "stdout": "", "stdout_lines": []}
fatal: [172.17.0.5]: FAILED! => {"changed": true, "cmd": ["ls", "/home/ubuntu"], "delta": "0:00:00.929174", "end": "2018-09-09 09:22:23.425305", "failed": true, "msg": "non-zero return code", "rc": 2, "start": "2018-09-09 09:22:22.496131", "stderr": "ls: cannot access /home/ubuntu: No such file or directory", "stderr_lines": ["ls: cannot access /home/ubuntu: No such file or directory"], "stdout": "", "stdout_lines": []}
	to retry, use: --limit @/etc/ansible/new/include.retry

PLAY RECAP *********************************************************************
172.17.0.4                 : ok=3    changed=0    unreachable=0    failed=1   
172.17.0.5                 : ok=3    changed=0    unreachable=0    failed=1   

root@knode:~/ws# 
root@knode:~/ws# 
root@knode:~/ws# 
root@knode:~/ws# 
root@knode:~/ws# cd ansible/new/
root@knode:~/ws/ansible/new# ls
apache.yml  content.yml  create_folder.yml  include.retry  include.yml  nginx.yml
root@knode:~/ws/ansible/new# 
root@knode:~/ws/ansible/new# 
root@knode:~/ws/ansible/new# 
root@knode:~/ws/ansible/new# nano include.yml 
root@knode:~/ws/ansible/new# 
root@knode:~/ws/ansible/new# 
root@knode:~/ws/ansible/new# 
root@knode:~/ws/ansible/new# 
root@knode:~/ws/ansible/new# nano content.yml 
root@knode:~/ws/ansible/new# 
root@knode:~/ws/ansible/new# 
root@knode:~/ws/ansible/new# 
root@knode:~/ws/ansible/new# cd ../..
root@knode:~/ws# 
root@knode:~/ws# 
root@knode:~/ws# docker run --rm -v $PWD/ansible:/etc/ansible schogini/docker-ansible-ws-ubuntu ansible-playbook /etc/ansible/new/include.yml
[DEPRECATION WARNING]: The use of 'include' for tasks has been deprecated. Use 
'import_tasks' for static inclusions or 'include_tasks' for dynamic inclusions.
 This feature will be removed in a future release. Deprecation warnings can be 
disabled by setting deprecation_warnings=False in ansible.cfg.
[DEPRECATION WARNING]: include is kept for backwards compatibility but usage is
 discouraged. The module documentation details page may explain more about this
 rationale.. This feature will be removed in a future release. Deprecation 
warnings can be disabled by setting deprecation_warnings=False in ansible.cfg.
[DEPRECATION WARNING]: 'include' for playbook includes. You should use 
'import_playbook' instead. This feature will be removed in version 2.8. 
Deprecation warnings can be disabled by setting deprecation_warnings=False in 
ansible.cfg.
[DEPRECATION WARNING]: Instead of sudo/sudo_user, use become/become_user and 
make sure become_method is 'sudo' (default). This feature will be removed in 
version 2.6. Deprecation warnings can be disabled by setting 
deprecation_warnings=False in ansible.cfg.

PLAY [testing includes] ********************************************************

TASK [Gathering Facts] *********************************************************
ok: [172.17.0.4]
ok: [172.17.0.5]

TASK [install apache2] *********************************************************
ok: [172.17.0.4]
ok: [172.17.0.5]

TASK [displaying message] ******************************************************
ok: [172.17.0.4] => {
    "msg": "you are awesome!!"
}
ok: [172.17.0.5] => {
    "msg": "you are awesome!!"
}

TASK [list contents of directory in host] **************************************
changed: [172.17.0.5]
changed: [172.17.0.4]

TASK [check dir is empty] ******************************************************
ok: [172.17.0.4] => {
    "msg": "Directory is empty"
}
ok: [172.17.0.5] => {
    "msg": "Directory is empty"
}

TASK [check dir has contents] **************************************************
skipping: [172.17.0.4]
skipping: [172.17.0.5]

TASK [creating folder] *********************************************************
changed: [172.17.0.5]
changed: [172.17.0.4]

TASK [list contents of directory in host] **************************************
changed: [172.17.0.4]
changed: [172.17.0.5]

TASK [check dir is empty] ******************************************************
skipping: [172.17.0.4]
skipping: [172.17.0.5]

TASK [check dir has contents] **************************************************
ok: [172.17.0.4] => {
    "msg": "Directory is not empty"
}
ok: [172.17.0.5] => {
    "msg": "Directory is not empty"
}

PLAY [installing nginx] ********************************************************

TASK [Gathering Facts] *********************************************************
ok: [172.17.0.5]
ok: [172.17.0.4]
ok: [172.17.0.2]
ok: [172.17.0.3]

TASK [install nginx] ***********************************************************
ok: [172.17.0.2]
ok: [172.17.0.5]
ok: [172.17.0.3]
ok: [172.17.0.4]

TASK [displaying message] ******************************************************
ok: [172.17.0.3] => {
    "msg": "yayy!! nginx installed"
}
ok: [172.17.0.2] => {
    "msg": "yayy!! nginx installed"
}
ok: [172.17.0.4] => {
    "msg": "yayy!! nginx installed"
}
ok: [172.17.0.5] => {
    "msg": "yayy!! nginx installed"
}

PLAY RECAP *********************************************************************
172.17.0.2                 : ok=3    changed=0    unreachable=0    failed=0   
172.17.0.3                 : ok=3    changed=0    unreachable=0    failed=0   
172.17.0.4                 : ok=11   changed=3    unreachable=0    failed=0   
172.17.0.5                 : ok=11   changed=3    unreachable=0    failed=0   

root@knode:~/ws# 
root@knode:~/ws# 
root@knode:~/ws# 
root@knode:~/ws# 
root@knode:~/ws# 
root@knode:~/ws# 
root@knode:~/ws# 
root@knode:~/ws# 
root@knode:~/ws# 
root@knode:~/ws# 
root@knode:~/ws# 
root@knode:~/ws# 
root@knode:~/ws# 
root@knode:~/ws# 
root@knode:~/ws# docker ps
CONTAINER ID        IMAGE                                     COMMAND               CREATED             STATUS              PORTS                           NAMES
c2f7663d1c5d        schogini/docker-ansible-ssh-node-ubuntu   "/usr/sbin/sshd -D"   6 hours ago         Up 6 hours          22/tcp, 0.0.0.0:32768->80/tcp   node4
d606f5a16f90        schogini/docker-ansible-ssh-node-ubuntu   "/usr/sbin/sshd -D"   6 days ago          Up 6 hours          22/tcp, 0.0.0.0:32771->80/tcp   node3
96f5838dfce8        schogini/docker-ansible-ssh-node-ubuntu   "/usr/sbin/sshd -D"   6 days ago          Up 6 hours          22/tcp, 0.0.0.0:32770->80/tcp   node2
51d79b83bc98        schogini/docker-ansible-ssh-node-ubuntu   "/usr/sbin/sshd -D"   6 days ago          Up 6 hours          22/tcp, 0.0.0.0:32769->80/tcp   node1
root@knode:~/ws# 
root@knode:~/ws# 
root@knode:~/ws# 
root@knode:~/ws# 
root@knode:~/ws# 
root@knode:~/ws# 
root@knode:~/ws# 
root@knode:~/ws# 
root@knode:~/ws# 
root@knode:~/ws# 
root@knode:~/ws# cd ansible/
root@knode:~/ws/ansible# ll
total 132
drwxr-xr-x 7 root root  4096 Sep  9 02:03 ./
drwxr-xr-x 3 root root  4096 Sep  2 13:36 ../
drwxr-xr-x 2 root root  4096 Sep  9 01:05 ansible/
-rw-r--r-- 1 root root 19839 Mar 29 00:04 ansible.cfg
-rwxr-xr-x 1 root root   133 Mar 29 00:04 ansible-ws.sh*
-rw-r--r-- 1 root root   230 Sep  2 14:05 apache.yml
-rw-r--r-- 1 root root    18 Mar 29 00:04 copy-file-playbook.retry
-rw-r--r-- 1 root root   124 Mar 29 00:04 copy-file-playbook.yml
-rw-r--r-- 1 root root    35 Mar 29 00:04 copyme.txt
-rwxr-xr-x 1 root root  1216 Mar 29 00:04 customweb-playbook.yml*
-rw-r--r-- 1 root root   128 Mar 29 00:04 first_playbook-rm.yml
-rw-r--r-- 1 root root   126 Mar 29 00:04 first_playbook.yml
drwxr-xr-x 8 root root  4096 Mar 29 00:04 .git/
-rw-r--r-- 1 root root    57 Sep  9 00:49 hosts
-rw-r--r-- 1 root root   216 Sep  9 01:59 include.yml
drwxr-xr-x 2 root root  4096 Sep  9 02:24 new/
-rw-r--r-- 1 root root   327 Mar 29 00:04 nodes.sh
-rw-r--r-- 1 root root    22 Sep  2 13:58 ntpd.retry
-rw-r--r-- 1 root root   214 Sep  2 13:59 ntpd.yml
-rw-r--r-- 1 root root   137 Mar 29 00:04 playbook-git.yml
-rw-r--r-- 1 root root    47 Mar 29 00:04 playbook.yml
drwxr-xr-x 4 root root  4096 Mar 29 00:04 roles/
-rw-r--r-- 1 root root   137 Mar 29 00:04 simpleweb_playbook-with-role-pass-vars.yml
-rw-r--r-- 1 root root    18 Mar 29 00:04 simpleweb_playbook-with-role.retry
-rw-r--r-- 1 root root    73 Mar 29 00:04 simpleweb_playbook-with-role.yml
-rw-r--r-- 1 root root   722 Mar 29 00:04 simpleweb_playbook.yml
-rw-r--r-- 1 root root    44 Sep  9 01:35 tag.retry
-rw-r--r-- 1 root root   701 Sep  9 01:38 tag.yml
drwxr-xr-x 3 root root  4096 Mar 29 00:04 tmp/
root@knode:~/ws/ansible# cat first_playbook.yml 
---
- hosts: web
  tasks:
      - name: Create a file
        file:
            path: /root/test.txt
            state: touch
root@knode:~/ws/ansible# 
root@knode:~/ws/ansible# 
root@knode:~/ws/ansible# 
root@knode:~/ws/ansible# 
root@knode:~/ws/ansible# cd roles/
root@knode:~/ws/ansible/roles# ll
total 16
drwxr-xr-x 4 root root 4096 Mar 29 00:04 ./
drwxr-xr-x 7 root root 4096 Sep  9 02:03 ../
drwxr-xr-x 7 root root 4096 Mar 29 00:04 geerlingguy.git/
drwxr-xr-x 6 root root 4096 Mar 29 00:04 simpleweb/
root@knode:~/ws/ansible/roles# cd geerlingguy.git/
root@knode:~/ws/ansible/roles/geerlingguy.git# ll
total 44
drwxr-xr-x 7 root root 4096 Mar 29 00:04 ./
drwxr-xr-x 4 root root 4096 Mar 29 00:04 ../
drwxr-xr-x 2 root root 4096 Mar 29 00:04 defaults/
-rw-r--r-- 1 root root   22 Mar 29 00:04 .gitignore
-rw-r--r-- 1 root root 1080 Mar 29 00:04 LICENSE
drwxr-xr-x 2 root root 4096 Mar 29 00:04 meta/
-rw-r--r-- 1 root root 1888 Mar 29 00:04 README.md
drwxr-xr-x 2 root root 4096 Mar 29 00:04 tasks/
drwxr-xr-x 2 root root 4096 Mar 29 00:04 tests/
-rw-r--r-- 1 root root 1635 Mar 29 00:04 .travis.yml
drwxr-xr-x 2 root root 4096 Mar 29 00:04 vars/
root@knode:~/ws/ansible/roles/geerlingguy.git# cd tasks
root@knode:~/ws/ansible/roles/geerlingguy.git/tasks# ll
total 16
drwxr-xr-x 2 root root 4096 Mar 29 00:04 ./
drwxr-xr-x 7 root root 4096 Mar 29 00:04 ../
-rw-r--r-- 1 root root 2321 Mar 29 00:04 install-from-source.yml
-rw-r--r-- 1 root root  723 Mar 29 00:04 main.yml
root@knode:~/ws/ansible/roles/geerlingguy.git/tasks# cat main.yml 
---
- name: Ensure git is installed (RedHat).
  package:
    name: "{{ item }}"
    state: installed
    enablerepo: "{{ git_enablerepo }}"
  with_items: "{{ git_packages }}"
  when: (git_install_from_source == false) and (ansible_os_family == 'RedHat')

- name: Update apt cache (Debian).
  apt: update_cache=yes cache_valid_time=86400
  when: ansible_os_family == 'Debian'

- name: Ensure git is installed (Debian).
  apt:
    name: "{{ item }}"
    state: installed
  with_items: "{{ git_packages }}"
  when: (git_install_from_source == false) and (ansible_os_family == 'Debian')

# Install git from source when git_install_from_source is true.
- include: install-from-source.yml
  when: git_install_from_source == true
root@knode:~/ws/ansible/roles/geerlingguy.git/tasks# 
root@knode:~/ws/ansible/roles/geerlingguy.git/tasks# 
root@knode:~/ws/ansible/roles/geerlingguy.git/tasks# 
root@knode:~/ws/ansible/roles/geerlingguy.git/tasks# cd ..
root@knode:~/ws/ansible/roles/geerlingguy.git# 
root@knode:~/ws/ansible/roles/geerlingguy.git# ll
total 44
drwxr-xr-x 7 root root 4096 Mar 29 00:04 ./
drwxr-xr-x 4 root root 4096 Mar 29 00:04 ../
drwxr-xr-x 2 root root 4096 Mar 29 00:04 defaults/
-rw-r--r-- 1 root root   22 Mar 29 00:04 .gitignore
-rw-r--r-- 1 root root 1080 Mar 29 00:04 LICENSE
drwxr-xr-x 2 root root 4096 Mar 29 00:04 meta/
-rw-r--r-- 1 root root 1888 Mar 29 00:04 README.md
drwxr-xr-x 2 root root 4096 Mar 29 00:04 tasks/
drwxr-xr-x 2 root root 4096 Mar 29 00:04 tests/
-rw-r--r-- 1 root root 1635 Mar 29 00:04 .travis.yml
drwxr-xr-x 2 root root 4096 Mar 29 00:04 vars/
root@knode:~/ws/ansible/roles/geerlingguy.git# 
root@knode:~/ws/ansible/roles/geerlingguy.git# ls
^[[6~defaults  LICENSE  meta  README.md  tasks  tests  vars
root@knode:~/ws/ansible/roles/geerlingguy.git# ls
defaults  LICENSE  meta  README.md  tasks  tests  vars
root@knode:~/ws/ansible/roles/geerlingguy.git# 
root@knode:~/ws/ansible/roles/geerlingguy.git# 
root@knode:~/ws/ansible/roles/geerlingguy.git# 
root@knode:~/ws/ansible/roles/geerlingguy.git# cd ../..
root@knode:~/ws/ansible# cd ansible/
root@knode:~/ws/ansible/ansible# 
root@knode:~/ws/ansible/ansible# ls -lrt
total 0
root@knode:~/ws/ansible/ansible# 
root@knode:~/ws/ansible/ansible# 
root@knode:~/ws/ansible/ansible# ll
total 8
drwxr-xr-x 2 root root 4096 Sep  9 01:05 ./
drwxr-xr-x 7 root root 4096 Sep  9 02:03 ../
root@knode:~/ws/ansible/ansible# cd ..
root@knode:~/ws/ansible# ll
total 132
drwxr-xr-x 7 root root  4096 Sep  9 02:03 ./
drwxr-xr-x 3 root root  4096 Sep  2 13:36 ../
drwxr-xr-x 2 root root  4096 Sep  9 01:05 ansible/
-rw-r--r-- 1 root root 19839 Mar 29 00:04 ansible.cfg
-rwxr-xr-x 1 root root   133 Mar 29 00:04 ansible-ws.sh*
-rw-r--r-- 1 root root   230 Sep  2 14:05 apache.yml
-rw-r--r-- 1 root root    18 Mar 29 00:04 copy-file-playbook.retry
-rw-r--r-- 1 root root   124 Mar 29 00:04 copy-file-playbook.yml
-rw-r--r-- 1 root root    35 Mar 29 00:04 copyme.txt
-rwxr-xr-x 1 root root  1216 Mar 29 00:04 customweb-playbook.yml*
-rw-r--r-- 1 root root   128 Mar 29 00:04 first_playbook-rm.yml
-rw-r--r-- 1 root root   126 Mar 29 00:04 first_playbook.yml
drwxr-xr-x 8 root root  4096 Mar 29 00:04 .git/
-rw-r--r-- 1 root root    57 Sep  9 00:49 hosts
-rw-r--r-- 1 root root   216 Sep  9 01:59 include.yml
drwxr-xr-x 2 root root  4096 Sep  9 02:24 new/
-rw-r--r-- 1 root root   327 Mar 29 00:04 nodes.sh
-rw-r--r-- 1 root root    22 Sep  2 13:58 ntpd.retry
-rw-r--r-- 1 root root   214 Sep  2 13:59 ntpd.yml
-rw-r--r-- 1 root root   137 Mar 29 00:04 playbook-git.yml
-rw-r--r-- 1 root root    47 Mar 29 00:04 playbook.yml
drwxr-xr-x 4 root root  4096 Mar 29 00:04 roles/
-rw-r--r-- 1 root root   137 Mar 29 00:04 simpleweb_playbook-with-role-pass-vars.yml
-rw-r--r-- 1 root root    18 Mar 29 00:04 simpleweb_playbook-with-role.retry
-rw-r--r-- 1 root root    73 Mar 29 00:04 simpleweb_playbook-with-role.yml
-rw-r--r-- 1 root root   722 Mar 29 00:04 simpleweb_playbook.yml
-rw-r--r-- 1 root root    44 Sep  9 01:35 tag.retry
-rw-r--r-- 1 root root   701 Sep  9 01:38 tag.yml
drwxr-xr-x 3 root root  4096 Mar 29 00:04 tmp/
root@knode:~/ws/ansible# 
root@knode:~/ws/ansible# 
root@knode:~/ws/ansible# 
root@knode:~/ws/ansible# cat customweb-playbook.yml 
# mkdir -p ansible/tmp
# git clone https://github.com/schogini/ansible-customeweb-playbook.git ansible/tmp/customweb
# mv ansible/tmp/customweb-playbook.yml ansible/
# docker run --rm -v $PWD/ansible:/etc/ansible schogini/docker-ansible-ws-ubuntu ansible-playbook /etc/ansible/customweb_playbook.yml
---
- hosts: web
  become: true
  vars:
    who: Gayatri
    title: Custom Web Title
    desc: Test Description via ansible playbook
  remote_user: root
  tasks:
    - name: install apache2
      apt: name=apache2 update_cache=yes state=latest

    - name: enabled mod_rewrite
      apache2_module: name=rewrite state=present
      notify:
        - restart apache2

    - name: install PHP module for Apache
      apt: name=libapache2-mod-php5 state=present
      notify:
        - restart apache2

    - name: copy directory
      copy:
        src: /etc/ansible/tmp/customweb/customweb/
        dest: /var/www/html
        owner: root
        group: root
        mode: 0744

    - name: copy simpleweb template to /var/www/html/ folder
      template: src=/etc/ansible/tmp/customweb/customweb.html dest=/var/www/html/index.html

  handlers:
    - name: restart apache2
      service: name=apache2 state=restarted
root@knode:~/ws/ansible# 
root@knode:~/ws/ansible# 
root@knode:~/ws/ansible# 
root@knode:~/ws/ansible# 
root@knode:~/ws/ansible# ls
ansible                   copyme.txt              new               roles                                       tag.yml
ansible.cfg               customweb-playbook.yml  nodes.sh          simpleweb_playbook-with-role-pass-vars.yml  tmp
ansible-ws.sh             first_playbook-rm.yml   ntpd.retry        simpleweb_playbook-with-role.retry
apache.yml                first_playbook.yml      ntpd.yml          simpleweb_playbook-with-role.yml
copy-file-playbook.retry  hosts                   playbook-git.yml  simpleweb_playbook.yml
copy-file-playbook.yml    include.yml             playbook.yml      tag.retry
root@knode:~/ws/ansible# 
root@knode:~/ws/ansible# 
root@knode:~/ws/ansible# 
root@knode:~/ws/ansible# 
root@knode:~/ws/ansible# cat ntpd.yml 
---

- name: install ntpd server

  hosts: [db] 
  become: yes

  tasks:
  - name: install ntp server
    apt: name=ntp state=present
 
  - name: service must be running        
    service: name=ntp state=started
root@knode:~/ws/ansible# 
root@knode:~/ws/ansible# 
root@knode:~/ws/ansible# 
root@knode:~/ws/ansible# cd ..
root@knode:~/ws# docker run --rm -v $PWD/ansible:/etc/ansible schogini/docker-ansible-ws-ubuntu ansible-playbook /etc/ansible/ntpd.yml

PLAY [install ntpd server] *****************************************************

TASK [Gathering Facts] *********************************************************
ok: [172.17.0.4]
ok: [172.17.0.5]

TASK [install ntp server] ******************************************************
ok: [172.17.0.5]
changed: [172.17.0.4]

TASK [service must be running] *************************************************
changed: [172.17.0.4]
changed: [172.17.0.5]

PLAY RECAP *********************************************************************
172.17.0.4                 : ok=3    changed=2    unreachable=0    failed=0   
172.17.0.5                 : ok=3    changed=1    unreachable=0    failed=0   

root@knode:~/ws# 
root@knode:~/ws# 
root@knode:~/ws# 
root@knode:~/ws# cd ansible/
root@knode:~/ws/ansible# 
root@knode:~/ws/ansible# ll
total 132
drwxr-xr-x 7 root root  4096 Sep  9 02:03 ./
drwxr-xr-x 3 root root  4096 Sep  2 13:36 ../
drwxr-xr-x 2 root root  4096 Sep  9 01:05 ansible/
-rw-r--r-- 1 root root 19839 Mar 29 00:04 ansible.cfg
-rwxr-xr-x 1 root root   133 Mar 29 00:04 ansible-ws.sh*
-rw-r--r-- 1 root root   230 Sep  2 14:05 apache.yml
-rw-r--r-- 1 root root    18 Mar 29 00:04 copy-file-playbook.retry
-rw-r--r-- 1 root root   124 Mar 29 00:04 copy-file-playbook.yml
-rw-r--r-- 1 root root    35 Mar 29 00:04 copyme.txt
-rwxr-xr-x 1 root root  1216 Mar 29 00:04 customweb-playbook.yml*
-rw-r--r-- 1 root root   128 Mar 29 00:04 first_playbook-rm.yml
-rw-r--r-- 1 root root   126 Mar 29 00:04 first_playbook.yml
drwxr-xr-x 8 root root  4096 Mar 29 00:04 .git/
-rw-r--r-- 1 root root    57 Sep  9 00:49 hosts
-rw-r--r-- 1 root root   216 Sep  9 01:59 include.yml
drwxr-xr-x 2 root root  4096 Sep  9 02:24 new/
-rw-r--r-- 1 root root   327 Mar 29 00:04 nodes.sh
-rw-r--r-- 1 root root    22 Sep  2 13:58 ntpd.retry
-rw-r--r-- 1 root root   214 Sep  2 13:59 ntpd.yml
-rw-r--r-- 1 root root   137 Mar 29 00:04 playbook-git.yml
-rw-r--r-- 1 root root    47 Mar 29 00:04 playbook.yml
drwxr-xr-x 4 root root  4096 Mar 29 00:04 roles/
-rw-r--r-- 1 root root   137 Mar 29 00:04 simpleweb_playbook-with-role-pass-vars.yml
-rw-r--r-- 1 root root    18 Mar 29 00:04 simpleweb_playbook-with-role.retry
-rw-r--r-- 1 root root    73 Mar 29 00:04 simpleweb_playbook-with-role.yml
-rw-r--r-- 1 root root   722 Mar 29 00:04 simpleweb_playbook.yml
-rw-r--r-- 1 root root    44 Sep  9 01:35 tag.retry
-rw-r--r-- 1 root root   701 Sep  9 01:38 tag.yml
drwxr-xr-x 3 root root  4096 Mar 29 00:04 tmp/
root@knode:~/ws/ansible# cat playbook-git.yml 
- hosts: 
    - web
  roles:
    - geerlingguy.git
#  roles:
#    - { role: geerlingguy.git }
#  vars:
#    git_install_from_source: yes
root@knode:~/ws/ansible# 
root@knode:~/ws/ansible# 
root@knode:~/ws/ansible# 
root@knode:~/ws/ansible# cd ..
root@knode:~/ws# 
root@knode:~/ws# 
root@knode:~/ws# docker run --rm -v $PWD/ansible:/etc/ansible schogini/docker-ansible-ws-ubuntu ansible-playbook /etc/ansible/playbook-git.yml
[DEPRECATION WARNING]: The use of 'include' for tasks has been deprecated. Use 
'import_tasks' for static inclusions or 'include_tasks' for dynamic inclusions.
 This feature will be removed in a future release. Deprecation warnings can be 
disabled by setting deprecation_warnings=False in ansible.cfg.
[DEPRECATION WARNING]: include is kept for backwards compatibility but usage is
 discouraged. The module documentation details page may explain more about this
 rationale.. This feature will be removed in a future release. Deprecation 
warnings can be disabled by setting deprecation_warnings=False in ansible.cfg.

PLAY [web] *********************************************************************

TASK [Gathering Facts] *********************************************************
ok: [172.17.0.2]
ok: [172.17.0.3]

TASK [geerlingguy.git : Ensure git is installed (RedHat).] *********************
skipping: [172.17.0.2] => (item=git) 
skipping: [172.17.0.2] => (item=git-svn) 
skipping: [172.17.0.3] => (item=git) 
skipping: [172.17.0.3] => (item=git-svn) 

TASK [geerlingguy.git : Update apt cache (Debian).] ****************************
ok: [172.17.0.2]
ok: [172.17.0.3]

TASK [geerlingguy.git : Ensure git is installed (Debian).] *********************
changed: [172.17.0.2] => (item=[u'git', u'git-svn'])
changed: [172.17.0.3] => (item=[u'git', u'git-svn'])

TASK [geerlingguy.git : Include OS-specific variables (RedHat).] ***************
skipping: [172.17.0.2]
skipping: [172.17.0.3]

TASK [geerlingguy.git : Include OS-specific variables (Fedora).] ***************
skipping: [172.17.0.2]
skipping: [172.17.0.3]

TASK [geerlingguy.git : Include OS-specific variables (Debian).] ***************
skipping: [172.17.0.2]
skipping: [172.17.0.3]

TASK [geerlingguy.git : Define git_install_from_source_dependencies.] **********
skipping: [172.17.0.2]
skipping: [172.17.0.3]

TASK [geerlingguy.git : Ensure git's dependencies are installed (RedHat).] *****
skipping: [172.17.0.2]
skipping: [172.17.0.3]

TASK [geerlingguy.git : Ensure git's dependencies are installed (Debian).] *****
skipping: [172.17.0.2]
skipping: [172.17.0.3]

TASK [geerlingguy.git : Get installed version] *********************************
skipping: [172.17.0.2]
skipping: [172.17.0.3]

TASK [geerlingguy.git : Force git install if the version numbers do not match] ***
skipping: [172.17.0.2]
skipping: [172.17.0.3]

TASK [geerlingguy.git : Download git.] *****************************************
skipping: [172.17.0.2]
skipping: [172.17.0.3]

TASK [geerlingguy.git : Expand git archive.] ***********************************
skipping: [172.17.0.2]
skipping: [172.17.0.3]

TASK [geerlingguy.git : Build git.] ********************************************
skipping: [172.17.0.2] => (item=all) 
skipping: [172.17.0.2] => (item=install) 
skipping: [172.17.0.3] => (item=all) 
skipping: [172.17.0.3] => (item=install) 

PLAY RECAP *********************************************************************
172.17.0.2                 : ok=3    changed=1    unreachable=0    failed=0   
172.17.0.3                 : ok=3    changed=1    unreachable=0    failed=0   

root@knode:~/ws# cd ansible/
root@knode:~/ws/ansible# 
root@knode:~/ws/ansible# 
root@knode:~/ws/ansible# ls
ansible                   copyme.txt              new               roles                                       tag.yml
ansible.cfg               customweb-playbook.yml  nodes.sh          simpleweb_playbook-with-role-pass-vars.yml  tmp
ansible-ws.sh             first_playbook-rm.yml   ntpd.retry        simpleweb_playbook-with-role.retry
apache.yml                first_playbook.yml      ntpd.yml          simpleweb_playbook-with-role.yml
copy-file-playbook.retry  hosts                   playbook-git.yml  simpleweb_playbook.yml
copy-file-playbook.yml    include.yml             playbook.yml      tag.retry
root@knode:~/ws/ansible# 
root@knode:~/ws/ansible# 
root@knode:~/ws/ansible# 
root@knode:~/ws/ansible# cat customweb-playbook.yml 
# mkdir -p ansible/tmp
# git clone https://github.com/schogini/ansible-customeweb-playbook.git ansible/tmp/customweb
# mv ansible/tmp/customweb-playbook.yml ansible/
# docker run --rm -v $PWD/ansible:/etc/ansible schogini/docker-ansible-ws-ubuntu ansible-playbook /etc/ansible/customweb_playbook.yml
---
- hosts: web
  become: true
  vars:
    who: Gayatri
    title: Custom Web Title
    desc: Test Description via ansible playbook
  remote_user: root
  tasks:
    - name: install apache2
      apt: name=apache2 update_cache=yes state=latest

    - name: enabled mod_rewrite
      apache2_module: name=rewrite state=present
      notify:
        - restart apache2

    - name: install PHP module for Apache
      apt: name=libapache2-mod-php5 state=present
      notify:
        - restart apache2

    - name: copy directory
      copy:
        src: /etc/ansible/tmp/customweb/customweb/
        dest: /var/www/html
        owner: root
        group: root
        mode: 0744

    - name: copy simpleweb template to /var/www/html/ folder
      template: src=/etc/ansible/tmp/customweb/customweb.html dest=/var/www/html/index.html

  handlers:
    - name: restart apache2
      service: name=apache2 state=restarted
root@knode:~/ws/ansible# ls
ansible                   copyme.txt              new               roles                                       tag.yml
ansible.cfg               customweb-playbook.yml  nodes.sh          simpleweb_playbook-with-role-pass-vars.yml  tmp
ansible-ws.sh             first_playbook-rm.yml   ntpd.retry        simpleweb_playbook-with-role.retry
apache.yml                first_playbook.yml      ntpd.yml          simpleweb_playbook-with-role.yml
copy-file-playbook.retry  hosts                   playbook-git.yml  simpleweb_playbook.yml
copy-file-playbook.yml    include.yml             playbook.yml      tag.retry
root@knode:~/ws/ansible# cd tmp/
root@knode:~/ws/ansible/tmp# ls
customweb  simpleweb.html
root@knode:~/ws/ansible/tmp# cd customweb/
root@knode:~/ws/ansible/tmp/customweb# ls
customweb  customweb.html  simpleweb.html
root@knode:~/ws/ansible/tmp/customweb# 
root@knode:~/ws/ansible/tmp/customweb# cd ..
root@knode:~/ws/ansible/tmp# cd customweb/customweb/
root@knode:~/ws/ansible/tmp/customweb/customweb# ls
css  favicon.ico  fonts  images  index.erb  index.html  js  readme.txt  styles.html
root@knode:~/ws/ansible/tmp/customweb/customweb# cd ../..
root@knode:~/ws/ansible/tmp# 
root@knode:~/ws/ansible/tmp# cd ..
root@knode:~/ws/ansible# ls
ansible                   copyme.txt              new               roles                                       tag.yml
ansible.cfg               customweb-playbook.yml  nodes.sh          simpleweb_playbook-with-role-pass-vars.yml  tmp
ansible-ws.sh             first_playbook-rm.yml   ntpd.retry        simpleweb_playbook-with-role.retry
apache.yml                first_playbook.yml      ntpd.yml          simpleweb_playbook-with-role.yml
copy-file-playbook.retry  hosts                   playbook-git.yml  simpleweb_playbook.yml
copy-file-playbook.yml    include.yml             playbook.yml      tag.retry
root@knode:~/ws/ansible# cd ..
root@knode:~/ws# docker run --rm -v $PWD/ansible:/etc/ansible schogini/docker-ansible-ws-ubuntu ansible-playbook /etc/ansible/customweb-playbook.yml

PLAY [web] *********************************************************************

TASK [Gathering Facts] *********************************************************
ok: [172.17.0.3]
ok: [172.17.0.2]

TASK [install apache2] *********************************************************
ok: [172.17.0.2]
ok: [172.17.0.3]

TASK [enabled mod_rewrite] *****************************************************
changed: [172.17.0.3]
changed: [172.17.0.2]

TASK [install PHP module for Apache] *******************************************
changed: [172.17.0.2]
changed: [172.17.0.3]

TASK [copy directory] **********************************************************
changed: [172.17.0.3]
changed: [172.17.0.2]

TASK [copy simpleweb template to /var/www/html/ folder] ************************
changed: [172.17.0.2]
changed: [172.17.0.3]

RUNNING HANDLER [restart apache2] **********************************************
changed: [172.17.0.2]
changed: [172.17.0.3]

PLAY RECAP *********************************************************************
172.17.0.2                 : ok=7    changed=5    unreachable=0    failed=0   
172.17.0.3                 : ok=7    changed=5    unreachable=0    failed=0   

root@knode:~/ws# 
root@knode:~/ws# 
root@knode:~/ws# 
root@knode:~/ws# 
root@knode:~/ws# 
root@knode:~/ws# git --version
git version 2.7.4
root@knode:~/ws# 
root@knode:~/ws# 
root@knode:~/ws# git init
Initialized empty Git repository in /root/ws/.git/
root@knode:~/ws# cd ansible/
root@knode:~/ws/ansible# 
root@knode:~/ws/ansible# 
root@knode:~/ws/ansible# 
root@knode:~/ws/ansible# git init
Reinitialized existing Git repository in /root/ws/ansible/.git/
root@knode:~/ws/ansible# 
root@knode:~/ws/ansible# 
root@knode:~/ws/ansible# 
root@knode:~/ws/ansible# git add .
root@knode:~/ws/ansible# 
root@knode:~/ws/ansible# 
root@knode:~/ws/ansible# git status
On branch master
Your branch is up-to-date with 'origin/master'.
Changes to be committed:
  (use "git reset HEAD <file>..." to unstage)

	new file:   apache.yml
	modified:   hosts
	new file:   include.yml
	new file:   new/apache.yml
	new file:   new/content.yml
	new file:   new/create_folder.yml
	new file:   new/include.retry
	new file:   new/include.yml
	new file:   new/nginx.yml
	new file:   ntpd.retry
	new file:   ntpd.yml
	new file:   tag.retry
	new file:   tag.yml

root@knode:~/ws/ansible# 
root@knode:~/ws/ansible# 
root@knode:~/ws/ansible# git commit -m "handson of playbook"
[master fe43dc7] handson of playbook
 Committer: root <root@knode.localdomain>
Your name and email address were configured automatically based
on your username and hostname. Please check that they are accurate.
You can suppress this message by setting them explicitly. Run the
following command and follow the instructions in your editor to edit
your configuration file:

    git config --global --edit

After doing this, you may fix the identity used for this commit with:

    git commit --amend --reset-author

 13 files changed, 187 insertions(+), 3 deletions(-)
 create mode 100644 apache.yml
 create mode 100644 include.yml
 create mode 100644 new/apache.yml
 create mode 100644 new/content.yml
 create mode 100644 new/create_folder.yml
 create mode 100644 new/include.retry
 create mode 100644 new/include.yml
 create mode 100644 new/nginx.yml
 create mode 100644 ntpd.retry
 create mode 100644 ntpd.yml
 create mode 100644 tag.retry
 create mode 100644 tag.yml
root@knode:~/ws/ansible# 
root@knode:~/ws/ansible# 
root@knode:~/ws/ansible# 
root@knode:~/ws/ansible# 
root@knode:~/ws/ansible# 
root@knode:~/ws/ansible# 
root@knode:~/ws/ansible# git remote add origin https://github.com/krishna0510/ansible-plabooks-git
fatal: remote origin already exists.
root@knode:~/ws/ansible# 
root@knode:~/ws/ansible# 
root@knode:~/ws/ansible# git remote delete origin
error: Unknown subcommand: delete
usage: git remote [-v | --verbose]
   or: git remote add [-t <branch>] [-m <master>] [-f] [--tags | --no-tags] [--mirror=<fetch|push>] <name> <url>
   or: git remote rename <old> <new>
   or: git remote remove <name>
   or: git remote set-head <name> (-a | --auto | -d | --delete | <branch>)
   or: git remote [-v | --verbose] show [-n] <name>
   or: git remote prune [-n | --dry-run] <name>
   or: git remote [-v | --verbose] update [-p | --prune] [(<group> | <remote>)...]
   or: git remote set-branches [--add] <name> <branch>...
   or: git remote get-url [--push] [--all] <name>
   or: git remote set-url [--push] <name> <newurl> [<oldurl>]
   or: git remote set-url --add <name> <newurl>
   or: git remote set-url --delete <name> <url>

    -v, --verbose         be verbose; must be placed before a subcommand

root@knode:~/ws/ansible# git remote remove origin
root@knode:~/ws/ansible# 
root@knode:~/ws/ansible# 
root@knode:~/ws/ansible# 
root@knode:~/ws/ansible# git remote add origin https://github.com/krishna0510/ansible-plabooks-git
root@knode:~/ws/ansible# 
root@knode:~/ws/ansible# 
root@knode:~/ws/ansible# git push -u origin master
Username for 'https://github.com': krishna0510
Password for 'https://krishna0510@github.com': 
remote: Repository not found.
fatal: repository 'https://github.com/krishna0510/ansible-plabooks-git/' not found
root@knode:~/ws/ansible# git remote remove origin
root@knode:~/ws/ansible# 
root@knode:~/ws/ansible# 
root@knode:~/ws/ansible# git remote add origin "https://github.com/krishna0510/ansible-playbooks.git"
root@knode:~/ws/ansible# 
root@knode:~/ws/ansible# 
root@knode:~/ws/ansible# 
root@knode:~/ws/ansible# git pull origin master
warning: no common commits
remote: Counting objects: 3, done.
remote: Total 3 (delta 0), reused 0 (delta 0), pack-reused 0
Unpacking objects: 100% (3/3), done.
From https://github.com/krishna0510/ansible-playbooks
 * branch            master     -> FETCH_HEAD
 * [new branch]      master     -> origin/master
Merge made by the 'recursive' strategy.
 README.md | 1 +
 1 file changed, 1 insertion(+)
 create mode 100644 README.md
root@knode:~/ws/ansible# 
root@knode:~/ws/ansible# 
root@knode:~/ws/ansible# 
root@knode:~/ws/ansible# git push -u origin master
Username for 'https://github.com': krishna0510
Password for 'https://krishna0510@github.com': 
Counting objects: 192, done.
Compressing objects: 100% (161/161), done.
Writing objects: 100% (192/192), 4.77 MiB | 807.00 KiB/s, done.
Total 192 (delta 15), reused 173 (delta 11)
remote: Resolving deltas: 100% (15/15), done.
To https://github.com/krishna0510/ansible-playbooks.git
   2509e53..37022a2  master -> master
Branch master set up to track remote branch master from origin.
root@knode:~/ws/ansible# 
root@knode:~/ws/ansible# 
root@knode:~/ws/ansible# 
root@knode:~/ws/ansible# 
root@knode:~/ws/ansible# 
root@knode:~/ws/ansible# ls
ansible                   copy-file-playbook.yml  hosts        ntpd.yml          simpleweb_playbook-with-role-pass-vars.yml  tag.yml
ansible.cfg               copyme.txt              include.yml  playbook-git.yml  simpleweb_playbook-with-role.retry          tmp
ansible-ws.sh             customweb-playbook.yml  new          playbook.yml      simpleweb_playbook-with-role.yml
apache.yml                first_playbook-rm.yml   nodes.sh     README.md         simpleweb_playbook.yml
copy-file-playbook.retry  first_playbook.yml      ntpd.retry   roles             tag.retry
root@knode:~/ws/ansible# 
root@knode:~/ws/ansible# 
root@knode:~/ws/ansible# ll
total 136
drwxr-xr-x 7 root root  4096 Sep  9 07:53 ./
drwxr-xr-x 4 root root  4096 Sep  9 07:45 ../
drwxr-xr-x 2 root root  4096 Sep  9 01:05 ansible/
-rw-r--r-- 1 root root 19839 Mar 29 00:04 ansible.cfg
-rwxr-xr-x 1 root root   133 Mar 29 00:04 ansible-ws.sh*
-rw-r--r-- 1 root root   230 Sep  2 14:05 apache.yml
-rw-r--r-- 1 root root    18 Mar 29 00:04 copy-file-playbook.retry
-rw-r--r-- 1 root root   124 Mar 29 00:04 copy-file-playbook.yml
-rw-r--r-- 1 root root    35 Mar 29 00:04 copyme.txt
-rwxr-xr-x 1 root root  1216 Mar 29 00:04 customweb-playbook.yml*
-rw-r--r-- 1 root root   128 Mar 29 00:04 first_playbook-rm.yml
-rw-r--r-- 1 root root   126 Mar 29 00:04 first_playbook.yml
drwxr-xr-x 8 root root  4096 Sep  9 07:53 .git/
-rw-r--r-- 1 root root    57 Sep  9 00:49 hosts
-rw-r--r-- 1 root root   216 Sep  9 01:59 include.yml
drwxr-xr-x 2 root root  4096 Sep  9 02:24 new/
-rw-r--r-- 1 root root   327 Mar 29 00:04 nodes.sh
-rw-r--r-- 1 root root    22 Sep  2 13:58 ntpd.retry
-rw-r--r-- 1 root root   214 Sep  2 13:59 ntpd.yml
-rw-r--r-- 1 root root   137 Mar 29 00:04 playbook-git.yml
-rw-r--r-- 1 root root    47 Mar 29 00:04 playbook.yml
-rw-r--r-- 1 root root    19 Sep  9 07:53 README.md
drwxr-xr-x 4 root root  4096 Mar 29 00:04 roles/
-rw-r--r-- 1 root root   137 Mar 29 00:04 simpleweb_playbook-with-role-pass-vars.yml
-rw-r--r-- 1 root root    18 Mar 29 00:04 simpleweb_playbook-with-role.retry
-rw-r--r-- 1 root root    73 Mar 29 00:04 simpleweb_playbook-with-role.yml
-rw-r--r-- 1 root root   722 Mar 29 00:04 simpleweb_playbook.yml
-rw-r--r-- 1 root root    44 Sep  9 01:35 tag.retry
-rw-r--r-- 1 root root   701 Sep  9 01:38 tag.yml
drwxr-xr-x 3 root root  4096 Mar 29 00:04 tmp/
root@knode:~/ws/ansible# 
root@knode:~/ws/ansible# 
root@knode:~/ws/ansible# 
root@knode:~/ws/ansible# ls
ansible                   copy-file-playbook.yml  hosts        ntpd.yml          simpleweb_playbook-with-role-pass-vars.yml  tag.yml
ansible.cfg               copyme.txt              include.yml  playbook-git.yml  simpleweb_playbook-with-role.retry          tmp
ansible-ws.sh             customweb-playbook.yml  new          playbook.yml      simpleweb_playbook-with-role.yml
apache.yml                first_playbook-rm.yml   nodes.sh     README.md         simpleweb_playbook.yml
copy-file-playbook.retry  first_playbook.yml      ntpd.retry   roles             tag.retry
root@knode:~/ws/ansible# nano ansible.cfg 
Use "fg" to return to nano.

[1]+  Stopped                 nano ansible.cfg
root@knode:~/ws/ansible# 
root@knode:~/ws/ansible# 
root@knode:~/ws/ansible# nano ansible.cfg 
root@knode:~/ws/ansible# nano ansible.cfg 
root@knode:~/ws/ansible# 
root@knode:~/ws/ansible# 
root@knode:~/ws/ansible# ls
ansible                   copy-file-playbook.yml  hosts        ntpd.yml          simpleweb_playbook-with-role-pass-vars.yml  tag.yml
ansible.cfg               copyme.txt              include.yml  playbook-git.yml  simpleweb_playbook-with-role.retry          tmp
ansible-ws.sh             customweb-playbook.yml  new          playbook.yml      simpleweb_playbook-with-role.yml
apache.yml                first_playbook-rm.yml   nodes.sh     README.md         simpleweb_playbook.yml
copy-file-playbook.retry  first_playbook.yml      ntpd.retry   roles             tag.retry
root@knode:~/ws/ansible# 
root@knode:~/ws/ansible# 
root@knode:~/ws/ansible# 
root@knode:~/ws/ansible# ansible-galaxy init sample_role
The program 'ansible-galaxy' is currently not installed. You can install it by typing:
apt install ansible
root@knode:~/ws/ansible# 
root@knode:~/ws/ansible# 
root@knode:~/ws/ansible# 
root@knode:~/ws/ansible# 
root@knode:~/ws/ansible# cd ..
root@knode:~/ws# docker run --rm -v $PWD/ansible:/etc/ansible schogini/docker-ansible-ws-ubuntu ansible-galaxy init /root/ws/ansible/sample_role
- /root/ws/ansible/sample_role was created successfully
root@knode:~/ws# 
root@knode:~/ws# 
root@knode:~/ws# 
root@knode:~/ws# cd ansible/
root@knode:~/ws/ansible# ll
total 136
drwxr-xr-x 7 root root  4096 Sep  9 09:15 ./
drwxr-xr-x 4 root root  4096 Sep  9 07:45 ../
drwxr-xr-x 2 root root  4096 Sep  9 01:05 ansible/
-rw-r--r-- 1 root root 19839 Mar 29 00:04 ansible.cfg
-rwxr-xr-x 1 root root   133 Mar 29 00:04 ansible-ws.sh*
-rw-r--r-- 1 root root   230 Sep  2 14:05 apache.yml
-rw-r--r-- 1 root root    18 Mar 29 00:04 copy-file-playbook.retry
-rw-r--r-- 1 root root   124 Mar 29 00:04 copy-file-playbook.yml
-rw-r--r-- 1 root root    35 Mar 29 00:04 copyme.txt
-rwxr-xr-x 1 root root  1216 Mar 29 00:04 customweb-playbook.yml*
-rw-r--r-- 1 root root   128 Mar 29 00:04 first_playbook-rm.yml
-rw-r--r-- 1 root root   126 Mar 29 00:04 first_playbook.yml
drwxr-xr-x 8 root root  4096 Sep  9 07:53 .git/
-rw-r--r-- 1 root root    57 Sep  9 00:49 hosts
-rw-r--r-- 1 root root   216 Sep  9 01:59 include.yml
drwxr-xr-x 2 root root  4096 Sep  9 02:24 new/
-rw-r--r-- 1 root root   327 Mar 29 00:04 nodes.sh
-rw-r--r-- 1 root root    22 Sep  2 13:58 ntpd.retry
-rw-r--r-- 1 root root   214 Sep  2 13:59 ntpd.yml
-rw-r--r-- 1 root root   137 Mar 29 00:04 playbook-git.yml
-rw-r--r-- 1 root root    47 Mar 29 00:04 playbook.yml
-rw-r--r-- 1 root root    19 Sep  9 07:53 README.md
drwxr-xr-x 4 root root  4096 Mar 29 00:04 roles/
-rw-r--r-- 1 root root   137 Mar 29 00:04 simpleweb_playbook-with-role-pass-vars.yml
-rw-r--r-- 1 root root    18 Mar 29 00:04 simpleweb_playbook-with-role.retry
-rw-r--r-- 1 root root    73 Mar 29 00:04 simpleweb_playbook-with-role.yml
-rw-r--r-- 1 root root   722 Mar 29 00:04 simpleweb_playbook.yml
-rw-r--r-- 1 root root    44 Sep  9 01:35 tag.retry
-rw-r--r-- 1 root root   701 Sep  9 01:38 tag.yml
drwxr-xr-x 3 root root  4096 Mar 29 00:04 tmp/
root@knode:~/ws/ansible# 
root@knode:~/ws/ansible# pwd
/root/ws/ansible
root@knode:~/ws/ansible# 
root@knode:~/ws/ansible# cd /root/ws/ansible/
root@knode:~/ws/ansible# 
root@knode:~/ws/ansible# 
root@knode:~/ws/ansible# 
root@knode:~/ws/ansible# ls
ansible                   copy-file-playbook.yml  hosts        ntpd.yml          simpleweb_playbook-with-role-pass-vars.yml  tag.yml
ansible.cfg               copyme.txt              include.yml  playbook-git.yml  simpleweb_playbook-with-role.retry          tmp
ansible-ws.sh             customweb-playbook.yml  new          playbook.yml      simpleweb_playbook-with-role.yml
apache.yml                first_playbook-rm.yml   nodes.sh     README.md         simpleweb_playbook.yml
copy-file-playbook.retry  first_playbook.yml      ntpd.retry   roles             tag.retry
root@knode:~/ws/ansible# 
root@knode:~/ws/ansible# cd roles/
root@knode:~/ws/ansible/roles# ls
geerlingguy.git  simpleweb
root@knode:~/ws/ansible/roles# 
root@knode:~/ws/ansible/roles# 
root@knode:~/ws/ansible/roles# cd ..
root@knode:~/ws/ansible# 
root@knode:~/ws/ansible# 
root@knode:~/ws/ansible# 
root@knode:~/ws/ansible# ls
ansible                   copy-file-playbook.yml  hosts        ntpd.yml          simpleweb_playbook-with-role-pass-vars.yml  tag.yml
ansible.cfg               copyme.txt              include.yml  playbook-git.yml  simpleweb_playbook-with-role.retry          tmp
ansible-ws.sh             customweb-playbook.yml  new          playbook.yml      simpleweb_playbook-with-role.yml
apache.yml                first_playbook-rm.yml   nodes.sh     README.md         simpleweb_playbook.yml
copy-file-playbook.retry  first_playbook.yml      ntpd.retry   roles             tag.retry
root@knode:~/ws/ansible# 
root@knode:~/ws/ansible# 
root@knode:~/ws/ansible# 
root@knode:~/ws/ansible# 
root@knode:~/ws/ansible# 
root@knode:~/ws/ansible# 
root@knode:~/ws/ansible# docker run --rm -v $PWD/ansible:/etc/ansible schogini/docker-ansible-ws-ubuntu ansible-galaxy init /root/ws/ansible/sample_role
- /root/ws/ansible/sample_role was created successfully
root@knode:~/ws/ansible# 
root@knode:~/ws/ansible# 
root@knode:~/ws/ansible# 
root@knode:~/ws/ansible# docker run --rm -v $PWD/ansible:/etc/ansible schogini/docker-ansible-ws-ubuntu ansible-galaxy install /root/ws/ansible/geerlingguy.docker
 [WARNING]: - /root/ws/ansible/geerlingguy.docker was NOT installed
successfully: Failed to get data from the API server
(https://galaxy.ansible.com/api/): Failed to validate the SSL certificate for
galaxy.ansible.com:443. Make sure your managed systems have a valid CA
certificate installed. If the website serving the url uses SNI you need python
>= 2.7.9 on your managed machine  (the python executable used (/usr/bin/python)
is version: 2.7.6 (default, Oct 26 2016, 20:30:19) [GCC 4.8.4]) or you can
install the `urllib3`, `pyOpenSSL`, `ndg-httpsclient`, and `pyasn1` python
modules to perform SNI verification in python >= 2.6. You can use
validate_certs=False if you do not need to confirm the servers identity but
this is unsafe and not recommended. Paths checked for this platform:
/etc/ssl/certs, /etc/pki/ca-trust/extracted/pem, /etc/pki/tls/certs, /usr/share
/ca-certificates/cacert.org, /etc/ansible. The exception msg was: hostname
u'galaxy.ansible.com' doesn't match either of
'*.c1e4.galaxy.openshiftapps.com', 'c1e4.galaxy.openshiftapps.com'.
ERROR! - you can use --ignore-errors to skip failed roles and finish processing the list.
root@knode:~/ws/ansible# 
root@knode:~/ws/ansible# 
root@knode:~/ws/ansible# 
root@knode:~/ws/ansible# 
root@knode:~/ws/ansible# 
root@knode:~/ws/ansible# docker run --rm -v $PWD/ansible:/etc/ansible schogini/docker-ansible-ws-ubuntu ansible-galaxy install /root/ws/ansible/geerlingguy.docker --ignore-errors
 [WARNING]: - /root/ws/ansible/geerlingguy.docker was NOT installed
successfully: Failed to get data from the API server
(https://galaxy.ansible.com/api/): Failed to validate the SSL certificate for
galaxy.ansible.com:443. Make sure your managed systems have a valid CA
certificate installed. If the website serving the url uses SNI you need python
>= 2.7.9 on your managed machine  (the python executable used (/usr/bin/python)
is version: 2.7.6 (default, Oct 26 2016, 20:30:19) [GCC 4.8.4]) or you can
install the `urllib3`, `pyOpenSSL`, `ndg-httpsclient`, and `pyasn1` python
modules to perform SNI verification in python >= 2.6. You can use
validate_certs=False if you do not need to confirm the servers identity but
this is unsafe and not recommended. Paths checked for this platform:
/etc/ssl/certs, /etc/pki/ca-trust/extracted/pem, /etc/pki/tls/certs, /usr/share
/ca-certificates/cacert.org, /etc/ansible. The exception msg was: hostname
u'galaxy.ansible.com' doesn't match either of
'*.c1e4.galaxy.openshiftapps.com', 'c1e4.galaxy.openshiftapps.com'.
root@knode:~/ws/ansible# 
root@knode:~/ws/ansible# 
root@knode:~/ws/ansible# 
root@knode:~/ws/ansible# cd ..
root@knode:~/ws# docker run --rm -v $PWD/ansible:/etc/ansible schogini/docker-ansible-ws-ubuntu ansible-galaxy install /root/ws/ansible/geerlingguy.docker
 [WARNING]: - /root/ws/ansible/geerlingguy.docker was NOT installed
successfully: Failed to get data from the API server
(https://galaxy.ansible.com/api/): Failed to validate the SSL certificate for
galaxy.ansible.com:443. Make sure your managed systems have a valid CA
certificate installed. If the website serving the url uses SNI you need python
>= 2.7.9 on your managed machine  (the python executable used (/usr/bin/python)
is version: 2.7.6 (default, Oct 26 2016, 20:30:19) [GCC 4.8.4]) or you can
install the `urllib3`, `pyOpenSSL`, `ndg-httpsclient`, and `pyasn1` python
modules to perform SNI verification in python >= 2.6. You can use
validate_certs=False if you do not need to confirm the servers identity but
this is unsafe and not recommended. Paths checked for this platform:
/etc/ssl/certs, /etc/pki/ca-trust/extracted/pem, /etc/pki/tls/certs, /usr/share
/ca-certificates/cacert.org, /etc/ansible. The exception msg was: hostname
u'galaxy.ansible.com' doesn't match either of
'*.c1e4.galaxy.openshiftapps.com', 'c1e4.galaxy.openshiftapps.com'.
ERROR! - you can use --ignore-errors to skip failed roles and finish processing the list.
root@knode:~/ws# 
root@knode:~/ws# 
root@knode:~/ws# docker run --rm -v $PWD/ansible:/etc/ansible schogini/docker-ansible-ws-ubuntu ansible-galaxy init /root/ws/ansible/sample_role
- /root/ws/ansible/sample_role was created successfully
root@knode:~/ws# 
root@knode:~/ws# 
root@knode:~/ws# 
root@knode:~/ws# cd /root/ws/ansible/
root@knode:~/ws/ansible# ll
total 136
drwxr-xr-x 7 root root  4096 Sep  9 09:15 ./
drwxr-xr-x 4 root root  4096 Sep  9 07:45 ../
drwxr-xr-x 2 root root  4096 Sep  9 01:05 ansible/
-rw-r--r-- 1 root root 19839 Mar 29 00:04 ansible.cfg
-rwxr-xr-x 1 root root   133 Mar 29 00:04 ansible-ws.sh*
-rw-r--r-- 1 root root   230 Sep  2 14:05 apache.yml
-rw-r--r-- 1 root root    18 Mar 29 00:04 copy-file-playbook.retry
-rw-r--r-- 1 root root   124 Mar 29 00:04 copy-file-playbook.yml
-rw-r--r-- 1 root root    35 Mar 29 00:04 copyme.txt
-rwxr-xr-x 1 root root  1216 Mar 29 00:04 customweb-playbook.yml*
-rw-r--r-- 1 root root   128 Mar 29 00:04 first_playbook-rm.yml
-rw-r--r-- 1 root root   126 Mar 29 00:04 first_playbook.yml
drwxr-xr-x 8 root root  4096 Sep  9 07:53 .git/
-rw-r--r-- 1 root root    57 Sep  9 00:49 hosts
-rw-r--r-- 1 root root   216 Sep  9 01:59 include.yml
drwxr-xr-x 2 root root  4096 Sep  9 02:24 new/
-rw-r--r-- 1 root root   327 Mar 29 00:04 nodes.sh
-rw-r--r-- 1 root root    22 Sep  2 13:58 ntpd.retry
-rw-r--r-- 1 root root   214 Sep  2 13:59 ntpd.yml
-rw-r--r-- 1 root root   137 Mar 29 00:04 playbook-git.yml
-rw-r--r-- 1 root root    47 Mar 29 00:04 playbook.yml
-rw-r--r-- 1 root root    19 Sep  9 07:53 README.md
drwxr-xr-x 4 root root  4096 Mar 29 00:04 roles/
-rw-r--r-- 1 root root   137 Mar 29 00:04 simpleweb_playbook-with-role-pass-vars.yml
-rw-r--r-- 1 root root    18 Mar 29 00:04 simpleweb_playbook-with-role.retry
-rw-r--r-- 1 root root    73 Mar 29 00:04 simpleweb_playbook-with-role.yml
-rw-r--r-- 1 root root   722 Mar 29 00:04 simpleweb_playbook.yml
-rw-r--r-- 1 root root    44 Sep  9 01:35 tag.retry
-rw-r--r-- 1 root root   701 Sep  9 01:38 tag.yml
drwxr-xr-x 3 root root  4096 Mar 29 00:04 tmp/
root@knode:~/ws/ansible# 
root@knode:~/ws/ansible# cd roles/
root@knode:~/ws/ansible/roles# ls
geerlingguy.git  simpleweb
root@knode:~/ws/ansible/roles# cd geerlingguy.git/
root@knode:~/ws/ansible/roles/geerlingguy.git# ll
total 44
drwxr-xr-x 7 root root 4096 Mar 29 00:04 ./
drwxr-xr-x 4 root root 4096 Mar 29 00:04 ../
drwxr-xr-x 2 root root 4096 Mar 29 00:04 defaults/
-rw-r--r-- 1 root root   22 Mar 29 00:04 .gitignore
-rw-r--r-- 1 root root 1080 Mar 29 00:04 LICENSE
drwxr-xr-x 2 root root 4096 Mar 29 00:04 meta/
-rw-r--r-- 1 root root 1888 Mar 29 00:04 README.md
drwxr-xr-x 2 root root 4096 Mar 29 00:04 tasks/
drwxr-xr-x 2 root root 4096 Mar 29 00:04 tests/
-rw-r--r-- 1 root root 1635 Mar 29 00:04 .travis.yml
drwxr-xr-x 2 root root 4096 Mar 29 00:04 vars/
root@knode:~/ws/ansible/roles/geerlingguy.git# 
root@knode:~/ws/ansible/roles/geerlingguy.git# 
root@knode:~/ws/ansible/roles/geerlingguy.git# cd ..
root@knode:~/ws/ansible/roles# 
root@knode:~/ws/ansible/roles# 
root@knode:~/ws/ansible/roles# 
root@knode:~/ws/ansible/roles# 
root@knode:~/ws/ansible/roles# pwd
/root/ws/ansible/roles
root@knode:~/ws/ansible/roles# cd ../../..
root@knode:~# cd ws
root@knode:~/ws# 
root@knode:~/ws# 
root@knode:~/ws# docker run --rm -v $PWD/ansible:/etc/ansible schogini/docker-ansible-ws-ubuntu ansible-galaxy init /root/ws/ansible/roles/sample_role
- /root/ws/ansible/roles/sample_role was created successfully
root@knode:~/ws# 
root@knode:~/ws# 
root@knode:~/ws# 
root@knode:~/ws# cd /root/ws/ansible/roles/
root@knode:~/ws/ansible/roles# ll
total 16
drwxr-xr-x 4 root root 4096 Mar 29 00:04 ./
drwxr-xr-x 7 root root 4096 Sep  9 09:15 ../
drwxr-xr-x 7 root root 4096 Mar 29 00:04 geerlingguy.git/
drwxr-xr-x 6 root root 4096 Mar 29 00:04 simpleweb/
root@knode:~/ws/ansible/roles# cd ../..
root@knode:~/ws# docker run --rm -v $PWD/ansible:/etc/ansible schogini/docker-ansible-ws-ubuntu ansible-galaxy install /root/ws/ansible/roles/geerlingguy.docker
 [WARNING]: - /root/ws/ansible/roles/geerlingguy.docker was NOT installed
successfully: Failed to get data from the API server
(https://galaxy.ansible.com/api/): Failed to validate the SSL certificate for
galaxy.ansible.com:443. Make sure your managed systems have a valid CA
certificate installed. If the website serving the url uses SNI you need python
>= 2.7.9 on your managed machine  (the python executable used (/usr/bin/python)
is version: 2.7.6 (default, Oct 26 2016, 20:30:19) [GCC 4.8.4]) or you can
install the `urllib3`, `pyOpenSSL`, `ndg-httpsclient`, and `pyasn1` python
modules to perform SNI verification in python >= 2.6. You can use
validate_certs=False if you do not need to confirm the servers identity but
this is unsafe and not recommended. Paths checked for this platform:
/etc/ssl/certs, /etc/pki/ca-trust/extracted/pem, /etc/pki/tls/certs, /usr/share
/ca-certificates/cacert.org, /etc/ansible. The exception msg was: hostname
u'galaxy.ansible.com' doesn't match either of
'*.c1e4.galaxy.openshiftapps.com', 'c1e4.galaxy.openshiftapps.com'.
ERROR! - you can use --ignore-errors to skip failed roles and finish processing the list.
root@knode:~/ws# 
root@knode:~/ws# 
root@knode:~/ws# 
root@knode:~/ws# 
root@knode:~/ws# docker run --rm -v $PWD/ansible:/etc/ansible schogini/docker-ansible-ws-ubuntu ansible-galaxy install /root/ws/ansible/roles/geerlingguy.docker
 [WARNING]: - /root/ws/ansible/roles/geerlingguy.docker was NOT installed
successfully: Failed to get data from the API server
(https://galaxy.ansible.com/api/): Failed to validate the SSL certificate for
galaxy.ansible.com:443. Make sure your managed systems have a valid CA
certificate installed. If the website serving the url uses SNI you need python
>= 2.7.9 on your managed machine  (the python executable used (/usr/bin/python)
is version: 2.7.6 (default, Oct 26 2016, 20:30:19) [GCC 4.8.4]) or you can
install the `urllib3`, `pyOpenSSL`, `ndg-httpsclient`, and `pyasn1` python
modules to perform SNI verification in python >= 2.6. You can use
validate_certs=False if you do not need to confirm the servers identity but
this is unsafe and not recommended. Paths checked for this platform:
/etc/ssl/certs, /etc/pki/ca-trust/extracted/pem, /etc/pki/tls/certs, /usr/share
/ca-certificates/cacert.org, /etc/ansible. The exception msg was: hostname
u'galaxy.ansible.com' doesn't match either of
'*.c1e4.galaxy.openshiftapps.com', 'c1e4.galaxy.openshiftapps.com'.
ERROR! - you can use --ignore-errors to skip failed roles and finish processing the list.
root@knode:~/ws# 
root@knode:~/ws# 
root@knode:~/ws# 
root@knode:~/ws# docker run --rm -v $PWD/ansible:/etc/ansible schogini/docker-ansible-ws-ubuntu ansible-galaxy install /root/ws/ansible/roles/geerlingguy.docker
 [WARNING]: - /root/ws/ansible/roles/geerlingguy.docker was NOT installed
successfully: Failed to get data from the API server
(https://galaxy.ansible.com/api/): Failed to validate the SSL certificate for
galaxy.ansible.com:443. Make sure your managed systems have a valid CA
certificate installed. If the website serving the url uses SNI you need python
>= 2.7.9 on your managed machine  (the python executable used (/usr/bin/python)
is version: 2.7.6 (default, Oct 26 2016, 20:30:19) [GCC 4.8.4]) or you can
install the `urllib3`, `pyOpenSSL`, `ndg-httpsclient`, and `pyasn1` python
modules to perform SNI verification in python >= 2.6. You can use
validate_certs=False if you do not need to confirm the servers identity but
this is unsafe and not recommended. Paths checked for this platform:
/etc/ssl/certs, /etc/pki/ca-trust/extracted/pem, /etc/pki/tls/certs, /usr/share
/ca-certificates/cacert.org, /etc/ansible. The exception msg was: hostname
u'galaxy.ansible.com' doesn't match either of
'*.c1e4.galaxy.openshiftapps.com', 'c1e4.galaxy.openshiftapps.com'.
ERROR! - you can use --ignore-errors to skip failed roles and finish processing the list.
root@knode:~/ws# 
root@knode:~/ws# 
root@knode:~/ws# 
root@knode:~/ws# cd ansible/roles/
root@knode:~/ws/ansible/roles# ll
total 16
drwxr-xr-x 4 root root 4096 Mar 29 00:04 ./
drwxr-xr-x 7 root root 4096 Sep  9 09:15 ../
drwxr-xr-x 7 root root 4096 Mar 29 00:04 geerlingguy.git/
drwxr-xr-x 6 root root 4096 Mar 29 00:04 simpleweb/
root@knode:~/ws/ansible/roles# 
root@knode:~/ws/ansible/roles# 
root@knode:~/ws/ansible/roles# 
root@knode:~/ws/ansible/roles# docker run --rm -v $PWD/ansible:/etc/ansible schogini/docker-ansible-ws-ubuntu ansible-galaxy install geerlingguy.docker
 [WARNING]: - geerlingguy.docker was NOT installed successfully: Failed to get
data from the API server (https://galaxy.ansible.com/api/): Failed to validate
the SSL certificate for galaxy.ansible.com:443. Make sure your managed systems
have a valid CA certificate installed. If the website serving the url uses SNI
you need python >= 2.7.9 on your managed machine  (the python executable used
(/usr/bin/python) is version: 2.7.6 (default, Oct 26 2016, 20:30:19) [GCC
4.8.4]) or you can install the `urllib3`, `pyOpenSSL`, `ndg-httpsclient`, and
`pyasn1` python modules to perform SNI verification in python >= 2.6. You can
use validate_certs=False if you do not need to confirm the servers identity but
this is unsafe and not recommended. Paths checked for this platform:
/etc/ssl/certs, /etc/pki/ca-trust/extracted/pem, /etc/pki/tls/certs, /usr/share
/ca-certificates/cacert.org, /etc/ansible. The exception msg was: hostname
u'galaxy.ansible.com' doesn't match either of
'*.c1e4.galaxy.openshiftapps.com', 'c1e4.galaxy.openshiftapps.com'.
ERROR! - you can use --ignore-errors to skip failed roles and finish processing the list.
root@knode:~/ws/ansible/roles# 
root@knode:~/ws/ansible/roles# 
root@knode:~/ws/ansible/roles# docker run --rm -v $PWD/ansible:/etc/ansible schogini/docker-ansible-ws-ubuntu python --version
Python 2.7.6
root@knode:~/ws/ansible/roles# cd ../..
root@knode:~/ws# 
root@knode:~/ws# 
root@knode:~/ws# docker run --rm -v $PWD/ansible:/etc/ansible schogini/docker-ansible-ws-ubuntu where python
container_linux.go:247: starting container process caused "exec: \"where\": executable file not found in $PATH"
docker: Error response from daemon: oci runtime error: container_linux.go:247: starting container process caused "exec: \"where\": executable file not found in $PATH".
root@knode:~/ws# 
root@knode:~/ws# 
root@knode:~/ws# 
root@knode:~/ws# docker run --rm -v $PWD/ansible:/etc/ansible schogini/docker-ansible-ws-ubuntu exec where python
container_linux.go:247: starting container process caused "exec: \"exec\": executable file not found in $PATH"
docker: Error response from daemon: oci runtime error: container_linux.go:247: starting container process caused "exec: \"exec\": executable file not found in $PATH".
root@knode:~/ws# 
root@knode:~/ws# 
root@knode:~/ws# docker run --rm -v $PWD/ansible:/etc/ansible schogini/docker-ansible-ws-ubuntu python --version
Python 2.7.6
root@knode:~/ws# 
root@knode:~/ws# 
root@knode:~/ws# docker run --rm -v $PWD/ansible:/etc/ansible schogini/docker-ansible-ws-ubuntu apt install python 3.6

WARNING: apt does not have a stable CLI interface yet. Use with caution in scripts.

Reading package lists...
Building dependency tree...
Reading state information...
python is already the newest version.
python set to manually installed.
The following extra packages will be installed:
  accountsservice acl acpid alsa-base alsa-utils apg aptdaemon aspell
  aspell-en at-spi2-core avahi-daemon avahi-utils bbswitch-dkms bind9-host
  binfmt-support bluez bsdmainutils camlp4 cheese-common colord comerr-dev
  cpu-checker cracklib-runtime crda cups-pk-helper curl dbus dbus-x11
  dconf-cli dconf-gsettings-backend dconf-service debhelper desktop-file-utils
  dh-apparmor dialog dictionaries-common diffstat dkms dnsmasq-base dosfstools
  enchant evolution-data-server evolution-data-server-common
  evolution-data-server-online-accounts fontconfig fontconfig-config
  fonts-dejavu-core fuse gcc-4.8-multilib gcc-multilib gconf-service
  gconf-service-backend gconf2 gconf2-common gcr gdisk geoclue
  geoclue-ubuntu-geoip geoip-database gettext gettext-base ghc ghc-prof
  gir1.2-atk-1.0 gir1.2-freedesktop gir1.2-gconf-2.0 gir1.2-gdkpixbuf-2.0
  gir1.2-glib-2.0 gir1.2-gnomebluetooth-1.0 gir1.2-gtk-2.0 gir1.2-gtk-3.0
  gir1.2-ibus-1.0 gir1.2-notify-0.7 gir1.2-packagekitglib-1.0 gir1.2-pango-1.0
  gkbd-capplet glib-networking glib-networking-common glib-networking-services
  gnome-bluetooth gnome-control-center-shared-data gnome-desktop3-data
  gnome-icon-theme gnome-icon-theme-symbolic gnome-keyring gnome-menus
  gnome-power-manager gnome-screensaver gnome-session-bin
  gnome-settings-daemon-schemas gnome-user-guide gnome-user-share groff-base
  gsettings-desktop-schemas gsettings-ubuntu-schemas gstreamer0.10-pulseaudio
  gstreamer1.0-alsa gstreamer1.0-clutter gstreamer1.0-plugins-base
  gstreamer1.0-plugins-good gstreamer1.0-x gvfs gvfs-backends gvfs-common
  gvfs-daemons gvfs-libs hardening-includes hicolor-icon-theme
  humanity-icon-theme hunspell-en-us hwdata ibus ibus-gtk ibus-gtk3 im-config
  indicator-applet indicator-application indicator-bluetooth
  indicator-datetime indicator-keyboard indicator-messages indicator-power
  indicator-session indicator-sound intltool-debian iptables iputils-arping
  ipxe-qemu iso-codes iw kdelibs5-data krb5-multidev ledit lib32asan0
  lib32atomic1 lib32gcc-4.8-dev lib32gcc1 lib32gomp1 lib32itm1 lib32quadmath0
  libaa1 libaccount-plugin-1.0-0 libaccount-plugin-generic-oauth
  libaccount-plugin-google libaccounts-glib0 libaccounts-qt5-1
  libaccountsservice0 libaio1 libapparmor1 libappindicator3-1 libapt-pkg-perl
  libarchive-zip-perl libarchive13 libasound2 libasound2-data
  libasound2-plugins libaspell15 libasprintf-dev libasprintf0c2 libasyncns0
  libatasmart4 libatk-bridge2.0-0 libatk1.0-0 libatk1.0-data libatk1.0-dev
  libatspi2.0-0 libattica0.4 libaudio2 libauthen-sasl-perl libautodie-perl
  libavahi-client3 libavahi-common-data libavahi-common3 libavahi-core7
  libavahi-glib1 libavc1394-0 libavcodec54 libavformat54 libavutil52
  libbind9-90 libbluetooth3 libboost-system1.54.0 libboost-thread1.54.0
  libbrlapi0.6 libbsd-dev libbz2-dev libc6-dev-x32 libc6-x32 libcaca0
  libcairo-gobject2 libcairo-script-interpreter2 libcairo2 libcairo2-dev
  libcamel-1.2-45 libcanberra-gtk3-0 libcanberra-gtk3-module libcanberra-pulse
  libcanberra0 libcap-ng0 libcdio-cdda1 libcdio-paranoia1 libcdio13
  libcdparanoia0 libcheese-gtk23 libcheese7 libclass-accessor-perl
  libclone-perl libclucene-core1 libclutter-1.0-0 libclutter-1.0-common
  libclutter-gst-2.0-0 libclutter-gtk-1.0-0 libcogl-common libcogl-pango15
  libcogl15 libcolord1 libcolorhug1 libcrack2 libcroco3 libcuda1-352
  libcuda1-352-updates libcuda1-367 libcuda1-375 libcuda1-384 libcups2
  libcurl3 libdaemon0 libdatrie1 libdbus-1-dev libdbus-glib-1-2
  libdbusmenu-glib4 libdbusmenu-gtk3-4 libdbusmenu-qt2 libdconf1
  libdigest-hmac-perl libdiscid0 libdlrestrictions1 libdns100 libdrm-intel1
  libdrm-nouveau2 libdrm-radeon1 libdv4 libdvdnav4 libdvdread4
  libebackend-1.2-7 libebook-1.2-14 libebook-contacts-1.2-0 libecal-1.2-16
  libedata-book-1.2-20 libedata-cal-1.2-23 libedataserver-1.2-18 libegl1-mesa
  libegl1-mesa-drivers libelf1 libelfg0 libemail-valid-perl libenchant1c2a
  libexif12 libexiv2-12 libexpat1-dev libfdt1 libffi-dev libffi6
  libfftw3-single3 libfile-basedir-perl libfindlib-ocaml libfindlib-ocaml-dev
  libflac++6 libflac8 libfontconfig1 libfontconfig1-dev libfontenc1
  libfreetype6 libfreetype6-dev libfuse2 libgbm1 libgck-1-0 libgconf-2-4
  libgconf2-dev libgconf2-doc libgcr-3-common libgcr-base-3-1 libgcr-ui-3-1
  libgd3 libgdata-common libgdata13 libgdk-pixbuf2.0-0 libgdk-pixbuf2.0-common
  libgdk-pixbuf2.0-dev libgee2 libgeoclue0 libgeoip1 libgettextpo-dev
  libgettextpo0 libghc-aeson-dev libghc-aeson-prof libghc-attoparsec-dev
  libghc-attoparsec-prof libghc-base-unicode-symbols-dev
  libghc-base-unicode-symbols-prof libghc-base64-bytestring-dev
  libghc-base64-bytestring-prof libghc-basic-prelude-dev
  libghc-basic-prelude-prof libghc-blaze-builder-dev libghc-blaze-builder-prof
  libghc-cairo-dev libghc-conduit-dev libghc-conduit-prof libghc-dlist-dev
  libghc-dlist-prof libghc-extensible-exceptions-dev
  libghc-extensible-exceptions-prof libghc-ghc-mtl-dev libghc-ghc-mtl-prof
  libghc-ghc-paths-dev libghc-ghc-paths-prof libghc-gio-dev libghc-glib-dev
  libghc-glib-prof libghc-gtk-dev libghc-hashable-dev libghc-hashable-prof
  libghc-haskell-src-dev libghc-haskell-src-prof libghc-haxml-dev
  libghc-haxml-prof libghc-http-dev libghc-http-prof libghc-mmorph-dev
  libghc-mmorph-prof libghc-monad-control-dev libghc-monad-control-prof
  libghc-monadcatchio-mtl-dev libghc-monadcatchio-mtl-prof libghc-mtl-dev
  libghc-mtl-prof libghc-nats-dev libghc-nats-prof libghc-network-dev
  libghc-network-prof libghc-pango-dev libghc-polyparse-dev
  libghc-polyparse-prof libghc-primitive-dev libghc-primitive-prof
  libghc-random-dev libghc-random-prof libghc-readargs-dev
  libghc-readargs-prof libghc-resourcet-dev libghc-resourcet-prof
  libghc-semigroups-dev libghc-semigroups-prof libghc-stm-dev libghc-stm-prof
  libghc-syb-dev libghc-syb-prof libghc-system-filepath-dev
  libghc-system-filepath-prof libghc-terminfo-dev libghc-terminfo-prof
  libghc-text-dev libghc-text-prof libghc-transformers-base-dev
  libghc-transformers-base-prof libghc-transformers-dev
  libghc-transformers-prof libghc-unix-compat-dev libghc-unix-compat-prof
  libghc-unordered-containers-dev libghc-unordered-containers-prof
  libghc-utf8-string-dev libghc-utf8-string-prof libghc-vector-dev
  libghc-vector-prof libghc-void-dev libghc-void-prof libgirepository-1.0-1
  libgl1-mesa-dri libgl1-mesa-glx libglapi-mesa libgles2-mesa libglib2.0-0
  libglib2.0-bin libglib2.0-data libglib2.0-dev libglu1-mesa libgmp-dev
  libgmpxx4ldbl libgnome-bluetooth11 libgnome-desktop-3-7
  libgnome-keyring-common libgnome-keyring0 libgnome-menu-3-0
  libgnomekbd-common libgnomekbd8 libgoa-1.0-0b libgoa-1.0-common libgphoto2-6
  libgphoto2-l10n libgphoto2-port10 libgpm2 libgraphite2-3 libgsm1 libgssrpc4
  libgstreamer-plugins-base0.10-0 libgstreamer-plugins-base1.0-0
  libgstreamer-plugins-good1.0-0 libgstreamer0.10-0 libgstreamer1.0-0
  libgtk-3-0 libgtk-3-bin libgtk-3-common libgtk2.0-0 libgtk2.0-bin
  libgtk2.0-common libgtk2.0-dev libgtop2-7 libgtop2-common libgudev-1.0-0
  libgusb2 libgweather-common libharfbuzz-dev libharfbuzz-gobject0
  libharfbuzz-icu0 libharfbuzz0b libhunspell-1.3-0 libibus-1.0-5 libical1
  libice-dev libice6 libicu52 libido3-0.1-0 libiec61883-0 libieee1284-3
  libimobiledevice4 libindicator3-7 libio-pty-perl libio-socket-inet6-perl
  libio-socket-ssl-perl libio-string-perl libipc-run-perl
  libipc-system-simple-perl libisc95 libisccc90 libisccfg90 libjack-jackd2-0
  libjasper1 libjavascriptcoregtk-3.0-0 libjbig0 libjpeg-turbo8 libjpeg8
  libjs-jquery libjs-underscore libjson-glib-1.0-0 libjson-glib-1.0-common
  libkadm5clnt-mit9 libkadm5srv-mit9 libkcddb4 libkcmutils4 libkcompactdisc4
  libkdb5-7 libkde3support4 libkdecore5 libkdeui5 libkio5 libkparts4 libkpty4
  liblcms2-2 libldb1 liblightdm-gobject-1-0 liblist-moreutils-perl libllvm3.4
  libltdl7 liblwres90 liblzo2-2 libmad0 libmail-sendmail-perl
  libmailtools-perl libmbim-glib0 libmhash2 libmm-glib0 libmnl0 libmp3lame0
  libmpcdec6 libmtdev1 libmtp-common libmtp-runtime libmtp9 libmusicbrainz5-0
  libmysqlclient18 libncurses5-dev libneon27-gnutls libnepomuk4
  libnepomukquery4a libnepomukutils4 libnet-dns-perl libnet-domain-tld-perl
  libnet-ip-perl libnet-libidn-perl libnet-smtp-ssl-perl libnet-ssleay-perl
  libnetfilter-conntrack3 libnettle4 libnfnetlink0 libnl-3-200
  libnl-genl-3-200 libnl-route-3-200 libnm-glib-vpn1 libnm-glib4
  libnm-gtk-common libnm-gtk0 libnm-util2 libnotify4 libnspr4 libnss-mdns
  libnss3 libnss3-nssdb liboauth0 libobjc-4.8-dev libobjc4 libogg0
  libopenjpeg2 libopenobex1 libopenvg1-mesa libopus0 liborc-0.4-0
  libp11-kit-gnome-keyring libpackagekit-glib2-16 libpam-gnome-keyring
  libpam-systemd libpanel-applet-4-0 libpango-1.0-0 libpango1.0-0
  libpango1.0-dev libpangocairo-1.0-0 libpangoft2-1.0-0 libpangox-1.0-0
  libpangoxft-1.0-0 libparse-debianchangelog-perl libparted0debian1 libpcap0.8
  libpci3 libpciaccess0 libpcre3-dev libpcrecpp0 libpcsclite1
  libperlio-gzip-perl libphonon4 libpipeline1 libpixman-1-0 libpixman-1-dev
  libplist1 libpng12-dev libpolkit-agent-1-0 libpolkit-backend-1-0
  libpolkit-gobject-1-0 libpq-dev libpq5 libproxy1 libpthread-stubs0-dev
  libpulse-mainloop-glib0 libpulse0 libpulsedsp libpwquality-common
  libpwquality1 libpython2.7 libpython2.7-minimal libpython2.7-stdlib
  libqmi-glib0 libqt4-dbus libqt4-declarative libqt4-designer libqt4-network
  libqt4-opengl libqt4-qt3support libqt4-script libqt4-sql libqt4-sql-mysql
  libqt4-svg libqt4-xml libqt4-xmlpatterns libqt5core5a libqt5dbus5 libqt5gui5
  libqt5network5 libqt5opengl5 libqt5positioning5 libqt5printsupport5
  libqt5qml5 libqt5quick5 libqt5sensors5 libqt5sql5 libqt5sql5-sqlite
  libqt5test5 libqt5webkit5 libqt5widgets5 libqt5xml5 libqtcore4 libqtdbus4
  libqtgui4 librados2 libraptor2-0 librasqal3 libraw1394-11 librbd1 librdf0
  libreadline5 librest-0.7-0 librsvg2-2 librsvg2-common libsamplerate0 libsane
  libsane-common libschroedinger-1.0-0 libsdl1.2debian libseccomp2
  libsecret-1-0 libsecret-common libshout3 libsignon-extension1
  libsignon-glib1 libsignon-plugins-common1 libsignon-qt5-1 libsm-dev libsm6
  libsmbclient libsndfile1 libsocket6-perl libsolid4 libsoprano4
  libsoup-gnome2.4-1 libsoup2.4-1 libspeex1 libspeexdsp1 libspice-server1
  libssl-dev libssl-doc libssl1.0.0 libstreamanalyzer0 libstreams0
  libsub-identify-perl libsub-name-perl libsys-hostname-long-perl
  libsystemd-daemon0 libsystemd-journal0 libsystemd-login0 libtag1-vanilla
  libtag1c2a libtalloc2 libtdb1 libtevent0 libtext-levenshtein-perl
  libthai-data libthai0 libtheora0 libtiff5 libtimezonemap1 libtinfo-dev
  libtxc-dxtn-s2tc0 libudisks2-0 libunistring0 libunity-control-center1
  libupower-glib1 liburi-perl liburl-dispatcher1 libusb-1.0-0 libusbmuxd2
  libusbredirparser1 libutempter0 libv4l-0 libv4lconvert0 libva1 libvdpau1
  libvisual-0.4-0 libvisual-0.4-plugins libvorbis0a libvorbisenc2
  libvorbisfile3 libvpx1 libwacom-common libwacom2 libwavpack1
  libwayland-client0 libwayland-cursor0 libwayland-egl1-mesa
  libwayland-server0 libwbclient0 libwebkitgtk-3.0-0 libwebkitgtk-3.0-common
  libwebp5 libwrap0 libx11-dev libx11-doc libx11-xcb1 libx264-142 libx32asan0
  libx32atomic1 libx32gcc-4.8-dev libx32gcc1 libx32gomp1 libx32itm1
  libx32quadmath0 libxau-dev libxaw7 libxcb-dri2-0 libxcb-dri3-0 libxcb-glx0
  libxcb-icccm4 libxcb-image0 libxcb-keysyms1 libxcb-present0 libxcb-randr0
  libxcb-render-util0 libxcb-render0 libxcb-render0-dev libxcb-shape0
  libxcb-shm0 libxcb-shm0-dev libxcb-sync1 libxcb-util0 libxcb-xfixes0
  libxcb-xkb1 libxcb1-dev libxcomposite-dev libxcomposite1 libxcursor-dev
  libxcursor1 libxdamage-dev libxdamage1 libxdmcp-dev libxen-4.4
  libxenstore3.0 libxext-dev libxfixes-dev libxfixes3 libxfont1 libxft-dev
  libxft2 libxi-dev libxi6 libxinerama-dev libxinerama1 libxkbcommon-x11-0
  libxkbcommon0 libxkbfile1 libxklavier16 libxml2 libxml2-utils libxmu6
  libxpm4 libxrandr-dev libxrandr2 libxrender-dev libxrender1 libxshmfence1
  libxslt1.1 libxt6 libxtables10 libxtst6 libxv1 libxvidcore4 libxxf86dga1
  libxxf86vm1 libyajl2 libyaml-dev libyelp0 lightdm lintian linux-sound-base
  man-db mobile-broadband-provider-info modemmanager mousetweaks msr-tools
  mysql-common nautilus-data network-manager network-manager-gnome
  network-manager-pptp network-manager-pptp-gnome notification-daemon ntfs-3g
  nvidia-352 nvidia-352-dev nvidia-352-updates nvidia-352-updates-dev
  nvidia-367 nvidia-367-dev nvidia-375 nvidia-375-dev nvidia-384
  nvidia-384-dev nvidia-libopencl1-352 nvidia-libopencl1-352-updates
  nvidia-libopencl1-367 nvidia-libopencl1-375 nvidia-libopencl1-384
  nvidia-opencl-icd-352 nvidia-opencl-icd-352-updates nvidia-opencl-icd-367
  nvidia-opencl-icd-375 nvidia-opencl-icd-384 nvidia-prime nvidia-settings
  obex-data-server obexd-client ocaml-base-nox ocaml-compiler-libs
  ocaml-findlib ocaml-interp ocaml-nox p11-kit p11-kit-modules parted
  patchutils pciutils phonon phonon-backend-gstreamer
  phonon-backend-gstreamer-common phonon-backend-gstreamer1.0 pkg-config
  po-debconf policykit-1 policykit-1-gnome ppp pptp-linux psmisc pulseaudio
  pulseaudio-module-x11 pulseaudio-utils python-apt python-apt-common
  python-cairo python-cups python-cupshelpers python-dbus python-dbus-dev
  python-gi python-gnomekeyring python-gobject python-gobject-2 python-gtk2
  python-libxml2 python-notify python-smbc python-talloc python2.7
  python2.7-minimal python3-apt python3-aptdaemon python3-aptdaemon.pkcompat
  python3-dbus python3-defer python3-gi python3-xdg python3-xkit qdbus
  qemu-keymaps qemu-system-common qemu-utils qtchooser qtcore4-l10n rtkit
  samba-libs screen-resolution-extra seabios session-migration sgml-base
  shared-mime-info sharutils signon-keyring-extension signon-plugin-oauth2
  signon-ui signond soprano-daemon sound-theme-freedesktop
  system-config-printer-common system-config-printer-gnome
  system-config-printer-udev systemd-services systemd-shim t1utils tcpd
  ubuntu-system-service udisks2 unity-control-center
  unity-control-center-signon unity-greeter unity-settings-daemon upower
  usb-modeswitch usb-modeswitch-data usbmuxd usbutils wamerican wireless-regdb
  wpasupplicant x11-common x11-utils x11-xkb-utils x11proto-composite-dev
  x11proto-core-dev x11proto-damage-dev x11proto-fixes-dev x11proto-input-dev
  x11proto-kb-dev x11proto-randr-dev x11proto-render-dev x11proto-xext-dev
  x11proto-xinerama-dev xfonts-base xfonts-encodings xfonts-utils xml-core
  xorg-sgml-doctools xserver-common xserver-xorg xserver-xorg-core
  xserver-xorg-input-all xserver-xorg-input-evdev xserver-xorg-input-mouse
  xserver-xorg-input-synaptics xserver-xorg-input-vmmouse
  xserver-xorg-input-wacom xtrans-dev yelp yelp-xsl zenity zenity-common
  zlib1g-dev
Suggested packages:
  gnome-control-center apmd alsa-oss oss-compat aspell-doc spellutils
  avahi-autoipd bumblebee bluez-hcidump whois vacation gnustep gnustep-devel
  doc-base dh-make apparmor-easyprof wordlist emacsen-common jed-extra
  evolution evolution-data-server-dbg gconf-defaults-service gettext-doc
  ghc-doc haskell-doc llvm apache2.2-bin libapache2-mod-dnssd groff
  gvfs-backends-goa samba-common hunspell openoffice.org-hunspell
  openoffice.org-core ibus-clutter ibus-doc ibus-qt4 click apport
  unity-greeter-session-broadcast isoquery krb5-doc lrzip nas libgssapi-perl
  libcairo2-doc libcanberra-gtk0 cups-common libdiscid0-dbg libdv-bin
  libdvdcss2 libenchant-voikko exiv2 libfftw3-bin libfftw3-dev libgd-tools
  geoip-bin libghc-aeson-doc libghc-attoparsec-conduit-doc
  libghc-attoparsec-doc libghc-base-unicode-symbols-doc
  libghc-base64-bytestring-doc libghc-basic-prelude-doc
  libghc-blaze-builder-doc libghc-cairo-doc libghc-cairo-prof
  libghc-classy-prelude-doc libghc-conduit-doc libghc-csv-doc libghc-dlist-doc
  libghc-executable-path-doc libghc-extensible-exceptions-doc
  libghc-filemanip-doc libghc-gconf-doc libghc-ghc-mtl-doc
  libghc-ghc-paths-doc libghc-gio-doc libghc-gio-prof libghc-glib-doc
  libghc-gtk-doc libghc-gtk-prof libghc-hashable-doc libghc-haskeline-doc
  libghc-haskell-src-doc libghc-haxml-doc libghc-haxr-doc libghc-hfuse-doc
  libghc-hint-doc libghc-http-doc libghc-lifted-base-doc libghc-ltk-doc
  libghc-mmorph-doc libghc-monad-control-doc libghc-monadcatchio-mtl-doc
  libghc-mtl-doc libghc-nats-doc libghc-network-doc libghc-numeric-extras-doc
  libghc-pango-doc libghc-pango-prof libghc-parsec3-doc libghc-polyparse-doc
  libghc-postgresql-libpq-doc libghc-primitive-doc libghc-random-doc
  libghc-readargs-doc libghc-resourcet-doc libghc-semigroups-doc
  libghc-stm-doc libghc-stringsearch-doc libghc-syb-doc
  libghc-system-fileio-doc libghc-system-filepath-doc
  libghc-terminal-progress-bar-doc libghc-terminfo-doc libghc-text-doc
  libghc-transformers-base-doc libghc-transformers-doc libghc-unix-compat-doc
  libghc-unordered-containers-doc libghc-utf8-string-doc libghc-vector-doc
  libghc-void-doc libghc-web-plugins-doc libghc-yaml-doc libglide3
  libglib2.0-doc libgmp10-doc libmpfr-dev gphoto2 gtkam gpm krb5-user
  gstreamer-codec-install gnome-codec-install gstreamer0.10-tools
  gstreamer0.10-plugins-base gstreamer1.0-tools libgtk2.0-doc libice-doc
  jackd2 libjasper-runtime javascript-common hspell kdelibs5-plugins
  liblcms2-utils ncurses-doc opus-tools ttf-baekmuk ttf-arphic-gbsn00lp
  ttf-arphic-bsmi00lp ttf-arphic-gkai00mp ttf-arphic-bkai00mp libpango1.0-doc
  imagemagick libhtml-parser-perl libhtml-template-perl libxml-simple-perl
  libparted0-dev libparted0-i18n pcscd postgresql-doc-9.3
  libqt4-declarative-folderlistmodel libqt4-declarative-gestures
  libqt4-declarative-particles libqt4-declarative-shaders qt4-qmlviewer
  libqt4-dev libicu48 qt4-qtconfig raptor2-utils rasqal-utils libraw1394-doc
  librdf-storage-postgresql librdf-storage-mysql librdf-storage-sqlite
  librdf-storage-virtuoso redland-utils librsvg2-bin hplip hpoj libsane-extras
  sane-utils libsm-doc media-player-info speex libwww-perl url-dispatcher
  nvidia-vdpau-driver vdpau-driver libxcb-doc libxext-doc binutils-multiarch
  libtext-template-perl libyaml-perl www-browser nautilus
  network-manager-openconnect-gnome network-manager-openvpn-gnome
  network-manager-vpnc-gnome ocaml-findlib-wizard ocaml-doc tuareg-mode
  ocaml-mode parted-doc phonon-backend-vlc gstreamer1.0-plugins-ugly
  phonon4qt5-backend-gstreamer libmail-box-perl pavumeter paman pavucontrol
  paprefs pulseaudio-module-raop pulseaudio-esound-compat python-apt-dbg
  python-vte python-apt-doc python-dbus-doc python-dbus-dbg python-gi-cairo
  python-gobject-2-dbg python-gtk2-doc python2.7-doc python3-apt-dbg
  python3-dbus-dbg samba vde2 sgabios kvm-ipxe-precise debootstrap qt4-default
  qt5-default sgml-base-doc bsd-mailx mailx virtuoso-minimal cgmanager
  pm-utils xfsprogs reiserfsprogs exfat-utils btrfs-tools mdadm cryptsetup-bin
  libcanberra-gtk-module x11-xserver-utils lightdm-remote-session-freerdp
  lightdm-remote-session-uccsconfigure remote-login-service metacity
  x-window-manager comgt wvdial wget lynx-cur wpagui libengine-pkcs11-openssl
  mesa-utils xfs xserver xfonts-100dpi xfonts-75dpi xfonts-scalable
  gpointing-device-settings touchfreeze xinput
The following NEW packages will be installed:
  accountsservice acl acpid alsa-base alsa-utils apg aptdaemon aspell
  aspell-en at-spi2-core avahi-daemon avahi-utils bbswitch-dkms bind9-host
  binfmt-support bluez bsdmainutils camlp4 cheese-common clang-3.6
  clang-3.6-doc clang-3.6-examples clang-format-3.6 clang-modernize-3.6 colord
  comerr-dev cpp11-migrate-3.6 cpu-checker cracklib-runtime crda
  cups-pk-helper curl dbus dbus-x11 dconf-cli dconf-gsettings-backend
  dconf-service debhelper desktop-file-utils dh-apparmor dialog
  dictionaries-common diffstat dkms dnsmasq-base dosfstools enchant
  evolution-data-server evolution-data-server-common
  evolution-data-server-online-accounts fontconfig fontconfig-config
  fonts-dejavu-core fuse gcc-4.8-multilib gcc-multilib gconf-service
  gconf-service-backend gconf2 gconf2-common gcr gdisk geoclue
  geoclue-ubuntu-geoip geoip-database gettext gettext-base ghc ghc-prof
  gir1.2-atk-1.0 gir1.2-freedesktop gir1.2-gconf-2.0 gir1.2-gdkpixbuf-2.0
  gir1.2-glib-2.0 gir1.2-gnomebluetooth-1.0 gir1.2-gtk-2.0 gir1.2-gtk-3.0
  gir1.2-ibus-1.0 gir1.2-notify-0.7 gir1.2-packagekitglib-1.0 gir1.2-pango-1.0
  gkbd-capplet glib-networking glib-networking-common glib-networking-services
  gnome-bluetooth gnome-control-center-shared-data gnome-desktop3-data
  gnome-icon-theme gnome-icon-theme-symbolic gnome-keyring gnome-menus
  gnome-power-manager gnome-screensaver gnome-session-bin
  gnome-settings-daemon-schemas gnome-user-guide gnome-user-share
  golang-go-darwin-386 golang-go-freebsd-386 golang-go-linux-386
  golang-go-netbsd-386 golang-go-windows-386 groff-base
  gsettings-desktop-schemas gsettings-ubuntu-schemas gstreamer0.10-pulseaudio
  gstreamer1.0-alsa gstreamer1.0-clutter gstreamer1.0-plugins-base
  gstreamer1.0-plugins-good gstreamer1.0-x gvfs gvfs-backends gvfs-common
  gvfs-daemons gvfs-libs hardening-includes hicolor-icon-theme
  humanity-icon-theme hunspell-en-us hwdata ibus ibus-gtk ibus-gtk3 im-config
  indicator-applet indicator-application indicator-bluetooth
  indicator-datetime indicator-keyboard indicator-messages indicator-power
  indicator-session indicator-sound installation-guide-i386 intltool-debian
  iptables iputils-arping ipxe-qemu iso-codes iw kdelibs5-data krb5-multidev
  ledit lib32asan0 lib32atomic1 lib32gcc-4.8-dev lib32gcc1 lib32gomp1
  lib32itm1 lib32quadmath0 libaa1 libaccount-plugin-1.0-0
  libaccount-plugin-generic-oauth libaccount-plugin-google libaccounts-glib0
  libaccounts-qt5-1 libaccountsservice0 libaio1 libapparmor1
  libappindicator3-1 libapt-pkg-perl libarchive-zip-perl libarchive13
  libasound2 libasound2-data libasound2-plugins libaspell15 libasprintf-dev
  libasprintf0c2 libasyncns0 libatasmart4 libatk-bridge2.0-0 libatk1.0-0
  libatk1.0-data libatk1.0-dev libatspi2.0-0 libattica0.4 libaudio2
  libauthen-sasl-perl libautodie-perl libavahi-client3 libavahi-common-data
  libavahi-common3 libavahi-core7 libavahi-glib1 libavc1394-0 libavcodec54
  libavformat54 libavutil52 libbind9-90 libbluetooth3 libboost-system1.54.0
  libboost-thread1.54.0 libbrlapi0.6 libbsd-dev libbz2-dev libbz2-ocaml
  libbz2-ocaml-dev libc6-dev-i386 libc6-dev-x32 libc6-i386 libc6-x32 libcaca0
  libcairo-gobject2 libcairo-script-interpreter2 libcairo2 libcairo2-dev
  libcamel-1.2-45 libcanberra-gtk3-0 libcanberra-gtk3-module libcanberra-pulse
  libcanberra0 libcap-ng0 libcdio-cdda1 libcdio-paranoia1 libcdio13
  libcdparanoia0 libcheese-gtk23 libcheese7 libclang-3.6-dev
  libclang-common-3.6-dev libclang1-3.6 libclang1-3.6-dbg
  libclass-accessor-perl libclone-perl libclucene-core1 libclutter-1.0-0
  libclutter-1.0-common libclutter-gst-2.0-0 libclutter-gtk-1.0-0
  libcogl-common libcogl-pango15 libcogl15 libcolord1 libcolorhug1 libcrack2
  libcroco3 libcuda1-346 libcuda1-346-updates libcuda1-352
  libcuda1-352-updates libcuda1-367 libcuda1-375 libcuda1-384 libcups2
  libcurl3 libdaemon0 libdatrie1 libdbus-1-dev libdbus-glib-1-2
  libdbusmenu-glib4 libdbusmenu-gtk3-4 libdbusmenu-qt2 libdconf1
  libdigest-hmac-perl libdiscid0 libdlrestrictions1 libdns100 libdrm-intel1
  libdrm-nouveau2 libdrm-radeon1 libdv4 libdvdnav4 libdvdread4
  libebackend-1.2-7 libebook-1.2-14 libebook-contacts-1.2-0 libecal-1.2-16
  libedata-book-1.2-20 libedata-cal-1.2-23 libedataserver-1.2-18 libegl1-mesa
  libegl1-mesa-drivers libelf1 libelfg0 libemail-valid-perl libenchant1c2a
  libexif12 libexiv2-12 libexpat1-dev libfdt1 libffi-dev libfftw3-single3
  libfile-basedir-perl libfindlib-ocaml libfindlib-ocaml-dev libflac++6
  libflac8 libfontconfig1 libfontconfig1-dev libfontenc1 libfreetype6
  libfreetype6-dev libfuse2 libgbm1 libgck-1-0 libgconf-2-4 libgconf2-dev
  libgconf2-doc libgcr-3-common libgcr-base-3-1 libgcr-ui-3-1 libgd3
  libgdata-common libgdata13 libgdk-pixbuf2.0-0 libgdk-pixbuf2.0-common
  libgdk-pixbuf2.0-dev libgee2 libgeoclue0 libgeoip1 libgettextpo-dev
  libgettextpo0 libghc-aeson-dev libghc-aeson-prof
  libghc-attoparsec-conduit-dev libghc-attoparsec-conduit-prof
  libghc-attoparsec-dev libghc-attoparsec-prof libghc-base-unicode-symbols-dev
  libghc-base-unicode-symbols-prof libghc-base64-bytestring-dev
  libghc-base64-bytestring-prof libghc-basic-prelude-dev
  libghc-basic-prelude-prof libghc-blaze-builder-dev libghc-blaze-builder-prof
  libghc-cairo-dev libghc-classy-prelude-dev libghc-classy-prelude-prof
  libghc-conduit-dev libghc-conduit-prof libghc-csv-dev libghc-csv-prof
  libghc-dlist-dev libghc-dlist-prof libghc-executable-path-dev
  libghc-executable-path-prof libghc-extensible-exceptions-dev
  libghc-extensible-exceptions-prof libghc-filemanip-dev libghc-filemanip-prof
  libghc-gconf-dev libghc-gconf-prof libghc-ghc-mtl-dev libghc-ghc-mtl-prof
  libghc-ghc-paths-dev libghc-ghc-paths-prof libghc-gio-dev libghc-glib-dev
  libghc-glib-prof libghc-gtk-dev libghc-hashable-dev libghc-hashable-prof
  libghc-haskeline-dev libghc-haskeline-prof libghc-haskell-src-dev
  libghc-haskell-src-prof libghc-haxml-dev libghc-haxml-prof libghc-haxr-dev
  libghc-haxr-prof libghc-hfuse-dev libghc-hfuse-prof libghc-hint-dev
  libghc-hint-prof libghc-http-dev libghc-http-prof libghc-lifted-base-dev
  libghc-lifted-base-prof libghc-ltk-dev libghc-mmorph-dev libghc-mmorph-prof
  libghc-monad-control-dev libghc-monad-control-prof
  libghc-monadcatchio-mtl-dev libghc-monadcatchio-mtl-prof libghc-mtl-dev
  libghc-mtl-prof libghc-nats-dev libghc-nats-prof libghc-network-dev
  libghc-network-prof libghc-numeric-extras-dev libghc-numeric-extras-prof
  libghc-pango-dev libghc-parsec3-dev libghc-parsec3-prof libghc-polyparse-dev
  libghc-polyparse-prof libghc-postgresql-libpq-dev
  libghc-postgresql-libpq-prof libghc-primitive-dev libghc-primitive-prof
  libghc-random-dev libghc-random-prof libghc-readargs-dev
  libghc-readargs-prof libghc-resourcet-dev libghc-resourcet-prof
  libghc-semigroups-dev libghc-semigroups-prof libghc-stm-dev libghc-stm-prof
  libghc-stringsearch-dev libghc-stringsearch-prof libghc-syb-dev
  libghc-syb-prof libghc-system-fileio-dev libghc-system-fileio-prof
  libghc-system-filepath-dev libghc-system-filepath-prof
  libghc-terminal-progress-bar-dev libghc-terminal-progress-bar-prof
  libghc-terminfo-dev libghc-terminfo-prof libghc-text-dev libghc-text-prof
  libghc-transformers-base-dev libghc-transformers-base-prof
  libghc-transformers-dev libghc-transformers-prof libghc-unix-compat-dev
  libghc-unix-compat-prof libghc-unordered-containers-dev
  libghc-unordered-containers-prof libghc-utf8-string-dev
  libghc-utf8-string-prof libghc-vector-dev libghc-vector-prof libghc-void-dev
  libghc-void-prof libghc-web-plugins-dev libghc-web-plugins-prof
  libghc-yaml-dev libghc-yaml-prof libgirepository-1.0-1 libgl1-mesa-dri
  libgl1-mesa-glx libglapi-mesa libgles2-mesa libglib2.0-0 libglib2.0-bin
  libglib2.0-data libglib2.0-dev libglu1-mesa libgmp-dev libgmpxx4ldbl
  libgnome-bluetooth11 libgnome-desktop-3-7 libgnome-keyring-common
  libgnome-keyring0 libgnome-menu-3-0 libgnomekbd-common libgnomekbd8
  libgoa-1.0-0b libgoa-1.0-common libgphoto2-6 libgphoto2-l10n
  libgphoto2-port10 libgpm2 libgraphite2-3 libgsm1 libgssrpc4
  libgstreamer-plugins-base0.10-0 libgstreamer-plugins-base1.0-0
  libgstreamer-plugins-good1.0-0 libgstreamer0.10-0 libgstreamer1.0-0
  libgtk-3-0 libgtk-3-bin libgtk-3-common libgtk2.0-0 libgtk2.0-bin
  libgtk2.0-common libgtk2.0-dev libgtop2-7 libgtop2-common libgudev-1.0-0
  libgusb2 libgweather-3-6 libgweather-common libharfbuzz-dev
  libharfbuzz-gobject0 libharfbuzz-icu0 libharfbuzz0b libhunspell-1.3-0
  libibus-1.0-5 libical1 libice-dev libice6 libicu52 libido3-0.1-0
  libiec61883-0 libieee1284-3 libimobiledevice4 libindicator3-7 libio-pty-perl
  libio-socket-inet6-perl libio-socket-ssl-perl libio-string-perl
  libipc-run-perl libipc-system-simple-perl libisc95 libisccc90 libisccfg90
  libjack-jackd2-0 libjasper1 libjavascriptcoregtk-3.0-0 libjbig0
  libjpeg-turbo8 libjpeg8 libjs-jquery libjs-underscore libjson-glib-1.0-0
  libjson-glib-1.0-common libk3b6 libk3b6-extracodecs libkadm5clnt-mit9
  libkadm5srv-mit9 libkcddb4 libkcmutils4 libkcompactdisc4 libkdb5-7
  libkde3support4 libkdecore5 libkdeui5 libkio5 libkparts4 libkpty4 liblcms2-2
  libldb1 liblightdm-gobject-1-0 liblist-moreutils-perl liblldb-3.6
  liblldb-3.6-dev libllvm-3.6-ocaml-dev libllvm3.4 libllvm3.6 libllvm3.6-dbg
  libltdl7 liblwres90 liblzo2-2 libmad0 libmail-sendmail-perl
  libmailtools-perl libmbim-glib0 libmhash2 libmm-glib0 libmnl0 libmp3lame0
  libmpcdec6 libmtdev1 libmtp-common libmtp-runtime libmtp9 libmusicbrainz3-6
  libmusicbrainz5-0 libmysqlclient18 libncurses5-dev libneon27-gnutls
  libnepomuk4 libnepomukquery4a libnepomukutils4 libnet-dns-perl
  libnet-domain-tld-perl libnet-ip-perl libnet-libidn-perl
  libnet-smtp-ssl-perl libnet-ssleay-perl libnetfilter-conntrack3 libnettle4
  libnfnetlink0 libnl-3-200 libnl-genl-3-200 libnl-route-3-200 libnm-glib-vpn1
  libnm-glib4 libnm-gtk-common libnm-gtk0 libnm-util2 libnotify4 libnspr4
  libnss-mdns libnss3 libnss3-nssdb liboauth0 libobjc-4.8-dev libobjc4 libogg0
  libopenjpeg2 libopenobex1 libopenvg1-mesa libopus0 liborc-0.4-0
  libp11-kit-gnome-keyring libpackagekit-glib2-16 libpam-gnome-keyring
  libpam-systemd libpanel-applet-4-0 libpango-1.0-0 libpango1.0-0
  libpango1.0-dev libpangocairo-1.0-0 libpangoft2-1.0-0 libpangox-1.0-0
  libpangoxft-1.0-0 libparse-debianchangelog-perl libparted0debian1 libpcap0.8
  libpci3 libpciaccess0 libpcre3-dev libpcrecpp0 libpcsclite1
  libperlio-gzip-perl libphonon4 libpipeline1 libpixman-1-0 libpixman-1-dev
  libplist1 libpng12-dev libpolkit-agent-1-0 libpolkit-backend-1-0
  libpolkit-gobject-1-0 libpq-dev libpq5 libproxy1 libpthread-stubs0-dev
  libpulse-mainloop-glib0 libpulse0 libpulsedsp libpwquality-common
  libpwquality1 libpython2.7 libqmi-glib0 libqt4-dbus libqt4-declarative
  libqt4-designer libqt4-network libqt4-opengl libqt4-qt3support libqt4-script
  libqt4-sql libqt4-sql-mysql libqt4-svg libqt4-xml libqt4-xmlpatterns
  libqt5core5a libqt5dbus5 libqt5gui5 libqt5network5 libqt5opengl5
  libqt5positioning5 libqt5printsupport5 libqt5qml5 libqt5quick5
  libqt5sensors5 libqt5sql5 libqt5sql5-sqlite libqt5test5 libqt5webkit5
  libqt5widgets5 libqt5xml5 libqtcore4 libqtdbus4 libqtgui4 librados2
  libraptor2-0 librasqal3 libraw1394-11 librbd1 librdf0 libreadline5
  librest-0.7-0 librsvg2-2 librsvg2-common libsamplerate0 libsane
  libsane-common libschroedinger-1.0-0 libsdl1.2debian libseccomp2
  libsecret-1-0 libsecret-common libshout3 libsignon-extension1
  libsignon-glib1 libsignon-plugins-common1 libsignon-qt5-1 libsm-dev libsm6
  libsmbclient libsndfile1 libsocket6-perl libsolid4 libsoprano4
  libsoup-gnome2.4-1 libsoup2.4-1 libspeex1 libspeexdsp1 libspice-server1
  libssl-dev libssl-doc libstreamanalyzer0 libstreams0 libsub-identify-perl
  libsub-name-perl libsys-hostname-long-perl libsystemd-daemon0
  libsystemd-journal0 libsystemd-login0 libtag1-vanilla libtag1c2a libtalloc2
  libtdb1 libtevent0 libtext-levenshtein-perl libthai-data libthai0 libtheora0
  libtiff5 libtimezonemap1 libtinfo-dev libtxc-dxtn-s2tc0 libudisks2-0
  libunistring0 libunity-control-center1 libupower-glib1 liburi-perl
  liburl-dispatcher1 libusb-1.0-0 libusbmuxd2 libusbredirparser1 libutempter0
  libv4l-0 libv4lconvert0 libva1 libvdpau1 libvisual-0.4-0
  libvisual-0.4-plugins libvorbis0a libvorbisenc2 libvorbisfile3 libvpx1
  libwacom-common libwacom2 libwavpack1 libwayland-client0 libwayland-cursor0
  libwayland-egl1-mesa libwayland-server0 libwbclient0 libwebkitgtk-3.0-0
  libwebkitgtk-3.0-common libwebp5 libwfmath-0.3-6 libwfmath-0.3-6-dbg
  libwrap0 libx11-dev libx11-doc libx11-xcb1 libx264-142 libx32asan0
  libx32atomic1 libx32gcc-4.8-dev libx32gcc1 libx32gomp1 libx32itm1
  libx32quadmath0 libxau-dev libxaw7 libxcb-dri2-0 libxcb-dri3-0 libxcb-glx0
  libxcb-icccm4 libxcb-image0 libxcb-keysyms1 libxcb-present0 libxcb-randr0
  libxcb-render-util0 libxcb-render0 libxcb-render0-dev libxcb-shape0
  libxcb-shm0 libxcb-shm0-dev libxcb-sync1 libxcb-util0 libxcb-xfixes0
  libxcb-xkb1 libxcb1-dev libxcomposite-dev libxcomposite1 libxcursor-dev
  libxcursor1 libxdamage-dev libxdamage1 libxdmcp-dev libxen-4.4
  libxenstore3.0 libxext-dev libxfixes-dev libxfixes3 libxfont1 libxft-dev
  libxft2 libxi-dev libxi6 libxinerama-dev libxinerama1 libxkbcommon-x11-0
  libxkbcommon0 libxkbfile1 libxklavier16 libxml2 libxml2-utils libxmu6
  libxpm4 libxrandr-dev libxrandr2 libxrender-dev libxrender1 libxshmfence1
  libxslt1.1 libxt6 libxtables10 libxtst6 libxv1 libxvidcore4 libxxf86dga1
  libxxf86vm1 libyajl2 libyaml-dev libyelp0 lightdm lintian linux-sound-base
  lldb-3.6 lldb-3.6-dev llvm-3.6 llvm-3.6-dev llvm-3.6-doc llvm-3.6-examples
  llvm-3.6-runtime llvm-3.6-tools man-db mobile-broadband-provider-info
  modemmanager mousetweaks msr-tools mysql-common nautilus-data
  network-manager network-manager-gnome network-manager-pptp
  network-manager-pptp-gnome notification-daemon ntfs-3g nvidia-346
  nvidia-346-dev nvidia-346-updates nvidia-346-updates-dev
  nvidia-346-updates-uvm nvidia-346-uvm nvidia-352 nvidia-352-dev
  nvidia-352-updates nvidia-352-updates-dev nvidia-367 nvidia-367-dev
  nvidia-375 nvidia-375-dev nvidia-384 nvidia-384-dev nvidia-libopencl1-346
  nvidia-libopencl1-346-updates nvidia-libopencl1-352
  nvidia-libopencl1-352-updates nvidia-libopencl1-367 nvidia-libopencl1-375
  nvidia-libopencl1-384 nvidia-opencl-icd-346 nvidia-opencl-icd-346-updates
  nvidia-opencl-icd-352 nvidia-opencl-icd-352-updates nvidia-opencl-icd-367
  nvidia-opencl-icd-375 nvidia-opencl-icd-384 nvidia-prime nvidia-settings
  obex-data-server obexd-client ocaml-base-nox ocaml-compiler-libs
  ocaml-findlib ocaml-interp ocaml-nox p11-kit p11-kit-modules parted
  patchutils pciutils phonon phonon-backend-gstreamer
  phonon-backend-gstreamer-common phonon-backend-gstreamer1.0 pkg-config
  po-debconf policykit-1 policykit-1-gnome ppp pptp-linux psmisc pulseaudio
  pulseaudio-module-x11 pulseaudio-utils python-apt python-apt-common
  python-cairo python-clang-3.6 python-cups python-cupshelpers python-dbus
  python-dbus-dev python-gi python-gnomekeyring python-gobject
  python-gobject-2 python-gtk2 python-libxml2 python-lldb-3.6 python-notify
  python-smbc python-talloc python3-apt python3-aptdaemon
  python3-aptdaemon.pkcompat python3-dbus python3-defer python3-gi python3-xdg
  python3-xkit qdbus qemu-keymaps qemu-system-common qemu-system-x86
  qemu-utils qtchooser qtcore4-l10n rtkit samba-libs screen-resolution-extra
  seabios session-migration sgml-base shared-mime-info sharutils
  signon-keyring-extension signon-plugin-oauth2 signon-ui signond
  soprano-daemon sound-theme-freedesktop system-config-printer-common
  system-config-printer-gnome system-config-printer-udev systemd-services
  systemd-shim t1utils tcpd ubuntu-system-service udisks2 unity-control-center
  unity-control-center-signon unity-greeter unity-settings-daemon upower
  usb-modeswitch usb-modeswitch-data usbmuxd usbutils wamerican wireless-regdb
  wpasupplicant x11-common x11-utils x11-xkb-utils x11proto-composite-dev
  x11proto-core-dev x11proto-damage-dev x11proto-fixes-dev x11proto-input-dev
  x11proto-kb-dev x11proto-randr-dev x11proto-render-dev x11proto-xext-dev
  x11proto-xinerama-dev xfonts-base xfonts-encodings xfonts-utils xml-core
  xorg-sgml-doctools xserver-common xserver-xorg xserver-xorg-core
  xserver-xorg-input-all xserver-xorg-input-evdev xserver-xorg-input-mouse
  xserver-xorg-input-synaptics xserver-xorg-input-vmmouse
  xserver-xorg-input-wacom xtrans-dev yelp yelp-xsl zenity zenity-common
  zlib1g-dev
The following packages will be upgraded:
  libffi6 libpython2.7-minimal libpython2.7-stdlib libssl1.0.0 python2.7
  python2.7-minimal
6 upgraded, 1019 newly installed, 0 to remove and 26 not upgraded.
Need to get 833 MB of archives.
After this operation, 3268 MB of additional disk space will be used.
Do you want to continue? [Y/n] Abort.
root@knode:~/ws# 
root@knode:~/ws# 
root@knode:~/ws# 
root@knode:~/ws# docker run --rm -v $PWD/ansible:/etc/ansible schogini/docker-ansible-ws-ubuntu apt install python 3.6

WARNING: apt does not have a stable CLI interface yet. Use with caution in scripts.

Reading package lists...
Building dependency tree...
Reading state information...
python is already the newest version.
python set to manually installed.
The following extra packages will be installed:
  accountsservice acl acpid alsa-base alsa-utils apg aptdaemon aspell
  aspell-en at-spi2-core avahi-daemon avahi-utils bbswitch-dkms bind9-host
  binfmt-support bluez bsdmainutils camlp4 cheese-common colord comerr-dev
  cpu-checker cracklib-runtime crda cups-pk-helper curl dbus dbus-x11
  dconf-cli dconf-gsettings-backend dconf-service debhelper desktop-file-utils
  dh-apparmor dialog dictionaries-common diffstat dkms dnsmasq-base dosfstools
  enchant evolution-data-server evolution-data-server-common
  evolution-data-server-online-accounts fontconfig fontconfig-config
  fonts-dejavu-core fuse gcc-4.8-multilib gcc-multilib gconf-service
  gconf-service-backend gconf2 gconf2-common gcr gdisk geoclue
  geoclue-ubuntu-geoip geoip-database gettext gettext-base ghc ghc-prof
  gir1.2-atk-1.0 gir1.2-freedesktop gir1.2-gconf-2.0 gir1.2-gdkpixbuf-2.0
  gir1.2-glib-2.0 gir1.2-gnomebluetooth-1.0 gir1.2-gtk-2.0 gir1.2-gtk-3.0
  gir1.2-ibus-1.0 gir1.2-notify-0.7 gir1.2-packagekitglib-1.0 gir1.2-pango-1.0
  gkbd-capplet glib-networking glib-networking-common glib-networking-services
  gnome-bluetooth gnome-control-center-shared-data gnome-desktop3-data
  gnome-icon-theme gnome-icon-theme-symbolic gnome-keyring gnome-menus
  gnome-power-manager gnome-screensaver gnome-session-bin
  gnome-settings-daemon-schemas gnome-user-guide gnome-user-share groff-base
  gsettings-desktop-schemas gsettings-ubuntu-schemas gstreamer0.10-pulseaudio
  gstreamer1.0-alsa gstreamer1.0-clutter gstreamer1.0-plugins-base
  gstreamer1.0-plugins-good gstreamer1.0-x gvfs gvfs-backends gvfs-common
  gvfs-daemons gvfs-libs hardening-includes hicolor-icon-theme
  humanity-icon-theme hunspell-en-us hwdata ibus ibus-gtk ibus-gtk3 im-config
  indicator-applet indicator-application indicator-bluetooth
  indicator-datetime indicator-keyboard indicator-messages indicator-power
  indicator-session indicator-sound intltool-debian iptables iputils-arping
  ipxe-qemu iso-codes iw kdelibs5-data krb5-multidev ledit lib32asan0
  lib32atomic1 lib32gcc-4.8-dev lib32gcc1 lib32gomp1 lib32itm1 lib32quadmath0
  libaa1 libaccount-plugin-1.0-0 libaccount-plugin-generic-oauth
  libaccount-plugin-google libaccounts-glib0 libaccounts-qt5-1
  libaccountsservice0 libaio1 libapparmor1 libappindicator3-1 libapt-pkg-perl
  libarchive-zip-perl libarchive13 libasound2 libasound2-data
  libasound2-plugins libaspell15 libasprintf-dev libasprintf0c2 libasyncns0
  libatasmart4 libatk-bridge2.0-0 libatk1.0-0 libatk1.0-data libatk1.0-dev
  libatspi2.0-0 libattica0.4 libaudio2 libauthen-sasl-perl libautodie-perl
  libavahi-client3 libavahi-common-data libavahi-common3 libavahi-core7
  libavahi-glib1 libavc1394-0 libavcodec54 libavformat54 libavutil52
  libbind9-90 libbluetooth3 libboost-system1.54.0 libboost-thread1.54.0
  libbrlapi0.6 libbsd-dev libbz2-dev libc6-dev-x32 libc6-x32 libcaca0
  libcairo-gobject2 libcairo-script-interpreter2 libcairo2 libcairo2-dev
  libcamel-1.2-45 libcanberra-gtk3-0 libcanberra-gtk3-module libcanberra-pulse
  libcanberra0 libcap-ng0 libcdio-cdda1 libcdio-paranoia1 libcdio13
  libcdparanoia0 libcheese-gtk23 libcheese7 libclass-accessor-perl
  libclone-perl libclucene-core1 libclutter-1.0-0 libclutter-1.0-common
  libclutter-gst-2.0-0 libclutter-gtk-1.0-0 libcogl-common libcogl-pango15
  libcogl15 libcolord1 libcolorhug1 libcrack2 libcroco3 libcuda1-352
  libcuda1-352-updates libcuda1-367 libcuda1-375 libcuda1-384 libcups2
  libcurl3 libdaemon0 libdatrie1 libdbus-1-dev libdbus-glib-1-2
  libdbusmenu-glib4 libdbusmenu-gtk3-4 libdbusmenu-qt2 libdconf1
  libdigest-hmac-perl libdiscid0 libdlrestrictions1 libdns100 libdrm-intel1
  libdrm-nouveau2 libdrm-radeon1 libdv4 libdvdnav4 libdvdread4
  libebackend-1.2-7 libebook-1.2-14 libebook-contacts-1.2-0 libecal-1.2-16
  libedata-book-1.2-20 libedata-cal-1.2-23 libedataserver-1.2-18 libegl1-mesa
  libegl1-mesa-drivers libelf1 libelfg0 libemail-valid-perl libenchant1c2a
  libexif12 libexiv2-12 libexpat1-dev libfdt1 libffi-dev libffi6
  libfftw3-single3 libfile-basedir-perl libfindlib-ocaml libfindlib-ocaml-dev
  libflac++6 libflac8 libfontconfig1 libfontconfig1-dev libfontenc1
  libfreetype6 libfreetype6-dev libfuse2 libgbm1 libgck-1-0 libgconf-2-4
  libgconf2-dev libgconf2-doc libgcr-3-common libgcr-base-3-1 libgcr-ui-3-1
  libgd3 libgdata-common libgdata13 libgdk-pixbuf2.0-0 libgdk-pixbuf2.0-common
  libgdk-pixbuf2.0-dev libgee2 libgeoclue0 libgeoip1 libgettextpo-dev
  libgettextpo0 libghc-aeson-dev libghc-aeson-prof libghc-attoparsec-dev
  libghc-attoparsec-prof libghc-base-unicode-symbols-dev
  libghc-base-unicode-symbols-prof libghc-base64-bytestring-dev
  libghc-base64-bytestring-prof libghc-basic-prelude-dev
  libghc-basic-prelude-prof libghc-blaze-builder-dev libghc-blaze-builder-prof
  libghc-cairo-dev libghc-conduit-dev libghc-conduit-prof libghc-dlist-dev
  libghc-dlist-prof libghc-extensible-exceptions-dev
  libghc-extensible-exceptions-prof libghc-ghc-mtl-dev libghc-ghc-mtl-prof
  libghc-ghc-paths-dev libghc-ghc-paths-prof libghc-gio-dev libghc-glib-dev
  libghc-glib-prof libghc-gtk-dev libghc-hashable-dev libghc-hashable-prof
  libghc-haskell-src-dev libghc-haskell-src-prof libghc-haxml-dev
  libghc-haxml-prof libghc-http-dev libghc-http-prof libghc-mmorph-dev
  libghc-mmorph-prof libghc-monad-control-dev libghc-monad-control-prof
  libghc-monadcatchio-mtl-dev libghc-monadcatchio-mtl-prof libghc-mtl-dev
  libghc-mtl-prof libghc-nats-dev libghc-nats-prof libghc-network-dev
  libghc-network-prof libghc-pango-dev libghc-polyparse-dev
  libghc-polyparse-prof libghc-primitive-dev libghc-primitive-prof
  libghc-random-dev libghc-random-prof libghc-readargs-dev
  libghc-readargs-prof libghc-resourcet-dev libghc-resourcet-prof
  libghc-semigroups-dev libghc-semigroups-prof libghc-stm-dev libghc-stm-prof
  libghc-syb-dev libghc-syb-prof libghc-system-filepath-dev
  libghc-system-filepath-prof libghc-terminfo-dev libghc-terminfo-prof
  libghc-text-dev libghc-text-prof libghc-transformers-base-dev
  libghc-transformers-base-prof libghc-transformers-dev
  libghc-transformers-prof libghc-unix-compat-dev libghc-unix-compat-prof
  libghc-unordered-containers-dev libghc-unordered-containers-prof
  libghc-utf8-string-dev libghc-utf8-string-prof libghc-vector-dev
  libghc-vector-prof libghc-void-dev libghc-void-prof libgirepository-1.0-1
  libgl1-mesa-dri libgl1-mesa-glx libglapi-mesa libgles2-mesa libglib2.0-0
  libglib2.0-bin libglib2.0-data libglib2.0-dev libglu1-mesa libgmp-dev
  libgmpxx4ldbl libgnome-bluetooth11 libgnome-desktop-3-7
  libgnome-keyring-common libgnome-keyring0 libgnome-menu-3-0
  libgnomekbd-common libgnomekbd8 libgoa-1.0-0b libgoa-1.0-common libgphoto2-6
  libgphoto2-l10n libgphoto2-port10 libgpm2 libgraphite2-3 libgsm1 libgssrpc4
  libgstreamer-plugins-base0.10-0 libgstreamer-plugins-base1.0-0
  libgstreamer-plugins-good1.0-0 libgstreamer0.10-0 libgstreamer1.0-0
  libgtk-3-0 libgtk-3-bin libgtk-3-common libgtk2.0-0 libgtk2.0-bin
  libgtk2.0-common libgtk2.0-dev libgtop2-7 libgtop2-common libgudev-1.0-0
  libgusb2 libgweather-common libharfbuzz-dev libharfbuzz-gobject0
  libharfbuzz-icu0 libharfbuzz0b libhunspell-1.3-0 libibus-1.0-5 libical1
  libice-dev libice6 libicu52 libido3-0.1-0 libiec61883-0 libieee1284-3
  libimobiledevice4 libindicator3-7 libio-pty-perl libio-socket-inet6-perl
  libio-socket-ssl-perl libio-string-perl libipc-run-perl
  libipc-system-simple-perl libisc95 libisccc90 libisccfg90 libjack-jackd2-0
  libjasper1 libjavascriptcoregtk-3.0-0 libjbig0 libjpeg-turbo8 libjpeg8
  libjs-jquery libjs-underscore libjson-glib-1.0-0 libjson-glib-1.0-common
  libkadm5clnt-mit9 libkadm5srv-mit9 libkcddb4 libkcmutils4 libkcompactdisc4
  libkdb5-7 libkde3support4 libkdecore5 libkdeui5 libkio5 libkparts4 libkpty4
  liblcms2-2 libldb1 liblightdm-gobject-1-0 liblist-moreutils-perl libllvm3.4
  libltdl7 liblwres90 liblzo2-2 libmad0 libmail-sendmail-perl
  libmailtools-perl libmbim-glib0 libmhash2 libmm-glib0 libmnl0 libmp3lame0
  libmpcdec6 libmtdev1 libmtp-common libmtp-runtime libmtp9 libmusicbrainz5-0
  libmysqlclient18 libncurses5-dev libneon27-gnutls libnepomuk4
  libnepomukquery4a libnepomukutils4 libnet-dns-perl libnet-domain-tld-perl
  libnet-ip-perl libnet-libidn-perl libnet-smtp-ssl-perl libnet-ssleay-perl
  libnetfilter-conntrack3 libnettle4 libnfnetlink0 libnl-3-200
  libnl-genl-3-200 libnl-route-3-200 libnm-glib-vpn1 libnm-glib4
  libnm-gtk-common libnm-gtk0 libnm-util2 libnotify4 libnspr4 libnss-mdns
  libnss3 libnss3-nssdb liboauth0 libobjc-4.8-dev libobjc4 libogg0
  libopenjpeg2 libopenobex1 libopenvg1-mesa libopus0 liborc-0.4-0
  libp11-kit-gnome-keyring libpackagekit-glib2-16 libpam-gnome-keyring
  libpam-systemd libpanel-applet-4-0 libpango-1.0-0 libpango1.0-0
  libpango1.0-dev libpangocairo-1.0-0 libpangoft2-1.0-0 libpangox-1.0-0
  libpangoxft-1.0-0 libparse-debianchangelog-perl libparted0debian1 libpcap0.8
  libpci3 libpciaccess0 libpcre3-dev libpcrecpp0 libpcsclite1
  libperlio-gzip-perl libphonon4 libpipeline1 libpixman-1-0 libpixman-1-dev
  libplist1 libpng12-dev libpolkit-agent-1-0 libpolkit-backend-1-0
  libpolkit-gobject-1-0 libpq-dev libpq5 libproxy1 libpthread-stubs0-dev
  libpulse-mainloop-glib0 libpulse0 libpulsedsp libpwquality-common
  libpwquality1 libpython2.7 libpython2.7-minimal libpython2.7-stdlib
  libqmi-glib0 libqt4-dbus libqt4-declarative libqt4-designer libqt4-network
  libqt4-opengl libqt4-qt3support libqt4-script libqt4-sql libqt4-sql-mysql
  libqt4-svg libqt4-xml libqt4-xmlpatterns libqt5core5a libqt5dbus5 libqt5gui5
  libqt5network5 libqt5opengl5 libqt5positioning5 libqt5printsupport5
  libqt5qml5 libqt5quick5 libqt5sensors5 libqt5sql5 libqt5sql5-sqlite
  libqt5test5 libqt5webkit5 libqt5widgets5 libqt5xml5 libqtcore4 libqtdbus4
  libqtgui4 librados2 libraptor2-0 librasqal3 libraw1394-11 librbd1 librdf0
  libreadline5 librest-0.7-0 librsvg2-2 librsvg2-common libsamplerate0 libsane
  libsane-common libschroedinger-1.0-0 libsdl1.2debian libseccomp2
  libsecret-1-0 libsecret-common libshout3 libsignon-extension1
  libsignon-glib1 libsignon-plugins-common1 libsignon-qt5-1 libsm-dev libsm6
  libsmbclient libsndfile1 libsocket6-perl libsolid4 libsoprano4
  libsoup-gnome2.4-1 libsoup2.4-1 libspeex1 libspeexdsp1 libspice-server1
  libssl-dev libssl-doc libssl1.0.0 libstreamanalyzer0 libstreams0
  libsub-identify-perl libsub-name-perl libsys-hostname-long-perl
  libsystemd-daemon0 libsystemd-journal0 libsystemd-login0 libtag1-vanilla
  libtag1c2a libtalloc2 libtdb1 libtevent0 libtext-levenshtein-perl
  libthai-data libthai0 libtheora0 libtiff5 libtimezonemap1 libtinfo-dev
  libtxc-dxtn-s2tc0 libudisks2-0 libunistring0 libunity-control-center1
  libupower-glib1 liburi-perl liburl-dispatcher1 libusb-1.0-0 libusbmuxd2
  libusbredirparser1 libutempter0 libv4l-0 libv4lconvert0 libva1 libvdpau1
  libvisual-0.4-0 libvisual-0.4-plugins libvorbis0a libvorbisenc2
  libvorbisfile3 libvpx1 libwacom-common libwacom2 libwavpack1
  libwayland-client0 libwayland-cursor0 libwayland-egl1-mesa
  libwayland-server0 libwbclient0 libwebkitgtk-3.0-0 libwebkitgtk-3.0-common
  libwebp5 libwrap0 libx11-dev libx11-doc libx11-xcb1 libx264-142 libx32asan0
  libx32atomic1 libx32gcc-4.8-dev libx32gcc1 libx32gomp1 libx32itm1
  libx32quadmath0 libxau-dev libxaw7 libxcb-dri2-0 libxcb-dri3-0 libxcb-glx0
  libxcb-icccm4 libxcb-image0 libxcb-keysyms1 libxcb-present0 libxcb-randr0
  libxcb-render-util0 libxcb-render0 libxcb-render0-dev libxcb-shape0
  libxcb-shm0 libxcb-shm0-dev libxcb-sync1 libxcb-util0 libxcb-xfixes0
  libxcb-xkb1 libxcb1-dev libxcomposite-dev libxcomposite1 libxcursor-dev
  libxcursor1 libxdamage-dev libxdamage1 libxdmcp-dev libxen-4.4
  libxenstore3.0 libxext-dev libxfixes-dev libxfixes3 libxfont1 libxft-dev
  libxft2 libxi-dev libxi6 libxinerama-dev libxinerama1 libxkbcommon-x11-0
  libxkbcommon0 libxkbfile1 libxklavier16 libxml2 libxml2-utils libxmu6
  libxpm4 libxrandr-dev libxrandr2 libxrender-dev libxrender1 libxshmfence1
  libxslt1.1 libxt6 libxtables10 libxtst6 libxv1 libxvidcore4 libxxf86dga1
  libxxf86vm1 libyajl2 libyaml-dev libyelp0 lightdm lintian linux-sound-base
  man-db mobile-broadband-provider-info modemmanager mousetweaks msr-tools
  mysql-common nautilus-data network-manager network-manager-gnome
  network-manager-pptp network-manager-pptp-gnome notification-daemon ntfs-3g
  nvidia-352 nvidia-352-dev nvidia-352-updates nvidia-352-updates-dev
  nvidia-367 nvidia-367-dev nvidia-375 nvidia-375-dev nvidia-384
  nvidia-384-dev nvidia-libopencl1-352 nvidia-libopencl1-352-updates
  nvidia-libopencl1-367 nvidia-libopencl1-375 nvidia-libopencl1-384
  nvidia-opencl-icd-352 nvidia-opencl-icd-352-updates nvidia-opencl-icd-367
  nvidia-opencl-icd-375 nvidia-opencl-icd-384 nvidia-prime nvidia-settings
  obex-data-server obexd-client ocaml-base-nox ocaml-compiler-libs
  ocaml-findlib ocaml-interp ocaml-nox p11-kit p11-kit-modules parted
  patchutils pciutils phonon phonon-backend-gstreamer
  phonon-backend-gstreamer-common phonon-backend-gstreamer1.0 pkg-config
  po-debconf policykit-1 policykit-1-gnome ppp pptp-linux psmisc pulseaudio
  pulseaudio-module-x11 pulseaudio-utils python-apt python-apt-common
  python-cairo python-cups python-cupshelpers python-dbus python-dbus-dev
  python-gi python-gnomekeyring python-gobject python-gobject-2 python-gtk2
  python-libxml2 python-notify python-smbc python-talloc python2.7
  python2.7-minimal python3-apt python3-aptdaemon python3-aptdaemon.pkcompat
  python3-dbus python3-defer python3-gi python3-xdg python3-xkit qdbus
  qemu-keymaps qemu-system-common qemu-utils qtchooser qtcore4-l10n rtkit
  samba-libs screen-resolution-extra seabios session-migration sgml-base
  shared-mime-info sharutils signon-keyring-extension signon-plugin-oauth2
  signon-ui signond soprano-daemon sound-theme-freedesktop
  system-config-printer-common system-config-printer-gnome
  system-config-printer-udev systemd-services systemd-shim t1utils tcpd
  ubuntu-system-service udisks2 unity-control-center
  unity-control-center-signon unity-greeter unity-settings-daemon upower
  usb-modeswitch usb-modeswitch-data usbmuxd usbutils wamerican wireless-regdb
  wpasupplicant x11-common x11-utils x11-xkb-utils x11proto-composite-dev
  x11proto-core-dev x11proto-damage-dev x11proto-fixes-dev x11proto-input-dev
  x11proto-kb-dev x11proto-randr-dev x11proto-render-dev x11proto-xext-dev
  x11proto-xinerama-dev xfonts-base xfonts-encodings xfonts-utils xml-core
  xorg-sgml-doctools xserver-common xserver-xorg xserver-xorg-core
  xserver-xorg-input-all xserver-xorg-input-evdev xserver-xorg-input-mouse
  xserver-xorg-input-synaptics xserver-xorg-input-vmmouse
  xserver-xorg-input-wacom xtrans-dev yelp yelp-xsl zenity zenity-common
  zlib1g-dev
Suggested packages:
  gnome-control-center apmd alsa-oss oss-compat aspell-doc spellutils
  avahi-autoipd bumblebee bluez-hcidump whois vacation gnustep gnustep-devel
  doc-base dh-make apparmor-easyprof wordlist emacsen-common jed-extra
  evolution evolution-data-server-dbg gconf-defaults-service gettext-doc
  ghc-doc haskell-doc llvm apache2.2-bin libapache2-mod-dnssd groff
  gvfs-backends-goa samba-common hunspell openoffice.org-hunspell
  openoffice.org-core ibus-clutter ibus-doc ibus-qt4 click apport
  unity-greeter-session-broadcast isoquery krb5-doc lrzip nas libgssapi-perl
  libcairo2-doc libcanberra-gtk0 cups-common libdiscid0-dbg libdv-bin
  libdvdcss2 libenchant-voikko exiv2 libfftw3-bin libfftw3-dev libgd-tools
  geoip-bin libghc-aeson-doc libghc-attoparsec-conduit-doc
  libghc-attoparsec-doc libghc-base-unicode-symbols-doc
  libghc-base64-bytestring-doc libghc-basic-prelude-doc
  libghc-blaze-builder-doc libghc-cairo-doc libghc-cairo-prof
  libghc-classy-prelude-doc libghc-conduit-doc libghc-csv-doc libghc-dlist-doc
  libghc-executable-path-doc libghc-extensible-exceptions-doc
  libghc-filemanip-doc libghc-gconf-doc libghc-ghc-mtl-doc
  libghc-ghc-paths-doc libghc-gio-doc libghc-gio-prof libghc-glib-doc
  libghc-gtk-doc libghc-gtk-prof libghc-hashable-doc libghc-haskeline-doc
  libghc-haskell-src-doc libghc-haxml-doc libghc-haxr-doc libghc-hfuse-doc
  libghc-hint-doc libghc-http-doc libghc-lifted-base-doc libghc-ltk-doc
  libghc-mmorph-doc libghc-monad-control-doc libghc-monadcatchio-mtl-doc
  libghc-mtl-doc libghc-nats-doc libghc-network-doc libghc-numeric-extras-doc
  libghc-pango-doc libghc-pango-prof libghc-parsec3-doc libghc-polyparse-doc
  libghc-postgresql-libpq-doc libghc-primitive-doc libghc-random-doc
  libghc-readargs-doc libghc-resourcet-doc libghc-semigroups-doc
  libghc-stm-doc libghc-stringsearch-doc libghc-syb-doc
  libghc-system-fileio-doc libghc-system-filepath-doc
  libghc-terminal-progress-bar-doc libghc-terminfo-doc libghc-text-doc
  libghc-transformers-base-doc libghc-transformers-doc libghc-unix-compat-doc
  libghc-unordered-containers-doc libghc-utf8-string-doc libghc-vector-doc
  libghc-void-doc libghc-web-plugins-doc libghc-yaml-doc libglide3
  libglib2.0-doc libgmp10-doc libmpfr-dev gphoto2 gtkam gpm krb5-user
  gstreamer-codec-install gnome-codec-install gstreamer0.10-tools
  gstreamer0.10-plugins-base gstreamer1.0-tools libgtk2.0-doc libice-doc
  jackd2 libjasper-runtime javascript-common hspell kdelibs5-plugins
  liblcms2-utils ncurses-doc opus-tools ttf-baekmuk ttf-arphic-gbsn00lp
  ttf-arphic-bsmi00lp ttf-arphic-gkai00mp ttf-arphic-bkai00mp libpango1.0-doc
  imagemagick libhtml-parser-perl libhtml-template-perl libxml-simple-perl
  libparted0-dev libparted0-i18n pcscd postgresql-doc-9.3
  libqt4-declarative-folderlistmodel libqt4-declarative-gestures
  libqt4-declarative-particles libqt4-declarative-shaders qt4-qmlviewer
  libqt4-dev libicu48 qt4-qtconfig raptor2-utils rasqal-utils libraw1394-doc
  librdf-storage-postgresql librdf-storage-mysql librdf-storage-sqlite
  librdf-storage-virtuoso redland-utils librsvg2-bin hplip hpoj libsane-extras
  sane-utils libsm-doc media-player-info speex libwww-perl url-dispatcher
  nvidia-vdpau-driver vdpau-driver libxcb-doc libxext-doc binutils-multiarch
  libtext-template-perl libyaml-perl www-browser nautilus
  network-manager-openconnect-gnome network-manager-openvpn-gnome
  network-manager-vpnc-gnome ocaml-findlib-wizard ocaml-doc tuareg-mode
  ocaml-mode parted-doc phonon-backend-vlc gstreamer1.0-plugins-ugly
  phonon4qt5-backend-gstreamer libmail-box-perl pavumeter paman pavucontrol
  paprefs pulseaudio-module-raop pulseaudio-esound-compat python-apt-dbg
  python-vte python-apt-doc python-dbus-doc python-dbus-dbg python-gi-cairo
  python-gobject-2-dbg python-gtk2-doc python2.7-doc python3-apt-dbg
  python3-dbus-dbg samba vde2 sgabios kvm-ipxe-precise debootstrap qt4-default
  qt5-default sgml-base-doc bsd-mailx mailx virtuoso-minimal cgmanager
  pm-utils xfsprogs reiserfsprogs exfat-utils btrfs-tools mdadm cryptsetup-bin
  libcanberra-gtk-module x11-xserver-utils lightdm-remote-session-freerdp
  lightdm-remote-session-uccsconfigure remote-login-service metacity
  x-window-manager comgt wvdial wget lynx-cur wpagui libengine-pkcs11-openssl
  mesa-utils xfs xserver xfonts-100dpi xfonts-75dpi xfonts-scalable
  gpointing-device-settings touchfreeze xinput
The following NEW packages will be installed:
  accountsservice acl acpid alsa-base alsa-utils apg aptdaemon aspell
  aspell-en at-spi2-core avahi-daemon avahi-utils bbswitch-dkms bind9-host
  binfmt-support bluez bsdmainutils camlp4 cheese-common clang-3.6
  clang-3.6-doc clang-3.6-examples clang-format-3.6 clang-modernize-3.6 colord
  comerr-dev cpp11-migrate-3.6 cpu-checker cracklib-runtime crda
  cups-pk-helper curl dbus dbus-x11 dconf-cli dconf-gsettings-backend
  dconf-service debhelper desktop-file-utils dh-apparmor dialog
  dictionaries-common diffstat dkms dnsmasq-base dosfstools enchant
  evolution-data-server evolution-data-server-common
  evolution-data-server-online-accounts fontconfig fontconfig-config
  fonts-dejavu-core fuse gcc-4.8-multilib gcc-multilib gconf-service
  gconf-service-backend gconf2 gconf2-common gcr gdisk geoclue
  geoclue-ubuntu-geoip geoip-database gettext gettext-base ghc ghc-prof
  gir1.2-atk-1.0 gir1.2-freedesktop gir1.2-gconf-2.0 gir1.2-gdkpixbuf-2.0
  gir1.2-glib-2.0 gir1.2-gnomebluetooth-1.0 gir1.2-gtk-2.0 gir1.2-gtk-3.0
  gir1.2-ibus-1.0 gir1.2-notify-0.7 gir1.2-packagekitglib-1.0 gir1.2-pango-1.0
  gkbd-capplet glib-networking glib-networking-common glib-networking-services
  gnome-bluetooth gnome-control-center-shared-data gnome-desktop3-data
  gnome-icon-theme gnome-icon-theme-symbolic gnome-keyring gnome-menus
  gnome-power-manager gnome-screensaver gnome-session-bin
  gnome-settings-daemon-schemas gnome-user-guide gnome-user-share
  golang-go-darwin-386 golang-go-freebsd-386 golang-go-linux-386
  golang-go-netbsd-386 golang-go-windows-386 groff-base
  gsettings-desktop-schemas gsettings-ubuntu-schemas gstreamer0.10-pulseaudio
  gstreamer1.0-alsa gstreamer1.0-clutter gstreamer1.0-plugins-base
  gstreamer1.0-plugins-good gstreamer1.0-x gvfs gvfs-backends gvfs-common
  gvfs-daemons gvfs-libs hardening-includes hicolor-icon-theme
  humanity-icon-theme hunspell-en-us hwdata ibus ibus-gtk ibus-gtk3 im-config
  indicator-applet indicator-application indicator-bluetooth
  indicator-datetime indicator-keyboard indicator-messages indicator-power
  indicator-session indicator-sound installation-guide-i386 intltool-debian
  iptables iputils-arping ipxe-qemu iso-codes iw kdelibs5-data krb5-multidev
  ledit lib32asan0 lib32atomic1 lib32gcc-4.8-dev lib32gcc1 lib32gomp1
  lib32itm1 lib32quadmath0 libaa1 libaccount-plugin-1.0-0
  libaccount-plugin-generic-oauth libaccount-plugin-google libaccounts-glib0
  libaccounts-qt5-1 libaccountsservice0 libaio1 libapparmor1
  libappindicator3-1 libapt-pkg-perl libarchive-zip-perl libarchive13
  libasound2 libasound2-data libasound2-plugins libaspell15 libasprintf-dev
  libasprintf0c2 libasyncns0 libatasmart4 libatk-bridge2.0-0 libatk1.0-0
  libatk1.0-data libatk1.0-dev libatspi2.0-0 libattica0.4 libaudio2
  libauthen-sasl-perl libautodie-perl libavahi-client3 libavahi-common-data
  libavahi-common3 libavahi-core7 libavahi-glib1 libavc1394-0 libavcodec54
  libavformat54 libavutil52 libbind9-90 libbluetooth3 libboost-system1.54.0
  libboost-thread1.54.0 libbrlapi0.6 libbsd-dev libbz2-dev libbz2-ocaml
  libbz2-ocaml-dev libc6-dev-i386 libc6-dev-x32 libc6-i386 libc6-x32 libcaca0
  libcairo-gobject2 libcairo-script-interpreter2 libcairo2 libcairo2-dev
  libcamel-1.2-45 libcanberra-gtk3-0 libcanberra-gtk3-module libcanberra-pulse
  libcanberra0 libcap-ng0 libcdio-cdda1 libcdio-paranoia1 libcdio13
  libcdparanoia0 libcheese-gtk23 libcheese7 libclang-3.6-dev
  libclang-common-3.6-dev libclang1-3.6 libclang1-3.6-dbg
  libclass-accessor-perl libclone-perl libclucene-core1 libclutter-1.0-0
  libclutter-1.0-common libclutter-gst-2.0-0 libclutter-gtk-1.0-0
  libcogl-common libcogl-pango15 libcogl15 libcolord1 libcolorhug1 libcrack2
  libcroco3 libcuda1-346 libcuda1-346-updates libcuda1-352
  libcuda1-352-updates libcuda1-367 libcuda1-375 libcuda1-384 libcups2
  libcurl3 libdaemon0 libdatrie1 libdbus-1-dev libdbus-glib-1-2
  libdbusmenu-glib4 libdbusmenu-gtk3-4 libdbusmenu-qt2 libdconf1
  libdigest-hmac-perl libdiscid0 libdlrestrictions1 libdns100 libdrm-intel1
  libdrm-nouveau2 libdrm-radeon1 libdv4 libdvdnav4 libdvdread4
  libebackend-1.2-7 libebook-1.2-14 libebook-contacts-1.2-0 libecal-1.2-16
  libedata-book-1.2-20 libedata-cal-1.2-23 libedataserver-1.2-18 libegl1-mesa
  libegl1-mesa-drivers libelf1 libelfg0 libemail-valid-perl libenchant1c2a
  libexif12 libexiv2-12 libexpat1-dev libfdt1 libffi-dev libfftw3-single3
  libfile-basedir-perl libfindlib-ocaml libfindlib-ocaml-dev libflac++6
  libflac8 libfontconfig1 libfontconfig1-dev libfontenc1 libfreetype6
  libfreetype6-dev libfuse2 libgbm1 libgck-1-0 libgconf-2-4 libgconf2-dev
  libgconf2-doc libgcr-3-common libgcr-base-3-1 libgcr-ui-3-1 libgd3
  libgdata-common libgdata13 libgdk-pixbuf2.0-0 libgdk-pixbuf2.0-common
  libgdk-pixbuf2.0-dev libgee2 libgeoclue0 libgeoip1 libgettextpo-dev
  libgettextpo0 libghc-aeson-dev libghc-aeson-prof
  libghc-attoparsec-conduit-dev libghc-attoparsec-conduit-prof
  libghc-attoparsec-dev libghc-attoparsec-prof libghc-base-unicode-symbols-dev
  libghc-base-unicode-symbols-prof libghc-base64-bytestring-dev
  libghc-base64-bytestring-prof libghc-basic-prelude-dev
  libghc-basic-prelude-prof libghc-blaze-builder-dev libghc-blaze-builder-prof
  libghc-cairo-dev libghc-classy-prelude-dev libghc-classy-prelude-prof
  libghc-conduit-dev libghc-conduit-prof libghc-csv-dev libghc-csv-prof
  libghc-dlist-dev libghc-dlist-prof libghc-executable-path-dev
  libghc-executable-path-prof libghc-extensible-exceptions-dev
  libghc-extensible-exceptions-prof libghc-filemanip-dev libghc-filemanip-prof
  libghc-gconf-dev libghc-gconf-prof libghc-ghc-mtl-dev libghc-ghc-mtl-prof
  libghc-ghc-paths-dev libghc-ghc-paths-prof libghc-gio-dev libghc-glib-dev
  libghc-glib-prof libghc-gtk-dev libghc-hashable-dev libghc-hashable-prof
  libghc-haskeline-dev libghc-haskeline-prof libghc-haskell-src-dev
  libghc-haskell-src-prof libghc-haxml-dev libghc-haxml-prof libghc-haxr-dev
  libghc-haxr-prof libghc-hfuse-dev libghc-hfuse-prof libghc-hint-dev
  libghc-hint-prof libghc-http-dev libghc-http-prof libghc-lifted-base-dev
  libghc-lifted-base-prof libghc-ltk-dev libghc-mmorph-dev libghc-mmorph-prof
  libghc-monad-control-dev libghc-monad-control-prof
  libghc-monadcatchio-mtl-dev libghc-monadcatchio-mtl-prof libghc-mtl-dev
  libghc-mtl-prof libghc-nats-dev libghc-nats-prof libghc-network-dev
  libghc-network-prof libghc-numeric-extras-dev libghc-numeric-extras-prof
  libghc-pango-dev libghc-parsec3-dev libghc-parsec3-prof libghc-polyparse-dev
  libghc-polyparse-prof libghc-postgresql-libpq-dev
  libghc-postgresql-libpq-prof libghc-primitive-dev libghc-primitive-prof
  libghc-random-dev libghc-random-prof libghc-readargs-dev
  libghc-readargs-prof libghc-resourcet-dev libghc-resourcet-prof
  libghc-semigroups-dev libghc-semigroups-prof libghc-stm-dev libghc-stm-prof
  libghc-stringsearch-dev libghc-stringsearch-prof libghc-syb-dev
  libghc-syb-prof libghc-system-fileio-dev libghc-system-fileio-prof
  libghc-system-filepath-dev libghc-system-filepath-prof
  libghc-terminal-progress-bar-dev libghc-terminal-progress-bar-prof
  libghc-terminfo-dev libghc-terminfo-prof libghc-text-dev libghc-text-prof
  libghc-transformers-base-dev libghc-transformers-base-prof
  libghc-transformers-dev libghc-transformers-prof libghc-unix-compat-dev
  libghc-unix-compat-prof libghc-unordered-containers-dev
  libghc-unordered-containers-prof libghc-utf8-string-dev
  libghc-utf8-string-prof libghc-vector-dev libghc-vector-prof libghc-void-dev
  libghc-void-prof libghc-web-plugins-dev libghc-web-plugins-prof
  libghc-yaml-dev libghc-yaml-prof libgirepository-1.0-1 libgl1-mesa-dri
  libgl1-mesa-glx libglapi-mesa libgles2-mesa libglib2.0-0 libglib2.0-bin
  libglib2.0-data libglib2.0-dev libglu1-mesa libgmp-dev libgmpxx4ldbl
  libgnome-bluetooth11 libgnome-desktop-3-7 libgnome-keyring-common
  libgnome-keyring0 libgnome-menu-3-0 libgnomekbd-common libgnomekbd8
  libgoa-1.0-0b libgoa-1.0-common libgphoto2-6 libgphoto2-l10n
  libgphoto2-port10 libgpm2 libgraphite2-3 libgsm1 libgssrpc4
  libgstreamer-plugins-base0.10-0 libgstreamer-plugins-base1.0-0
  libgstreamer-plugins-good1.0-0 libgstreamer0.10-0 libgstreamer1.0-0
  libgtk-3-0 libgtk-3-bin libgtk-3-common libgtk2.0-0 libgtk2.0-bin
  libgtk2.0-common libgtk2.0-dev libgtop2-7 libgtop2-common libgudev-1.0-0
  libgusb2 libgweather-3-6 libgweather-common libharfbuzz-dev
  libharfbuzz-gobject0 libharfbuzz-icu0 libharfbuzz0b libhunspell-1.3-0
  libibus-1.0-5 libical1 libice-dev libice6 libicu52 libido3-0.1-0
  libiec61883-0 libieee1284-3 libimobiledevice4 libindicator3-7 libio-pty-perl
  libio-socket-inet6-perl libio-socket-ssl-perl libio-string-perl
  libipc-run-perl libipc-system-simple-perl libisc95 libisccc90 libisccfg90
  libjack-jackd2-0 libjasper1 libjavascriptcoregtk-3.0-0 libjbig0
  libjpeg-turbo8 libjpeg8 libjs-jquery libjs-underscore libjson-glib-1.0-0
  libjson-glib-1.0-common libk3b6 libk3b6-extracodecs libkadm5clnt-mit9
  libkadm5srv-mit9 libkcddb4 libkcmutils4 libkcompactdisc4 libkdb5-7
  libkde3support4 libkdecore5 libkdeui5 libkio5 libkparts4 libkpty4 liblcms2-2
  libldb1 liblightdm-gobject-1-0 liblist-moreutils-perl liblldb-3.6
  liblldb-3.6-dev libllvm-3.6-ocaml-dev libllvm3.4 libllvm3.6 libllvm3.6-dbg
  libltdl7 liblwres90 liblzo2-2 libmad0 libmail-sendmail-perl
  libmailtools-perl libmbim-glib0 libmhash2 libmm-glib0 libmnl0 libmp3lame0
  libmpcdec6 libmtdev1 libmtp-common libmtp-runtime libmtp9 libmusicbrainz3-6
  libmusicbrainz5-0 libmysqlclient18 libncurses5-dev libneon27-gnutls
  libnepomuk4 libnepomukquery4a libnepomukutils4 libnet-dns-perl
  libnet-domain-tld-perl libnet-ip-perl libnet-libidn-perl
  libnet-smtp-ssl-perl libnet-ssleay-perl libnetfilter-conntrack3 libnettle4
  libnfnetlink0 libnl-3-200 libnl-genl-3-200 libnl-route-3-200 libnm-glib-vpn1
  libnm-glib4 libnm-gtk-common libnm-gtk0 libnm-util2 libnotify4 libnspr4
  libnss-mdns libnss3 libnss3-nssdb liboauth0 libobjc-4.8-dev libobjc4 libogg0
  libopenjpeg2 libopenobex1 libopenvg1-mesa libopus0 liborc-0.4-0
  libp11-kit-gnome-keyring libpackagekit-glib2-16 libpam-gnome-keyring
  libpam-systemd libpanel-applet-4-0 libpango-1.0-0 libpango1.0-0
  libpango1.0-dev libpangocairo-1.0-0 libpangoft2-1.0-0 libpangox-1.0-0
  libpangoxft-1.0-0 libparse-debianchangelog-perl libparted0debian1 libpcap0.8
  libpci3 libpciaccess0 libpcre3-dev libpcrecpp0 libpcsclite1
  libperlio-gzip-perl libphonon4 libpipeline1 libpixman-1-0 libpixman-1-dev
  libplist1 libpng12-dev libpolkit-agent-1-0 libpolkit-backend-1-0
  libpolkit-gobject-1-0 libpq-dev libpq5 libproxy1 libpthread-stubs0-dev
  libpulse-mainloop-glib0 libpulse0 libpulsedsp libpwquality-common
  libpwquality1 libpython2.7 libqmi-glib0 libqt4-dbus libqt4-declarative
  libqt4-designer libqt4-network libqt4-opengl libqt4-qt3support libqt4-script
  libqt4-sql libqt4-sql-mysql libqt4-svg libqt4-xml libqt4-xmlpatterns
  libqt5core5a libqt5dbus5 libqt5gui5 libqt5network5 libqt5opengl5
  libqt5positioning5 libqt5printsupport5 libqt5qml5 libqt5quick5
  libqt5sensors5 libqt5sql5 libqt5sql5-sqlite libqt5test5 libqt5webkit5
  libqt5widgets5 libqt5xml5 libqtcore4 libqtdbus4 libqtgui4 librados2
  libraptor2-0 librasqal3 libraw1394-11 librbd1 librdf0 libreadline5
  librest-0.7-0 librsvg2-2 librsvg2-common libsamplerate0 libsane
  libsane-common libschroedinger-1.0-0 libsdl1.2debian libseccomp2
  libsecret-1-0 libsecret-common libshout3 libsignon-extension1
  libsignon-glib1 libsignon-plugins-common1 libsignon-qt5-1 libsm-dev libsm6
  libsmbclient libsndfile1 libsocket6-perl libsolid4 libsoprano4
  libsoup-gnome2.4-1 libsoup2.4-1 libspeex1 libspeexdsp1 libspice-server1
  libssl-dev libssl-doc libstreamanalyzer0 libstreams0 libsub-identify-perl
  libsub-name-perl libsys-hostname-long-perl libsystemd-daemon0
  libsystemd-journal0 libsystemd-login0 libtag1-vanilla libtag1c2a libtalloc2
  libtdb1 libtevent0 libtext-levenshtein-perl libthai-data libthai0 libtheora0
  libtiff5 libtimezonemap1 libtinfo-dev libtxc-dxtn-s2tc0 libudisks2-0
  libunistring0 libunity-control-center1 libupower-glib1 liburi-perl
  liburl-dispatcher1 libusb-1.0-0 libusbmuxd2 libusbredirparser1 libutempter0
  libv4l-0 libv4lconvert0 libva1 libvdpau1 libvisual-0.4-0
  libvisual-0.4-plugins libvorbis0a libvorbisenc2 libvorbisfile3 libvpx1
  libwacom-common libwacom2 libwavpack1 libwayland-client0 libwayland-cursor0
  libwayland-egl1-mesa libwayland-server0 libwbclient0 libwebkitgtk-3.0-0
  libwebkitgtk-3.0-common libwebp5 libwfmath-0.3-6 libwfmath-0.3-6-dbg
  libwrap0 libx11-dev libx11-doc libx11-xcb1 libx264-142 libx32asan0
  libx32atomic1 libx32gcc-4.8-dev libx32gcc1 libx32gomp1 libx32itm1
  libx32quadmath0 libxau-dev libxaw7 libxcb-dri2-0 libxcb-dri3-0 libxcb-glx0
  libxcb-icccm4 libxcb-image0 libxcb-keysyms1 libxcb-present0 libxcb-randr0
  libxcb-render-util0 libxcb-render0 libxcb-render0-dev libxcb-shape0
  libxcb-shm0 libxcb-shm0-dev libxcb-sync1 libxcb-util0 libxcb-xfixes0
  libxcb-xkb1 libxcb1-dev libxcomposite-dev libxcomposite1 libxcursor-dev
  libxcursor1 libxdamage-dev libxdamage1 libxdmcp-dev libxen-4.4
  libxenstore3.0 libxext-dev libxfixes-dev libxfixes3 libxfont1 libxft-dev
  libxft2 libxi-dev libxi6 libxinerama-dev libxinerama1 libxkbcommon-x11-0
  libxkbcommon0 libxkbfile1 libxklavier16 libxml2 libxml2-utils libxmu6
  libxpm4 libxrandr-dev libxrandr2 libxrender-dev libxrender1 libxshmfence1
  libxslt1.1 libxt6 libxtables10 libxtst6 libxv1 libxvidcore4 libxxf86dga1
  libxxf86vm1 libyajl2 libyaml-dev libyelp0 lightdm lintian linux-sound-base
  lldb-3.6 lldb-3.6-dev llvm-3.6 llvm-3.6-dev llvm-3.6-doc llvm-3.6-examples
  llvm-3.6-runtime llvm-3.6-tools man-db mobile-broadband-provider-info
  modemmanager mousetweaks msr-tools mysql-common nautilus-data
  network-manager network-manager-gnome network-manager-pptp
  network-manager-pptp-gnome notification-daemon ntfs-3g nvidia-346
  nvidia-346-dev nvidia-346-updates nvidia-346-updates-dev
  nvidia-346-updates-uvm nvidia-346-uvm nvidia-352 nvidia-352-dev
  nvidia-352-updates nvidia-352-updates-dev nvidia-367 nvidia-367-dev
  nvidia-375 nvidia-375-dev nvidia-384 nvidia-384-dev nvidia-libopencl1-346
  nvidia-libopencl1-346-updates nvidia-libopencl1-352
  nvidia-libopencl1-352-updates nvidia-libopencl1-367 nvidia-libopencl1-375
  nvidia-libopencl1-384 nvidia-opencl-icd-346 nvidia-opencl-icd-346-updates
  nvidia-opencl-icd-352 nvidia-opencl-icd-352-updates nvidia-opencl-icd-367
  nvidia-opencl-icd-375 nvidia-opencl-icd-384 nvidia-prime nvidia-settings
  obex-data-server obexd-client ocaml-base-nox ocaml-compiler-libs
  ocaml-findlib ocaml-interp ocaml-nox p11-kit p11-kit-modules parted
  patchutils pciutils phonon phonon-backend-gstreamer
  phonon-backend-gstreamer-common phonon-backend-gstreamer1.0 pkg-config
  po-debconf policykit-1 policykit-1-gnome ppp pptp-linux psmisc pulseaudio
  pulseaudio-module-x11 pulseaudio-utils python-apt python-apt-common
  python-cairo python-clang-3.6 python-cups python-cupshelpers python-dbus
  python-dbus-dev python-gi python-gnomekeyring python-gobject
  python-gobject-2 python-gtk2 python-libxml2 python-lldb-3.6 python-notify
  python-smbc python-talloc python3-apt python3-aptdaemon
  python3-aptdaemon.pkcompat python3-dbus python3-defer python3-gi python3-xdg
  python3-xkit qdbus qemu-keymaps qemu-system-common qemu-system-x86
  qemu-utils qtchooser qtcore4-l10n rtkit samba-libs screen-resolution-extra
  seabios session-migration sgml-base shared-mime-info sharutils
  signon-keyring-extension signon-plugin-oauth2 signon-ui signond
  soprano-daemon sound-theme-freedesktop system-config-printer-common
  system-config-printer-gnome system-config-printer-udev systemd-services
  systemd-shim t1utils tcpd ubuntu-system-service udisks2 unity-control-center
  unity-control-center-signon unity-greeter unity-settings-daemon upower
  usb-modeswitch usb-modeswitch-data usbmuxd usbutils wamerican wireless-regdb
  wpasupplicant x11-common x11-utils x11-xkb-utils x11proto-composite-dev
  x11proto-core-dev x11proto-damage-dev x11proto-fixes-dev x11proto-input-dev
  x11proto-kb-dev x11proto-randr-dev x11proto-render-dev x11proto-xext-dev
  x11proto-xinerama-dev xfonts-base xfonts-encodings xfonts-utils xml-core
  xorg-sgml-doctools xserver-common xserver-xorg xserver-xorg-core
  xserver-xorg-input-all xserver-xorg-input-evdev xserver-xorg-input-mouse
  xserver-xorg-input-synaptics xserver-xorg-input-vmmouse
  xserver-xorg-input-wacom xtrans-dev yelp yelp-xsl zenity zenity-common
  zlib1g-dev
The following packages will be upgraded:
  libffi6 libpython2.7-minimal libpython2.7-stdlib libssl1.0.0 python2.7
  python2.7-minimal
6 upgraded, 1019 newly installed, 0 to remove and 26 not upgraded.
Need to get 833 MB of archives.
After this operation, 3268 MB of additional disk space will be used.
Do you want to continue? [Y/n] Abort.
root@knode:~/ws# 
root@knode:~/ws# 
root@knode:~/ws# docker run --rm -v $PWD/ansible:/etc/ansible schogini/docker-ansible-ws-ubuntu sudo apt-get install python3.6
Reading package lists...
Building dependency tree...
Reading state information...
E: Unable to locate package python3.6
E: Couldn't find any package by regex 'python3.6'
root@knode:~/ws# docker run --rm -v $PWD/ansible:/etc/ansible schogini/docker-ansible-ws-ubuntu sudo apt-get install python 3
Reading package lists...
Building dependency tree...
Reading state information...
E: Unable to locate package 3
root@knode:~/ws# 
root@knode:~/ws# 
root@knode:~/ws# 
root@knode:~/ws# 
root@knode:~/ws# 
root@knode:~/ws# 
root@knode:~/ws# 
root@knode:~/ws# 
root@knode:~/ws# 
root@knode:~/ws# 
root@knode:~/ws# 
root@knode:~/ws# 
root@knode:~/ws# 
root@knode:~/ws# 
root@knode:~/ws# 
root@knode:~/ws# 
root@knode:~/ws# 
root@knode:~/ws# 
root@knode:~/ws# 
root@knode:~/ws# 
root@knode:~/ws# 
root@knode:~/ws# 
root@knode:~/ws# 
root@knode:~/ws# 
root@knode:~/ws# 
root@knode:~/ws# 
root@knode:~/ws# 
root@knode:~/ws# docker run --rm -v $PWD/ansible:/etc/ansible schogini/docker-ansible-ws-ubuntu sudo 




^C


usage: sudo -h | -K | -k | -V
usage: sudo -v [-AknS] [-g group] [-h host] [-p prompt] [-u user]
usage: sudo -l [-AknS] [-g group] [-h host] [-p prompt] [-U user] [-u user]
            [command]
usage: sudo [-AbEHknPS] [-r role] [-t type] [-C num] [-g group] [-h host] [-p
            prompt] [-u user] [VAR=value] [-i|-s] [<command>]
usage: sudo -e [-AknS] [-r role] [-t type] [-C num] [-g group] [-h host] [-p
            prompt] [-u user] file ...
root@knode:~/ws# 
root@knode:~/ws# 
root@knode:~/ws# 
root@knode:~/ws# 
root@knode:~/ws# 
root@knode:~/ws# 
root@knode:~/ws# docker run --rm -v $PWD/ansible:/etc/ansible schogini/docker-ansible-ws-ubuntu pip install certifi
Downloading/unpacking certifi
Cleaning up...
Exception:
Traceback (most recent call last):
  File "/usr/lib/python2.7/dist-packages/pip/basecommand.py", line 122, in main
    status = self.run(options, args)
  File "/usr/lib/python2.7/dist-packages/pip/commands/install.py", line 278, in run
    requirement_set.prepare_files(finder, force_root_egg_info=self.bundle, bundle=self.bundle)
  File "/usr/lib/python2.7/dist-packages/pip/req.py", line 1198, in prepare_files
    do_download,
  File "/usr/lib/python2.7/dist-packages/pip/req.py", line 1376, in unpack_url
    self.session,
  File "/usr/lib/python2.7/dist-packages/pip/download.py", line 546, in unpack_http_url
    resp = session.get(target_url, stream=True)
  File "/usr/share/python-wheels/requests-2.2.1-py2.py3-none-any.whl/requests/sessions.py", line 467, in get
    return self.request('GET', url, **kwargs)
  File "/usr/lib/python2.7/dist-packages/pip/download.py", line 237, in request
    return super(PipSession, self).request(method, url, *args, **kwargs)
  File "/usr/share/python-wheels/requests-2.2.1-py2.py3-none-any.whl/requests/sessions.py", line 455, in request
    resp = self.send(prep, **send_kwargs)
  File "/usr/share/python-wheels/requests-2.2.1-py2.py3-none-any.whl/requests/sessions.py", line 558, in send
    r = adapter.send(request, **kwargs)
  File "/usr/share/python-wheels/requests-2.2.1-py2.py3-none-any.whl/requests/adapters.py", line 385, in send
    raise SSLError(e)
SSLError: [Errno 1] _ssl.c:510: error:1408F10B:SSL routines:SSL3_GET_RECORD:wrong version number

Storing debug log for failure in /root/.pip/pip.log
root@knode:~/ws# 
root@knode:~/ws# 
root@knode:~/ws# 
root@knode:~/ws# 
root@knode:~/ws# 
root@knode:~/ws# 
root@knode:~/ws# 
root@knode:~/ws# cd ansible/
root@knode:~/ws/ansible# ll
total 136
drwxr-xr-x 7 root root  4096 Sep  9 09:15 ./
drwxr-xr-x 4 root root  4096 Sep  9 07:45 ../
drwxr-xr-x 2 root root  4096 Sep  9 01:05 ansible/
-rw-r--r-- 1 root root 19839 Mar 29 00:04 ansible.cfg
-rwxr-xr-x 1 root root   133 Mar 29 00:04 ansible-ws.sh*
-rw-r--r-- 1 root root   230 Sep  2 14:05 apache.yml
-rw-r--r-- 1 root root    18 Mar 29 00:04 copy-file-playbook.retry
-rw-r--r-- 1 root root   124 Mar 29 00:04 copy-file-playbook.yml
-rw-r--r-- 1 root root    35 Mar 29 00:04 copyme.txt
-rwxr-xr-x 1 root root  1216 Mar 29 00:04 customweb-playbook.yml*
-rw-r--r-- 1 root root   128 Mar 29 00:04 first_playbook-rm.yml
-rw-r--r-- 1 root root   126 Mar 29 00:04 first_playbook.yml
drwxr-xr-x 8 root root  4096 Sep  9 07:53 .git/
-rw-r--r-- 1 root root    57 Sep  9 00:49 hosts
-rw-r--r-- 1 root root   216 Sep  9 01:59 include.yml
drwxr-xr-x 2 root root  4096 Sep  9 02:24 new/
-rw-r--r-- 1 root root   327 Mar 29 00:04 nodes.sh
-rw-r--r-- 1 root root    22 Sep  2 13:58 ntpd.retry
-rw-r--r-- 1 root root   214 Sep  2 13:59 ntpd.yml
-rw-r--r-- 1 root root   137 Mar 29 00:04 playbook-git.yml
-rw-r--r-- 1 root root    47 Mar 29 00:04 playbook.yml
-rw-r--r-- 1 root root    19 Sep  9 07:53 README.md
drwxr-xr-x 5 root root  4096 Sep  9 09:41 roles/
-rw-r--r-- 1 root root   137 Mar 29 00:04 simpleweb_playbook-with-role-pass-vars.yml
-rw-r--r-- 1 root root    18 Mar 29 00:04 simpleweb_playbook-with-role.retry
-rw-r--r-- 1 root root    73 Mar 29 00:04 simpleweb_playbook-with-role.yml
-rw-r--r-- 1 root root   722 Mar 29 00:04 simpleweb_playbook.yml
-rw-r--r-- 1 root root    44 Sep  9 01:35 tag.retry
-rw-r--r-- 1 root root   701 Sep  9 01:38 tag.yml
drwxr-xr-x 3 root root  4096 Mar 29 00:04 tmp/
root@knode:~/ws/ansible# 
root@knode:~/ws/ansible# 
root@knode:~/ws/ansible# 
root@knode:~/ws/ansible# 
root@knode:~/ws/ansible# 
root@knode:~/ws/ansible# 
root@knode:~/ws/ansible# 
root@knode:~/ws/ansible# docker ps
CONTAINER ID        IMAGE                                     COMMAND               CREATED             STATUS              PORTS                           NAMES
c2f7663d1c5d        schogini/docker-ansible-ssh-node-ubuntu   "/usr/sbin/sshd -D"   10 hours ago        Up 10 hours         22/tcp, 0.0.0.0:32768->80/tcp   node4
d606f5a16f90        schogini/docker-ansible-ssh-node-ubuntu   "/usr/sbin/sshd -D"   6 days ago          Up 10 hours         22/tcp, 0.0.0.0:32771->80/tcp   node3
96f5838dfce8        schogini/docker-ansible-ssh-node-ubuntu   "/usr/sbin/sshd -D"   6 days ago          Up 10 hours         22/tcp, 0.0.0.0:32770->80/tcp   node2
51d79b83bc98        schogini/docker-ansible-ssh-node-ubuntu   "/usr/sbin/sshd -D"   6 days ago          Up 10 hours         22/tcp, 0.0.0.0:32769->80/tcp   node1
root@knode:~/ws/ansible# 
root@knode:~/ws/ansible# 
root@knode:~/ws/ansible# docker ps -aa
CONTAINER ID        IMAGE                                     COMMAND               CREATED             STATUS              PORTS                           NAMES
c2f7663d1c5d        schogini/docker-ansible-ssh-node-ubuntu   "/usr/sbin/sshd -D"   10 hours ago        Up 10 hours         22/tcp, 0.0.0.0:32768->80/tcp   node4
d606f5a16f90        schogini/docker-ansible-ssh-node-ubuntu   "/usr/sbin/sshd -D"   6 days ago          Up 10 hours         22/tcp, 0.0.0.0:32771->80/tcp   node3
96f5838dfce8        schogini/docker-ansible-ssh-node-ubuntu   "/usr/sbin/sshd -D"   6 days ago          Up 10 hours         22/tcp, 0.0.0.0:32770->80/tcp   node2
51d79b83bc98        schogini/docker-ansible-ssh-node-ubuntu   "/usr/sbin/sshd -D"   6 days ago          Up 10 hours         22/tcp, 0.0.0.0:32769->80/tcp   node1
root@knode:~/ws/ansible# 
root@knode:~/ws/ansible# docker images
REPOSITORY                                TAG                 IMAGE ID            CREATED             SIZE
schogini/docker-ansible-ws-ubuntu         latest              54dc3f18328e        5 months ago        492 MB
schogini/docker-ansible-ssh-node-ubuntu   latest              a7d908302165        11 months ago       256 MB
root@knode:~/ws/ansible# 
root@knode:~/ws/ansible# 
root@knode:~/ws/ansible# 
root@knode:~/ws/ansible# 
root@knode:~/ws/ansible# 
root@knode:~/ws/ansible# 
root@knode:~/ws/ansible# 
root@knode:~/ws/ansible# 
root@knode:~/ws/ansible# 
root@knode:~/ws/ansible# 
root@knode:~/ws/ansible# 
root@knode:~/ws/ansible# 
root@knode:~/ws/ansible# 
root@knode:~/ws/ansible# 
root@knode:~/ws/ansible# 
root@knode:~/ws/ansible# 
root@knode:~/ws/ansible# 
root@knode:~/ws/ansible# 
root@knode:~/ws/ansible# cd ..
root@knode:~/ws# 
root@knode:~/ws# 
root@knode:~/ws# nano ansible/lamp.yml
root@knode:~/ws# 
root@knode:~/ws# 
root@knode:~/ws# 
root@knode:~/ws# nano ansible/lamp1.yml
root@knode:~/ws# 
root@knode:~/ws# cat ansible/lamp.yml 
---
- name: install apache2 & php & mysqlserver
  hosts: [db]
  become: true
  become_user: root
  gather_facts: true

  tasks:
  - name : install apache2 packages
    package: name=apache2 state=present
  - name : install apache2-php packages
    package: name=libapache2-mod-php5 state=present
  - name : install php-cli packages
    package: name=php-cli state=present
  - name : install php-mcrypt packages
    package: name=php-mcrypt state=present
  - name : install php-gd packages
    package: name=php-gd state=present
  - name : install php-mysql packages
    package: name=php-mysql state=present
  - name : install mysql-server packages
    package: name=mysql-server state=present
root@knode:~/ws# nano ansible/lamp1.yml 
root@knode:~/ws# 
root@knode:~/ws# 
root@knode:~/ws# 
root@knode:~/ws# 
root@knode:~/ws# 
root@knode:~/ws# docker run --rm -v $PWD/ansible:/etc/ansible schogini/docker-ansible-ws-ubuntu ansible-playbook /etc/ansible/lamp.yml

PLAY [install apache2 & php & mysqlserver] *************************************

TASK [Gathering Facts] *********************************************************
ok: [172.17.0.5]
ok: [172.17.0.4]

TASK [install apache2 packages] ************************************************
ok: [172.17.0.4]
ok: [172.17.0.5]

TASK [install apache2-php packages] ********************************************
changed: [172.17.0.4]
changed: [172.17.0.5]

TASK [install php-cli packages] ************************************************
fatal: [172.17.0.4]: FAILED! => {"changed": false, "failed": true, "msg": "No package matching 'php-cli' is available"}
fatal: [172.17.0.5]: FAILED! => {"changed": false, "failed": true, "msg": "No package matching 'php-cli' is available"}
	to retry, use: --limit @/etc/ansible/lamp.retry

PLAY RECAP *********************************************************************
172.17.0.4                 : ok=3    changed=1    unreachable=0    failed=1   
172.17.0.5                 : ok=3    changed=1    unreachable=0    failed=1   

root@knode:~/ws# 
root@knode:~/ws# 
root@knode:~/ws# cat ansible/lamp.yml 
---
- name: install apache2 & php & mysqlserver
  hosts: [db]
  become: true
  become_user: root
  gather_facts: true

  tasks:
  - name : install apache2 packages
    package: name=apache2 state=present
  - name : install apache2-php packages
    package: name=libapache2-mod-php5 state=present
  - name : install php-cli packages
    package: name=php-cli state=present
  - name : install php-mcrypt packages
    package: name=php-mcrypt state=present
  - name : install php-gd packages
    package: name=php-gd state=present
  - name : install php-mysql packages
    package: name=php-mysql state=present
  - name : install mysql-server packages
    package: name=mysql-server state=present
root@knode:~/ws# 
root@knode:~/ws# 
root@knode:~/ws# 
root@knode:~/ws# 
root@knode:~/ws# docker run --rm -v $PWD/ansible:/etc/ansible schogini/docker-ansible-ws-ubuntu ansible-playbook /etc/ansible/lamp1.yml

PLAY [install apache2 & php & mysqlserver] *************************************

TASK [Gathering Facts] *********************************************************
ok: [172.17.0.5]
ok: [172.17.0.4]

TASK [install LAMP package with help of with] **********************************
ok: [172.17.0.4] => (item=apache2)
ok: [172.17.0.5] => (item=apache2)
failed: [172.17.0.5] (item=libapache2-mod-php) => {"changed": false, "failed": true, "item": "libapache2-mod-php", "msg": "No package matching 'libapache2-mod-php' is available"}
failed: [172.17.0.4] (item=libapache2-mod-php) => {"changed": false, "failed": true, "item": "libapache2-mod-php", "msg": "No package matching 'libapache2-mod-php' is available"}
failed: [172.17.0.5] (item=php-cli) => {"changed": false, "failed": true, "item": "php-cli", "msg": "No package matching 'php-cli' is available"}
failed: [172.17.0.4] (item=php-cli) => {"changed": false, "failed": true, "item": "php-cli", "msg": "No package matching 'php-cli' is available"}
failed: [172.17.0.5] (item=php-mcrypt) => {"changed": false, "failed": true, "item": "php-mcrypt", "msg": "No package matching 'php-mcrypt' is available"}
failed: [172.17.0.4] (item=php-mcrypt) => {"changed": false, "failed": true, "item": "php-mcrypt", "msg": "No package matching 'php-mcrypt' is available"}
failed: [172.17.0.5] (item=php-gd) => {"changed": false, "failed": true, "item": "php-gd", "msg": "No package matching 'php-gd' is available"}
failed: [172.17.0.4] (item=php-gd) => {"changed": false, "failed": true, "item": "php-gd", "msg": "No package matching 'php-gd' is available"}
failed: [172.17.0.5] (item=php-mysql) => {"changed": false, "failed": true, "item": "php-mysql", "msg": "No package matching 'php-mysql' is available"}
failed: [172.17.0.4] (item=php-mysql) => {"changed": false, "failed": true, "item": "php-mysql", "msg": "No package matching 'php-mysql' is available"}
changed: [172.17.0.5] => (item=mysql-server)
changed: [172.17.0.4] => (item=mysql-server)
	to retry, use: --limit @/etc/ansible/lamp1.retry

PLAY RECAP *********************************************************************
172.17.0.4                 : ok=1    changed=0    unreachable=0    failed=1   
172.17.0.5                 : ok=1    changed=0    unreachable=0    failed=1   

root@knode:~/ws# 
root@knode:~/ws# 
root@knode:~/ws# 
root@knode:~/ws# nano ansible/lamp1.yml 
root@knode:~/ws# 
root@knode:~/ws# 
root@knode:~/ws# 
root@knode:~/ws# docker run --rm -v $PWD/ansible:/etc/ansible schogini/docker-ansible-ws-ubuntu ansible-playbook /etc/ansible/lamp1.yml

PLAY [install apache2 & php & mysqlserver] *************************************

TASK [Gathering Facts] *********************************************************
ok: [172.17.0.5]
ok: [172.17.0.4]

TASK [install LAMP package with help of with] **********************************
ok: [172.17.0.5] => (item=apache2)
ok: [172.17.0.4] => (item=apache2)
ok: [172.17.0.5] => (item=libapache2-mod-php5)
ok: [172.17.0.4] => (item=libapache2-mod-php5)
failed: [172.17.0.5] (item=php-cli) => {"changed": false, "failed": true, "item": "php-cli", "msg": "No package matching 'php-cli' is available"}
failed: [172.17.0.4] (item=php-cli) => {"changed": false, "failed": true, "item": "php-cli", "msg": "No package matching 'php-cli' is available"}
failed: [172.17.0.4] (item=php-mcrypt) => {"changed": false, "failed": true, "item": "php-mcrypt", "msg": "No package matching 'php-mcrypt' is available"}
failed: [172.17.0.5] (item=php-mcrypt) => {"changed": false, "failed": true, "item": "php-mcrypt", "msg": "No package matching 'php-mcrypt' is available"}
failed: [172.17.0.5] (item=php-gd) => {"changed": false, "failed": true, "item": "php-gd", "msg": "No package matching 'php-gd' is available"}
failed: [172.17.0.4] (item=php-gd) => {"changed": false, "failed": true, "item": "php-gd", "msg": "No package matching 'php-gd' is available"}
failed: [172.17.0.5] (item=php-mysql) => {"changed": false, "failed": true, "item": "php-mysql", "msg": "No package matching 'php-mysql' is available"}
failed: [172.17.0.4] (item=php-mysql) => {"changed": false, "failed": true, "item": "php-mysql", "msg": "No package matching 'php-mysql' is available"}
ok: [172.17.0.5] => (item=mysql-server)
ok: [172.17.0.4] => (item=mysql-server)
	to retry, use: --limit @/etc/ansible/lamp1.retry

PLAY RECAP *********************************************************************
172.17.0.4                 : ok=1    changed=0    unreachable=0    failed=1   
172.17.0.5                 : ok=1    changed=0    unreachable=0    failed=1   

root@knode:~/ws# 
root@knode:~/ws# 
root@knode:~/ws# 
root@knode:~/ws# 
root@knode:~/ws# cd ansible/
root@knode:~/ws/ansible# ll
total 152
drwxr-xr-x 7 root root  4096 Sep  9 13:08 ./
drwxr-xr-x 4 root root  4096 Sep  9 07:45 ../
drwxr-xr-x 2 root root  4096 Sep  9 01:05 ansible/
-rw-r--r-- 1 root root 19839 Mar 29 00:04 ansible.cfg
-rwxr-xr-x 1 root root   133 Mar 29 00:04 ansible-ws.sh*
-rw-r--r-- 1 root root   230 Sep  2 14:05 apache.yml
-rw-r--r-- 1 root root    18 Mar 29 00:04 copy-file-playbook.retry
-rw-r--r-- 1 root root   124 Mar 29 00:04 copy-file-playbook.yml
-rw-r--r-- 1 root root    35 Mar 29 00:04 copyme.txt
-rwxr-xr-x 1 root root  1216 Mar 29 00:04 customweb-playbook.yml*
-rw-r--r-- 1 root root   128 Mar 29 00:04 first_playbook-rm.yml
-rw-r--r-- 1 root root   126 Mar 29 00:04 first_playbook.yml
drwxr-xr-x 8 root root  4096 Sep  9 07:53 .git/
-rw-r--r-- 1 root root    57 Sep  9 00:49 hosts
-rw-r--r-- 1 root root   216 Sep  9 01:59 include.yml
-rw-r--r-- 1 root root    22 Sep  9 13:13 lamp1.retry
-rw-r--r-- 1 root root   362 Sep  9 13:08 lamp1.yml
-rw-r--r-- 1 root root    22 Sep  9 12:52 lamp.retry
-rw-r--r-- 1 root root   694 Sep  9 12:40 lamp.yml
drwxr-xr-x 2 root root  4096 Sep  9 02:24 new/
-rw-r--r-- 1 root root   327 Mar 29 00:04 nodes.sh
-rw-r--r-- 1 root root    22 Sep  2 13:58 ntpd.retry
-rw-r--r-- 1 root root   214 Sep  2 13:59 ntpd.yml
-rw-r--r-- 1 root root   137 Mar 29 00:04 playbook-git.yml
-rw-r--r-- 1 root root    47 Mar 29 00:04 playbook.yml
-rw-r--r-- 1 root root    19 Sep  9 07:53 README.md
drwxr-xr-x 5 root root  4096 Sep  9 09:41 roles/
-rw-r--r-- 1 root root   137 Mar 29 00:04 simpleweb_playbook-with-role-pass-vars.yml
-rw-r--r-- 1 root root    18 Mar 29 00:04 simpleweb_playbook-with-role.retry
-rw-r--r-- 1 root root    73 Mar 29 00:04 simpleweb_playbook-with-role.yml
-rw-r--r-- 1 root root   722 Mar 29 00:04 simpleweb_playbook.yml
-rw-r--r-- 1 root root    44 Sep  9 01:35 tag.retry
-rw-r--r-- 1 root root   701 Sep  9 01:38 tag.yml
drwxr-xr-x 3 root root  4096 Mar 29 00:04 tmp/
root@knode:~/ws/ansible# 
root@knode:~/ws/ansible# 
root@knode:~/ws/ansible# sudo lampapp.yml
sudo: lampapp.yml: command not found
root@knode:~/ws/ansible# 
root@knode:~/ws/ansible# nanolampapp.yml
nanolampapp.yml: command not found
root@knode:~/ws/ansible# nano lampapp.yml
root@knode:~/ws/ansible# 
root@knode:~/ws/ansible# 
root@knode:~/ws/ansible# cd roles/
root@knode:~/ws/ansible/roles# 
root@knode:~/ws/ansible/roles# 
root@knode:~/ws/ansible/roles# mkdir apache
root@knode:~/ws/ansible/roles# ll
total 24
drwxr-xr-x 6 root root 4096 Sep 10 11:21 ./
drwxr-xr-x 7 root root 4096 Sep 10 11:21 ../
drwxr-xr-x 2 root root 4096 Sep  9 09:41 ansible/
drwxr-xr-x 2 root root 4096 Sep 10 11:21 apache/
drwxr-xr-x 7 root root 4096 Mar 29 00:04 geerlingguy.git/
drwxr-xr-x 6 root root 4096 Mar 29 00:04 simpleweb/
root@knode:~/ws/ansible/roles# rm -r apache/
root@knode:~/ws/ansible/roles# mkdir -p apache2
root@knode:~/ws/ansible/roles# 
root@knode:~/ws/ansible/roles# 
root@knode:~/ws/ansible/roles# mkdir -p mariadb
root@knode:~/ws/ansible/roles# 
root@knode:~/ws/ansible/roles# 
root@knode:~/ws/ansible/roles# cd apache2/
root@knode:~/ws/ansible/roles/apache2# 
root@knode:~/ws/ansible/roles/apache2# mkdir tasks files
root@knode:~/ws/ansible/roles/apache2# 
root@knode:~/ws/ansible/roles/apache2# ll
total 16
drwxr-xr-x 4 root root 4096 Sep 10 11:23 ./
drwxr-xr-x 7 root root 4096 Sep 10 11:22 ../
drwxr-xr-x 2 root root 4096 Sep 10 11:23 files/
drwxr-xr-x 2 root root 4096 Sep 10 11:23 tasks/
root@knode:~/ws/ansible/roles/apache2# 
root@knode:~/ws/ansible/roles/apache2# cd ../mariadb/
root@knode:~/ws/ansible/roles/mariadb# 
root@knode:~/ws/ansible/roles/mariadb# 
root@knode:~/ws/ansible/roles/mariadb# 
root@knode:~/ws/ansible/roles/mariadb# mkdir tasks files
root@knode:~/ws/ansible/roles/mariadb# 
root@knode:~/ws/ansible/roles/mariadb# 
root@knode:~/ws/ansible/roles/mariadb# cd ../..
root@knode:~/ws/ansible# 
root@knode:~/ws/ansible# nano roles/apache2/tasks/main.yml
root@knode:~/ws/ansible# nano roles/apache2/files/index.php
root@knode:~/ws/ansible# nano roles/mariadb/tasks/main.yml
root@knode:~/ws/ansible# 
root@knode:~/ws/ansible# 
root@knode:~/ws/ansible# nano roles/mariadb/files/dump.sql
root@knode:~/ws/ansible# 
root@knode:~/ws/ansible# 
root@knode:~/ws/ansible# nano roles/mariadb/files/db.php
root@knode:~/ws/ansible# 
root@knode:~/ws/ansible# 
root@knode:~/ws/ansible# ll
total 156
drwxr-xr-x 7 root root  4096 Sep 10 11:21 ./
drwxr-xr-x 4 root root  4096 Sep  9 07:45 ../
drwxr-xr-x 2 root root  4096 Sep  9 01:05 ansible/
-rw-r--r-- 1 root root 19839 Mar 29 00:04 ansible.cfg
-rwxr-xr-x 1 root root   133 Mar 29 00:04 ansible-ws.sh*
-rw-r--r-- 1 root root   230 Sep  2 14:05 apache.yml
-rw-r--r-- 1 root root    18 Mar 29 00:04 copy-file-playbook.retry
-rw-r--r-- 1 root root   124 Mar 29 00:04 copy-file-playbook.yml
-rw-r--r-- 1 root root    35 Mar 29 00:04 copyme.txt
-rwxr-xr-x 1 root root  1216 Mar 29 00:04 customweb-playbook.yml*
-rw-r--r-- 1 root root   128 Mar 29 00:04 first_playbook-rm.yml
-rw-r--r-- 1 root root   126 Mar 29 00:04 first_playbook.yml
drwxr-xr-x 8 root root  4096 Sep  9 07:53 .git/
-rw-r--r-- 1 root root    57 Sep  9 00:49 hosts
-rw-r--r-- 1 root root   216 Sep  9 01:59 include.yml
-rw-r--r-- 1 root root    22 Sep  9 13:13 lamp1.retry
-rw-r--r-- 1 root root   362 Sep  9 13:08 lamp1.yml
-rw-r--r-- 1 root root    54 Sep 10 11:21 lampapp.yml
-rw-r--r-- 1 root root    22 Sep  9 12:52 lamp.retry
-rw-r--r-- 1 root root   694 Sep  9 12:40 lamp.yml
drwxr-xr-x 2 root root  4096 Sep  9 02:24 new/
-rw-r--r-- 1 root root   327 Mar 29 00:04 nodes.sh
-rw-r--r-- 1 root root    22 Sep  2 13:58 ntpd.retry
-rw-r--r-- 1 root root   214 Sep  2 13:59 ntpd.yml
-rw-r--r-- 1 root root   137 Mar 29 00:04 playbook-git.yml
-rw-r--r-- 1 root root    47 Mar 29 00:04 playbook.yml
-rw-r--r-- 1 root root    19 Sep  9 07:53 README.md
drwxr-xr-x 7 root root  4096 Sep 10 11:22 roles/
-rw-r--r-- 1 root root   137 Mar 29 00:04 simpleweb_playbook-with-role-pass-vars.yml
-rw-r--r-- 1 root root    18 Mar 29 00:04 simpleweb_playbook-with-role.retry
-rw-r--r-- 1 root root    73 Mar 29 00:04 simpleweb_playbook-with-role.yml
-rw-r--r-- 1 root root   722 Mar 29 00:04 simpleweb_playbook.yml
-rw-r--r-- 1 root root    44 Sep  9 01:35 tag.retry
-rw-r--r-- 1 root root   701 Sep  9 01:38 tag.yml
drwxr-xr-x 3 root root  4096 Mar 29 00:04 tmp/
root@knode:~/ws/ansible# rolre
rolre: command not found
root@knode:~/ws/ansible# 
root@knode:~/ws/ansible# 
root@knode:~/ws/ansible# apt install tree
Reading package lists... Done
Building dependency tree       
Reading state information... Done
The following NEW packages will be installed:
  tree
0 upgraded, 1 newly installed, 0 to remove and 641 not upgraded.
Need to get 40.6 kB of archives.
After this operation, 138 kB of additional disk space will be used.
Get:1 http://us.archive.ubuntu.com/ubuntu xenial/universe amd64 tree amd64 1.7.0-3 [40.6 kB]
Fetched 40.6 kB in 0s (61.4 kB/s)
Selecting previously unselected package tree.
(Reading database ... 176614 files and directories currently installed.)
Preparing to unpack .../tree_1.7.0-3_amd64.deb ...
Unpacking tree (1.7.0-3) ...
Processing triggers for man-db (2.7.5-1) ...
Setting up tree (1.7.0-3) ...
root@knode:~/ws/ansible# 
root@knode:~/ws/ansible# 
root@knode:~/ws/ansible# 
root@knode:~/ws/ansible# pwd
/root/ws/ansible
root@knode:~/ws/ansible# cd roles/
root@knode:~/ws/ansible/roles# 
root@knode:~/ws/ansible/roles# tree -a
.
├── ansible
├── apache2
│   ├── files
│   │   └── index.php
│   └── tasks
│       └── main.yml
├── geerlingguy.git
│   ├── defaults
│   │   └── main.yml
│   ├── .gitignore
│   ├── LICENSE
│   ├── meta
│   │   ├── .galaxy_install_info
│   │   └── main.yml
│   ├── README.md
│   ├── tasks
│   │   ├── install-from-source.yml
│   │   └── main.yml
│   ├── tests
│   │   ├── README.md
│   │   ├── test-source.yml
│   │   └── test.yml
│   ├── .travis.yml
│   └── vars
│       ├── Debian.yml
│       ├── Fedora.yml
│       ├── main.yml
│       └── RedHat.yml
├── mariadb
│   ├── files
│   │   ├── db.php
│   │   └── dump.sql
│   └── tasks
│       └── main.yml
└── simpleweb
    ├── handlers
    │   └── main.yml
    ├── tasks
    │   ├── create-index.yml
    │   └── main.yml
    ├── templates
    │   └── simpleweb.html
    └── vars
        └── main.yml

18 directories, 26 files
root@knode:~/ws/ansible/roles# 
root@knode:~/ws/ansible/roles# 
root@knode:~/ws/ansible/roles# 
root@knode:~/ws/ansible/roles# cd ../..
root@knode:~/ws# 
root@knode:~/ws# 
root@knode:~/ws# docker run --rm -v $PWD/ansible:/etc/ansible schogini/docker-ansible-ws-ubuntu ansible-playbook /etc/ansible/lampapp.yml

PLAY [all] *********************************************************************

TASK [Gathering Facts] *********************************************************
ok: [172.17.0.5]
ok: [172.17.0.4]
ok: [172.17.0.2]
ok: [172.17.0.3]

TASK [apache2 : 1. install Apache] *********************************************
ok: [172.17.0.3]
ok: [172.17.0.4]
ok: [172.17.0.2]
ok: [172.17.0.5]

TASK [apache2 : 2. install PHP module for Apache] ******************************
ok: [172.17.0.3]
ok: [172.17.0.2]
ok: [172.17.0.4]
ok: [172.17.0.5]

TASK [apache2 : 3. start Apache] ***********************************************
[DEPRECATION WARNING]: state=running is deprecated. Please use state=started. 
This feature will be removed in version 2.7. Deprecation warnings can be 
disabled by setting deprecation_warnings=False in ansible.cfg.
[DEPRECATION WARNING]: state=running is deprecated. Please use state=started. 
This feature will be removed in version 2.7. Deprecation warnings can be 
disabled by setting deprecation_warnings=False in ansible.cfg.
[DEPRECATION WARNING]: state=running is deprecated. Please use state=started. 
This feature will be removed in version 2.7. Deprecation warnings can be 
disabled by setting deprecation_warnings=False in ansible.cfg.
[DEPRECATION WARNING]: state=running is deprecated. Please use state=started. 
This feature will be removed in version 2.7. Deprecation warnings can be 
disabled by setting deprecation_warnings=False in ansible.cfg.
ok: [172.17.0.2]
ok: [172.17.0.3]
changed: [172.17.0.4]
changed: [172.17.0.5]

TASK [apache2 : 4. install Hello World PHP script] *****************************
changed: [172.17.0.3]
changed: [172.17.0.2]
changed: [172.17.0.4]
changed: [172.17.0.5]

TASK [mariadb : 1. Install MariaDB server package] *****************************
changed: [172.17.0.4]
changed: [172.17.0.5]
changed: [172.17.0.3]
changed: [172.17.0.2]

TASK [mariadb : 2. Start Mysql Service] ****************************************
ok: [172.17.0.5]
ok: [172.17.0.4]
changed: [172.17.0.2]
changed: [172.17.0.3]

TASK [mariadb : Install python Mysql package] **********************************
changed: [172.17.0.2]
changed: [172.17.0.4]
changed: [172.17.0.3]
changed: [172.17.0.5]

TASK [mariadb : 3. Create a new database] **************************************
fatal: [172.17.0.4]: FAILED! => {"changed": false, "failed": true, "msg": "unable to find /root/.my.cnf. Exception message: (2002, \"Can't connect to local MySQL server through socket '/var/run/mysqld/mysqld.sock' (2)\")"}
fatal: [172.17.0.5]: FAILED! => {"changed": false, "failed": true, "msg": "unable to find /root/.my.cnf. Exception message: (2002, \"Can't connect to local MySQL server through socket '/var/run/mysqld/mysqld.sock' (2)\")"}
changed: [172.17.0.2]
changed: [172.17.0.3]

TASK [mariadb : 4. Create a database user] *************************************
changed: [172.17.0.3]
changed: [172.17.0.2]

TASK [mariadb : 5a. Copy sample data] ******************************************
changed: [172.17.0.3]
changed: [172.17.0.2]

TASK [mariadb : 5b. Insert sample data] ****************************************
changed: [172.17.0.2]
changed: [172.17.0.3]

TASK [mariadb : 6a. Install MySQL extension for PHP] ***************************
changed: [172.17.0.2]
changed: [172.17.0.3]

TASK [mariadb : 6b. Restart Apache] ********************************************
changed: [172.17.0.2]
changed: [172.17.0.3]

TASK [mariadb : 7. install Hello World PHP script with database] ***************
changed: [172.17.0.2]
changed: [172.17.0.3]
	to retry, use: --limit @/etc/ansible/lampapp.retry

PLAY RECAP *********************************************************************
172.17.0.2                 : ok=15   changed=11   unreachable=0    failed=0   
172.17.0.3                 : ok=15   changed=11   unreachable=0    failed=0   
172.17.0.4                 : ok=8    changed=4    unreachable=0    failed=1   
172.17.0.5                 : ok=8    changed=4    unreachable=0    failed=1   

root@knode:~/ws# 
root@knode:~/ws# 
root@knode:~/ws# cd ansible/
root@knode:~/ws/ansible# nano hosts 
root@knode:~/ws/ansible# 
root@knode:~/ws/ansible# 
root@knode:~/ws/ansible# 
root@knode:~/ws/ansible# 
root@knode:~/ws/ansible# cd roles/apache2/tasks/
root@knode:~/ws/ansible/roles/apache2/tasks# nano main.yml 
root@knode:~/ws/ansible/roles/apache2/tasks# 
root@knode:~/ws/ansible/roles/apache2/tasks# 
root@knode:~/ws/ansible/roles/apache2/tasks# 
root@knode:~/ws/ansible/roles/apache2/tasks# cd ../
root@knode:~/ws/ansible/roles/apache2# cd ../mariadb/tasks/
root@knode:~/ws/ansible/roles/mariadb/tasks# 
root@knode:~/ws/ansible/roles/mariadb/tasks# nano main.yml 
root@knode:~/ws/ansible/roles/mariadb/tasks# cd ../files/
root@knode:~/ws/ansible/roles/mariadb/files# ll
total 16
drwxr-xr-x 2 root root 4096 Sep 10 11:27 ./
drwxr-xr-x 4 root root 4096 Sep 10 11:23 ../
-rw-r--r-- 1 root root  177 Sep 10 11:27 db.php
-rw-r--r-- 1 root root  157 Sep 10 11:26 dump.sql
root@knode:~/ws/ansible/roles/mariadb/files# nano dump.sql 
root@knode:~/ws/ansible/roles/mariadb/files# 
root@knode:~/ws/ansible/roles/mariadb/files# 
root@knode:~/ws/ansible/roles/mariadb/files# 
root@knode:~/ws/ansible/roles/mariadb/files# cd ../../..
root@knode:~/ws/ansible# cd ..
root@knode:~/ws# 
root@knode:~/ws# docker run --rm -v $PWD/ansible:/etc/ansible schogini/docker-ansible-ws-ubuntu ansible-playbook /etc/ansible/lampapp.yml

PLAY [all] *********************************************************************

TASK [Gathering Facts] *********************************************************
ok: [172.17.0.3]
ok: [172.17.0.5]

TASK [apache2 : 1. install Apache] *********************************************
ok: [172.17.0.3]
ok: [172.17.0.5]

TASK [apache2 : 2. install PHP module for Apache] ******************************
ok: [172.17.0.3]
ok: [172.17.0.5]

TASK [apache2 : 3. start Apache] ***********************************************
ok: [172.17.0.3]
ok: [172.17.0.5]

TASK [apache2 : 4. install Hello World PHP script] *****************************
ok: [172.17.0.3]
ok: [172.17.0.5]

TASK [mariadb : 1. Install MariaDB server package] *****************************
ok: [172.17.0.5]
ok: [172.17.0.3]

TASK [mariadb : 2. Start Mysql Service] ****************************************
ok: [172.17.0.3]
ok: [172.17.0.5]

TASK [mariadb : Install python Mysql package] **********************************
ok: [172.17.0.3]
ok: [172.17.0.5]

TASK [mariadb : 3. Create a new database] **************************************
fatal: [172.17.0.5]: FAILED! => {"changed": false, "failed": true, "msg": "unable to find /root/.my.cnf. Exception message: (2002, \"Can't connect to local MySQL server through socket '/var/run/mysqld/mysqld.sock' (2)\")"}
ok: [172.17.0.3]

TASK [mariadb : 4. Create a database user] *************************************
ok: [172.17.0.3]

TASK [mariadb : 5a. Copy sample data] ******************************************
ok: [172.17.0.3]

TASK [mariadb : 5b. Insert sample data] ****************************************
changed: [172.17.0.3]

TASK [mariadb : 6a. Install MySQL extension for PHP] ***************************
ok: [172.17.0.3]

TASK [mariadb : 6b. Restart Apache] ********************************************
changed: [172.17.0.3]

TASK [mariadb : 7. install Hello World PHP script with database] ***************
ok: [172.17.0.3]
	to retry, use: --limit @/etc/ansible/lampapp.retry

PLAY RECAP *********************************************************************
172.17.0.3                 : ok=15   changed=2    unreachable=0    failed=0   
172.17.0.5                 : ok=8    changed=0    unreachable=0    failed=1   

root@knode:~/ws# 
root@knode:~/ws# 
root@knode:~/ws# 
root@knode:~/ws# 
root@knode:~/ws# ll
total 16
drwxr-xr-x  4 root root 4096 Sep  9 07:45 ./
drwx------ 11 root root 4096 Sep  8 23:45 ../
drwxr-xr-x  7 root root 4096 Sep 10 11:57 ansible/
drwxr-xr-x  8 root root 4096 Sep 10 12:02 .git/
root@knode:~/ws# 
root@knode:~/ws# 
root@knode:~/ws# 
root@knode:~/ws# tree -a
.
├── ansible
│   ├── ansible
│   ├── ansible.cfg
│   ├── ansible-ws.sh
│   ├── apache.yml
│   ├── copy-file-playbook.retry
│   ├── copy-file-playbook.yml
│   ├── copyme.txt
│   ├── customweb-playbook.yml
│   ├── first_playbook-rm.yml
│   ├── first_playbook.yml
│   ├── .git
│   │   ├── branches
│   │   ├── COMMIT_EDITMSG
│   │   ├── config
│   │   ├── description
│   │   ├── FETCH_HEAD
│   │   ├── HEAD
│   │   ├── hooks
│   │   │   ├── applypatch-msg.sample
│   │   │   ├── commit-msg.sample
│   │   │   ├── post-update.sample
│   │   │   ├── pre-applypatch.sample
│   │   │   ├── pre-commit.sample
│   │   │   ├── prepare-commit-msg.sample
│   │   │   ├── pre-push.sample
│   │   │   ├── pre-rebase.sample
│   │   │   └── update.sample
│   │   ├── index
│   │   ├── info
│   │   │   └── exclude
│   │   ├── logs
│   │   │   ├── HEAD
│   │   │   └── refs
│   │   │       ├── heads
│   │   │       │   └── master
│   │   │       └── remotes
│   │   │           └── origin
│   │   │               ├── HEAD
│   │   │               └── master
│   │   ├── objects
│   │   │   ├── 00
│   │   │   │   └── 4166d2949a04d1f0c1edb1bd3fccd68efacf3e
│   │   │   ├── 03
│   │   │   │   └── 0efe2bcb4bc569bd4eb7fdf6949c4d00f9f578
│   │   │   ├── 0a
│   │   │   │   └── 236ebdeaf494dee0d987bfd0aac428cd31a18c
│   │   │   ├── 0c
│   │   │   │   └── 6b32b3cf069ba18bf7193c50b313fef78b40ae
│   │   │   ├── 21
│   │   │   │   └── 1ee5efef62cf54d931f59f861dca940a48e79d
│   │   │   ├── 25
│   │   │   │   └── 09e533e0d8c56d7afca5888197887756ca019b
│   │   │   ├── 37
│   │   │   │   └── 022a23f3e741b6ca8a76813208fe6eddf525db
│   │   │   ├── 60
│   │   │   │   └── a5725d404f9882bc005417b1d8021558bea6b8
│   │   │   ├── 6c
│   │   │   │   └── 5fc6bb4252aa1b4095d2b9b4e85d49027e2339
│   │   │   ├── 6d
│   │   │   │   └── 9571b1f3ca2d1ac4c64cab5ac007f5aae47cf1
│   │   │   ├── 83
│   │   │   │   └── 9603e7c767955ad22b98436c45c556d5ad3426
│   │   │   ├── 8a
│   │   │   │   └── 982e877d773c9c476ef1b96a982bf3cbca74be
│   │   │   ├── 9b
│   │   │   │   └── 9219f870f3a96094f8a7e003c657bf6d1bd6ff
│   │   │   ├── a0
│   │   │   │   └── 4560b66a792a7c87387f9d58616fdb9ea7c059
│   │   │   ├── a2
│   │   │   │   └── 61acefceddb4be4fc65a3c8cf58bfefaeea1c8
│   │   │   ├── b6
│   │   │   │   └── 9dcd95abee9db93adc94c12a019e5b13378182
│   │   │   ├── bc
│   │   │   │   └── 781db7bb1486cf4a8cf36b5015095dca1c6dea
│   │   │   ├── c4
│   │   │   │   └── 7d1f9daa23cc3d024f125d962d854ab996f3aa
│   │   │   ├── d8
│   │   │   │   └── ce3912b9929b48e524e9470000eecea5529bc8
│   │   │   ├── e2
│   │   │   │   └── 8fad0858b597d68309c9e6e875740e43f53f63
│   │   │   ├── fe
│   │   │   │   └── 43dc78dfcfc00b0d3314f94a7d41566646623d
│   │   │   ├── info
│   │   │   └── pack
│   │   │       ├── pack-07eb756131f79f31eb9b20fc11d7ab298bb3014c.idx
│   │   │       └── pack-07eb756131f79f31eb9b20fc11d7ab298bb3014c.pack
│   │   ├── ORIG_HEAD
│   │   ├── packed-refs
│   │   └── refs
│   │       ├── heads
│   │       │   └── master
│   │       ├── remotes
│   │       │   └── origin
│   │       │       └── master
│   │       └── tags
│   ├── hosts
│   ├── include.yml
│   ├── lamp1.retry
│   ├── lamp1.yml
│   ├── lampapp.retry
│   ├── lampapp.yml
│   ├── lamp.retry
│   ├── lamp.yml
│   ├── new
│   │   ├── apache.yml
│   │   ├── content.yml
│   │   ├── create_folder.yml
│   │   ├── include.retry
│   │   ├── include.yml
│   │   └── nginx.yml
│   ├── nodes.sh
│   ├── ntpd.retry
│   ├── ntpd.yml
│   ├── playbook-git.yml
│   ├── playbook.yml
│   ├── README.md
│   ├── roles
│   │   ├── ansible
│   │   ├── apache2
│   │   │   ├── files
│   │   │   │   └── index.php
│   │   │   └── tasks
│   │   │       └── main.yml
│   │   ├── geerlingguy.git
│   │   │   ├── defaults
│   │   │   │   └── main.yml
│   │   │   ├── .gitignore
│   │   │   ├── LICENSE
│   │   │   ├── meta
│   │   │   │   ├── .galaxy_install_info
│   │   │   │   └── main.yml
│   │   │   ├── README.md
│   │   │   ├── tasks
│   │   │   │   ├── install-from-source.yml
│   │   │   │   └── main.yml
│   │   │   ├── tests
│   │   │   │   ├── README.md
│   │   │   │   ├── test-source.yml
│   │   │   │   └── test.yml
│   │   │   ├── .travis.yml
│   │   │   └── vars
│   │   │       ├── Debian.yml
│   │   │       ├── Fedora.yml
│   │   │       ├── main.yml
│   │   │       └── RedHat.yml
│   │   ├── mariadb
│   │   │   ├── files
│   │   │   │   ├── db.php
│   │   │   │   └── dump.sql
│   │   │   └── tasks
│   │   │       └── main.yml
│   │   └── simpleweb
│   │       ├── handlers
│   │       │   └── main.yml
│   │       ├── tasks
│   │       │   ├── create-index.yml
│   │       │   └── main.yml
│   │       ├── templates
│   │       │   └── simpleweb.html
│   │       └── vars
│   │           └── main.yml
│   ├── simpleweb_playbook-with-role-pass-vars.yml
│   ├── simpleweb_playbook-with-role.retry
│   ├── simpleweb_playbook-with-role.yml
│   ├── simpleweb_playbook.yml
│   ├── tag.retry
│   ├── tag.yml
│   └── tmp
│       ├── customweb
│       │   ├── customweb
│       │   │   ├── css
│       │   │   │   ├── base.css
│       │   │   │   ├── font-awesome
│       │   │   │   │   ├── css
│       │   │   │   │   │   ├── font-awesome.css
│       │   │   │   │   │   └── font-awesome.min.css
│       │   │   │   │   └── fonts
│       │   │   │   │       ├── FontAwesome.otf
│       │   │   │   │       ├── fontawesome-webfont.eot
│       │   │   │   │       ├── fontawesome-webfont.svg
│       │   │   │   │       ├── fontawesome-webfont.ttf
│       │   │   │   │       ├── fontawesome-webfont.woff
│       │   │   │   │       └── fontawesome-webfont.woff2
│       │   │   │   ├── fonts.css
│       │   │   │   ├── main.css
│       │   │   │   ├── micons
│       │   │   │   │   ├── fonts
│       │   │   │   │   │   ├── icomoon.eot
│       │   │   │   │   │   ├── icomoon.svg
│       │   │   │   │   │   ├── icomoon.ttf
│       │   │   │   │   │   └── icomoon.woff
│       │   │   │   │   └── micons.css
│       │   │   │   └── vendor.css
│       │   │   ├── favicon.ico
│       │   │   ├── fonts
│       │   │   │   ├── montserrat
│       │   │   │   │   ├── montserrat-black-webfont.woff
│       │   │   │   │   ├── montserrat-black-webfont.woff2
│       │   │   │   │   ├── montserrat-bold-webfont.woff
│       │   │   │   │   ├── montserrat-bold-webfont.woff2
│       │   │   │   │   ├── montserrat-extrabold-webfont.woff
│       │   │   │   │   ├── montserrat-extrabold-webfont.woff2
│       │   │   │   │   ├── montserrat-extralight-webfont.woff
│       │   │   │   │   ├── montserrat-extralight-webfont.woff2
│       │   │   │   │   ├── montserrat-light-webfont.woff
│       │   │   │   │   ├── montserrat-light-webfont.woff2
│       │   │   │   │   ├── montserrat-medium-webfont.woff
│       │   │   │   │   ├── montserrat-medium-webfont.woff2
│       │   │   │   │   ├── montserrat-regular-webfont.woff
│       │   │   │   │   ├── montserrat-regular-webfont.woff2
│       │   │   │   │   ├── montserrat-semibold-webfont.woff
│       │   │   │   │   ├── montserrat-semibold-webfont.woff2
│       │   │   │   │   ├── montserrat-thin-webfont.woff
│       │   │   │   │   └── montserrat-thin-webfont.woff2
│       │   │   │   └── muli
│       │   │   │       ├── muli-bolditalic-webfont.woff
│       │   │   │       ├── muli-bolditalic-webfont.woff2
│       │   │   │       ├── muli-bold-webfont.woff
│       │   │   │       ├── muli-bold-webfont.woff2
│       │   │   │       ├── muli-extrabolditalic-webfont.woff
│       │   │   │       ├── muli-extrabolditalic-webfont.woff2
│       │   │   │       ├── muli-extrabold-webfont.woff
│       │   │   │       ├── muli-extrabold-webfont.woff2
│       │   │   │       ├── muli-extralightitalic-webfont.woff
│       │   │   │       ├── muli-extralightitalic-webfont.woff2
│       │   │   │       ├── muli-extralight-webfont.woff
│       │   │   │       ├── muli-extralight-webfont.woff2
│       │   │   │       ├── muli-italic-webfont.woff
│       │   │   │       ├── muli-italic-webfont.woff2
│       │   │   │       ├── muli-lightitalic-webfont.woff
│       │   │   │       ├── muli-lightitalic-webfont.woff2
│       │   │   │       ├── muli-light-webfont.woff
│       │   │   │       ├── muli-light-webfont.woff2
│       │   │   │       ├── muli-regular-webfont.woff
│       │   │   │       ├── muli-regular-webfont.woff2
│       │   │   │       ├── muli-semibolditalic-webfont.woff
│       │   │   │       ├── muli-semibolditalic-webfont.woff2
│       │   │   │       ├── muli-semibold-webfont.woff
│       │   │   │       └── muli-semibold-webfont.woff2
│       │   │   ├── images
│       │   │   │   ├── app-screens-1200.png
│       │   │   │   ├── app-screens-2800.png
│       │   │   │   ├── app-screens-600.png
│       │   │   │   ├── appstore.png
│       │   │   │   ├── avatars
│       │   │   │   │   ├── user-01.jpg
│       │   │   │   │   ├── user-02.jpg
│       │   │   │   │   ├── user-03.jpg
│       │   │   │   │   ├── user-04.jpg
│       │   │   │   │   └── user-05.jpg
│       │   │   │   ├── email-icon.png
│       │   │   │   ├── google-play.png
│       │   │   │   ├── hero-bg.jpg
│       │   │   │   ├── iphone-app-470.png
│       │   │   │   ├── iphone-app-940.png
│       │   │   │   ├── logo.png
│       │   │   │   ├── sample-image.jpg
│       │   │   │   └── shutterbug.jpg
│       │   │   ├── index.erb
│       │   │   ├── index.html
│       │   │   ├── js
│       │   │   │   ├── jquery-2.1.3.min.js
│       │   │   │   ├── main.js
│       │   │   │   ├── modernizr.js
│       │   │   │   ├── pace.min.js
│       │   │   │   └── plugins.js
│       │   │   ├── readme.txt
│       │   │   └── styles.html
│       │   ├── customweb.html
│       │   └── simpleweb.html
│       └── simpleweb.html
└── .git
    ├── branches
    ├── COMMIT_EDITMSG
    ├── config
    ├── description
    ├── HEAD
    ├── hooks
    │   ├── applypatch-msg.sample
    │   ├── commit-msg.sample
    │   ├── post-update.sample
    │   ├── pre-applypatch.sample
    │   ├── pre-commit.sample
    │   ├── prepare-commit-msg.sample
    │   ├── pre-push.sample
    │   ├── pre-rebase.sample
    │   └── update.sample
    ├── index
    ├── info
    │   └── exclude
    ├── logs
    │   ├── HEAD
    │   └── refs
    │       └── heads
    │           └── master
    ├── objects
    │   ├── 04
    │   │   └── 36bb549b5ff89212c0171e1934e9623839fb48
    │   ├── 4c
    │   │   └── de09271b6911526a6367e5cf8716e1ee934a00
    │   ├── info
    │   └── pack
    └── refs
        ├── heads
        │   └── master
        └── tags

90 directories, 217 files
root@knode:~/ws# 
root@knode:~/ws# 
root@knode:~/ws# 
root@knode:~/ws# cd ansible/
root@knode:~/ws/ansible# ll
total 160
drwxr-xr-x 7 root root  4096 Sep 10 11:57 ./
drwxr-xr-x 4 root root  4096 Sep  9 07:45 ../
drwxr-xr-x 2 root root  4096 Sep  9 01:05 ansible/
-rw-r--r-- 1 root root 19839 Mar 29 00:04 ansible.cfg
-rwxr-xr-x 1 root root   133 Mar 29 00:04 ansible-ws.sh*
-rw-r--r-- 1 root root   230 Sep  2 14:05 apache.yml
-rw-r--r-- 1 root root    18 Mar 29 00:04 copy-file-playbook.retry
-rw-r--r-- 1 root root   124 Mar 29 00:04 copy-file-playbook.yml
-rw-r--r-- 1 root root    35 Mar 29 00:04 copyme.txt
-rwxr-xr-x 1 root root  1216 Mar 29 00:04 customweb-playbook.yml*
-rw-r--r-- 1 root root   128 Mar 29 00:04 first_playbook-rm.yml
-rw-r--r-- 1 root root   126 Mar 29 00:04 first_playbook.yml
drwxr-xr-x 8 root root  4096 Sep 10 12:02 .git/
-rw-r--r-- 1 root root    59 Sep 10 11:57 hosts
-rw-r--r-- 1 root root   216 Sep  9 01:59 include.yml
-rw-r--r-- 1 root root    22 Sep  9 13:13 lamp1.retry
-rw-r--r-- 1 root root   362 Sep  9 13:08 lamp1.yml
-rw-r--r-- 1 root root    11 Sep 10 12:03 lampapp.retry
-rw-r--r-- 1 root root    54 Sep 10 11:21 lampapp.yml
-rw-r--r-- 1 root root    22 Sep  9 12:52 lamp.retry
-rw-r--r-- 1 root root   694 Sep  9 12:40 lamp.yml
drwxr-xr-x 2 root root  4096 Sep  9 02:24 new/
-rw-r--r-- 1 root root   327 Mar 29 00:04 nodes.sh
-rw-r--r-- 1 root root    22 Sep  2 13:58 ntpd.retry
-rw-r--r-- 1 root root   214 Sep  2 13:59 ntpd.yml
-rw-r--r-- 1 root root   137 Mar 29 00:04 playbook-git.yml
-rw-r--r-- 1 root root    47 Mar 29 00:04 playbook.yml
-rw-r--r-- 1 root root    19 Sep  9 07:53 README.md
drwxr-xr-x 7 root root  4096 Sep 10 11:22 roles/
-rw-r--r-- 1 root root   137 Mar 29 00:04 simpleweb_playbook-with-role-pass-vars.yml
-rw-r--r-- 1 root root    18 Mar 29 00:04 simpleweb_playbook-with-role.retry
-rw-r--r-- 1 root root    73 Mar 29 00:04 simpleweb_playbook-with-role.yml
-rw-r--r-- 1 root root   722 Mar 29 00:04 simpleweb_playbook.yml
-rw-r--r-- 1 root root    44 Sep  9 01:35 tag.retry
-rw-r--r-- 1 root root   701 Sep  9 01:38 tag.yml
drwxr-xr-x 3 root root  4096 Mar 29 00:04 tmp/
root@knode:~/ws/ansible# 
root@knode:~/ws/ansible# tree -a
.
├── ansible
├── ansible.cfg
├── ansible-ws.sh
├── apache.yml
├── copy-file-playbook.retry
├── copy-file-playbook.yml
├── copyme.txt
├── customweb-playbook.yml
├── first_playbook-rm.yml
├── first_playbook.yml
├── .git
│   ├── branches
│   ├── COMMIT_EDITMSG
│   ├── config
│   ├── description
│   ├── FETCH_HEAD
│   ├── HEAD
│   ├── hooks
│   │   ├── applypatch-msg.sample
│   │   ├── commit-msg.sample
│   │   ├── post-update.sample
│   │   ├── pre-applypatch.sample
│   │   ├── pre-commit.sample
│   │   ├── prepare-commit-msg.sample
│   │   ├── pre-push.sample
│   │   ├── pre-rebase.sample
│   │   └── update.sample
│   ├── index
│   ├── info
│   │   └── exclude
│   ├── logs
│   │   ├── HEAD
│   │   └── refs
│   │       ├── heads
│   │       │   └── master
│   │       └── remotes
│   │           └── origin
│   │               ├── HEAD
│   │               └── master
│   ├── objects
│   │   ├── 00
│   │   │   └── 4166d2949a04d1f0c1edb1bd3fccd68efacf3e
│   │   ├── 03
│   │   │   └── 0efe2bcb4bc569bd4eb7fdf6949c4d00f9f578
│   │   ├── 0a
│   │   │   └── 236ebdeaf494dee0d987bfd0aac428cd31a18c
│   │   ├── 0c
│   │   │   └── 6b32b3cf069ba18bf7193c50b313fef78b40ae
│   │   ├── 21
│   │   │   └── 1ee5efef62cf54d931f59f861dca940a48e79d
│   │   ├── 25
│   │   │   └── 09e533e0d8c56d7afca5888197887756ca019b
│   │   ├── 37
│   │   │   └── 022a23f3e741b6ca8a76813208fe6eddf525db
│   │   ├── 60
│   │   │   └── a5725d404f9882bc005417b1d8021558bea6b8
│   │   ├── 6c
│   │   │   └── 5fc6bb4252aa1b4095d2b9b4e85d49027e2339
│   │   ├── 6d
│   │   │   └── 9571b1f3ca2d1ac4c64cab5ac007f5aae47cf1
│   │   ├── 83
│   │   │   └── 9603e7c767955ad22b98436c45c556d5ad3426
│   │   ├── 8a
│   │   │   └── 982e877d773c9c476ef1b96a982bf3cbca74be
│   │   ├── 9b
│   │   │   └── 9219f870f3a96094f8a7e003c657bf6d1bd6ff
│   │   ├── a0
│   │   │   └── 4560b66a792a7c87387f9d58616fdb9ea7c059
│   │   ├── a2
│   │   │   └── 61acefceddb4be4fc65a3c8cf58bfefaeea1c8
│   │   ├── b6
│   │   │   └── 9dcd95abee9db93adc94c12a019e5b13378182
│   │   ├── bc
│   │   │   └── 781db7bb1486cf4a8cf36b5015095dca1c6dea
│   │   ├── c4
│   │   │   └── 7d1f9daa23cc3d024f125d962d854ab996f3aa
│   │   ├── d8
│   │   │   └── ce3912b9929b48e524e9470000eecea5529bc8
│   │   ├── e2
│   │   │   └── 8fad0858b597d68309c9e6e875740e43f53f63
│   │   ├── fe
│   │   │   └── 43dc78dfcfc00b0d3314f94a7d41566646623d
│   │   ├── info
│   │   └── pack
│   │       ├── pack-07eb756131f79f31eb9b20fc11d7ab298bb3014c.idx
│   │       └── pack-07eb756131f79f31eb9b20fc11d7ab298bb3014c.pack
│   ├── ORIG_HEAD
│   ├── packed-refs
│   └── refs
│       ├── heads
│       │   └── master
│       ├── remotes
│       │   └── origin
│       │       └── master
│       └── tags
├── hosts
├── include.yml
├── lamp1.retry
├── lamp1.yml
├── lampapp.retry
├── lampapp.yml
├── lamp.retry
├── lamp.yml
├── new
│   ├── apache.yml
│   ├── content.yml
│   ├── create_folder.yml
│   ├── include.retry
│   ├── include.yml
│   └── nginx.yml
├── nodes.sh
├── ntpd.retry
├── ntpd.yml
├── playbook-git.yml
├── playbook.yml
├── README.md
├── roles
│   ├── ansible
│   ├── apache2
│   │   ├── files
│   │   │   └── index.php
│   │   └── tasks
│   │       └── main.yml
│   ├── geerlingguy.git
│   │   ├── defaults
│   │   │   └── main.yml
│   │   ├── .gitignore
│   │   ├── LICENSE
│   │   ├── meta
│   │   │   ├── .galaxy_install_info
│   │   │   └── main.yml
│   │   ├── README.md
│   │   ├── tasks
│   │   │   ├── install-from-source.yml
│   │   │   └── main.yml
│   │   ├── tests
│   │   │   ├── README.md
│   │   │   ├── test-source.yml
│   │   │   └── test.yml
│   │   ├── .travis.yml
│   │   └── vars
│   │       ├── Debian.yml
│   │       ├── Fedora.yml
│   │       ├── main.yml
│   │       └── RedHat.yml
│   ├── mariadb
│   │   ├── files
│   │   │   ├── db.php
│   │   │   └── dump.sql
│   │   └── tasks
│   │       └── main.yml
│   └── simpleweb
│       ├── handlers
│       │   └── main.yml
│       ├── tasks
│       │   ├── create-index.yml
│       │   └── main.yml
│       ├── templates
│       │   └── simpleweb.html
│       └── vars
│           └── main.yml
├── simpleweb_playbook-with-role-pass-vars.yml
├── simpleweb_playbook-with-role.retry
├── simpleweb_playbook-with-role.yml
├── simpleweb_playbook.yml
├── tag.retry
├── tag.yml
└── tmp
    ├── customweb
    │   ├── customweb
    │   │   ├── css
    │   │   │   ├── base.css
    │   │   │   ├── font-awesome
    │   │   │   │   ├── css
    │   │   │   │   │   ├── font-awesome.css
    │   │   │   │   │   └── font-awesome.min.css
    │   │   │   │   └── fonts
    │   │   │   │       ├── FontAwesome.otf
    │   │   │   │       ├── fontawesome-webfont.eot
    │   │   │   │       ├── fontawesome-webfont.svg
    │   │   │   │       ├── fontawesome-webfont.ttf
    │   │   │   │       ├── fontawesome-webfont.woff
    │   │   │   │       └── fontawesome-webfont.woff2
    │   │   │   ├── fonts.css
    │   │   │   ├── main.css
    │   │   │   ├── micons
    │   │   │   │   ├── fonts
    │   │   │   │   │   ├── icomoon.eot
    │   │   │   │   │   ├── icomoon.svg
    │   │   │   │   │   ├── icomoon.ttf
    │   │   │   │   │   └── icomoon.woff
    │   │   │   │   └── micons.css
    │   │   │   └── vendor.css
    │   │   ├── favicon.ico
    │   │   ├── fonts
    │   │   │   ├── montserrat
    │   │   │   │   ├── montserrat-black-webfont.woff
    │   │   │   │   ├── montserrat-black-webfont.woff2
    │   │   │   │   ├── montserrat-bold-webfont.woff
    │   │   │   │   ├── montserrat-bold-webfont.woff2
    │   │   │   │   ├── montserrat-extrabold-webfont.woff
    │   │   │   │   ├── montserrat-extrabold-webfont.woff2
    │   │   │   │   ├── montserrat-extralight-webfont.woff
    │   │   │   │   ├── montserrat-extralight-webfont.woff2
    │   │   │   │   ├── montserrat-light-webfont.woff
    │   │   │   │   ├── montserrat-light-webfont.woff2
    │   │   │   │   ├── montserrat-medium-webfont.woff
    │   │   │   │   ├── montserrat-medium-webfont.woff2
    │   │   │   │   ├── montserrat-regular-webfont.woff
    │   │   │   │   ├── montserrat-regular-webfont.woff2
    │   │   │   │   ├── montserrat-semibold-webfont.woff
    │   │   │   │   ├── montserrat-semibold-webfont.woff2
    │   │   │   │   ├── montserrat-thin-webfont.woff
    │   │   │   │   └── montserrat-thin-webfont.woff2
    │   │   │   └── muli
    │   │   │       ├── muli-bolditalic-webfont.woff
    │   │   │       ├── muli-bolditalic-webfont.woff2
    │   │   │       ├── muli-bold-webfont.woff
    │   │   │       ├── muli-bold-webfont.woff2
    │   │   │       ├── muli-extrabolditalic-webfont.woff
    │   │   │       ├── muli-extrabolditalic-webfont.woff2
    │   │   │       ├── muli-extrabold-webfont.woff
    │   │   │       ├── muli-extrabold-webfont.woff2
    │   │   │       ├── muli-extralightitalic-webfont.woff
    │   │   │       ├── muli-extralightitalic-webfont.woff2
    │   │   │       ├── muli-extralight-webfont.woff
    │   │   │       ├── muli-extralight-webfont.woff2
    │   │   │       ├── muli-italic-webfont.woff
    │   │   │       ├── muli-italic-webfont.woff2
    │   │   │       ├── muli-lightitalic-webfont.woff
    │   │   │       ├── muli-lightitalic-webfont.woff2
    │   │   │       ├── muli-light-webfont.woff
    │   │   │       ├── muli-light-webfont.woff2
    │   │   │       ├── muli-regular-webfont.woff
    │   │   │       ├── muli-regular-webfont.woff2
    │   │   │       ├── muli-semibolditalic-webfont.woff
    │   │   │       ├── muli-semibolditalic-webfont.woff2
    │   │   │       ├── muli-semibold-webfont.woff
    │   │   │       └── muli-semibold-webfont.woff2
    │   │   ├── images
    │   │   │   ├── app-screens-1200.png
    │   │   │   ├── app-screens-2800.png
    │   │   │   ├── app-screens-600.png
    │   │   │   ├── appstore.png
    │   │   │   ├── avatars
    │   │   │   │   ├── user-01.jpg
    │   │   │   │   ├── user-02.jpg
    │   │   │   │   ├── user-03.jpg
    │   │   │   │   ├── user-04.jpg
    │   │   │   │   └── user-05.jpg
    │   │   │   ├── email-icon.png
    │   │   │   ├── google-play.png
    │   │   │   ├── hero-bg.jpg
    │   │   │   ├── iphone-app-470.png
    │   │   │   ├── iphone-app-940.png
    │   │   │   ├── logo.png
    │   │   │   ├── sample-image.jpg
    │   │   │   └── shutterbug.jpg
    │   │   ├── index.erb
    │   │   ├── index.html
    │   │   ├── js
    │   │   │   ├── jquery-2.1.3.min.js
    │   │   │   ├── main.js
    │   │   │   ├── modernizr.js
    │   │   │   ├── pace.min.js
    │   │   │   └── plugins.js
    │   │   ├── readme.txt
    │   │   └── styles.html
    │   ├── customweb.html
    │   └── simpleweb.html
    └── simpleweb.html

74 directories, 197 files
root@knode:~/ws/ansible# 
root@knode:~/ws/ansible# 
root@knode:~/ws/ansible# 
root@knode:~/ws/ansible# 
root@knode:~/ws/ansible# git status
On branch master
Your branch is up-to-date with 'origin/master'.
Changes not staged for commit:
  (use "git add <file>..." to update what will be committed)
  (use "git checkout -- <file>..." to discard changes in working directory)

	modified:   hosts

Untracked files:
  (use "git add <file>..." to include in what will be committed)

	lamp.retry
	lamp.yml
	lamp1.retry
	lamp1.yml
	lampapp.retry
	lampapp.yml
	roles/apache2/
	roles/mariadb/

no changes added to commit (use "git add" and/or "git commit -a")
root@knode:~/ws/ansible# 
root@knode:~/ws/ansible# 
root@knode:~/ws/ansible# 
root@knode:~/ws/ansible# git add .
root@knode:~/ws/ansible# 
root@knode:~/ws/ansible# 
root@knode:~/ws/ansible# git status
On branch master
Your branch is up-to-date with 'origin/master'.
Changes to be committed:
  (use "git reset HEAD <file>..." to unstage)

	modified:   hosts
	new file:   lamp.retry
	new file:   lamp.yml
	new file:   lamp1.retry
	new file:   lamp1.yml
	new file:   lampapp.retry
	new file:   lampapp.yml
	new file:   roles/apache2/files/index.php
	new file:   roles/apache2/tasks/main.yml
	new file:   roles/mariadb/files/db.php
	new file:   roles/mariadb/files/dump.sql
	new file:   roles/mariadb/tasks/main.yml

root@knode:~/ws/ansible# 
root@knode:~/ws/ansible# 
root@knode:~/ws/ansible# git commit -m "added new playbook for LAMP via Role"
[master d6b1f81] added new playbook for LAMP via Role
 Committer: root <root@knode.localdomain>
Your name and email address were configured automatically based
on your username and hostname. Please check that they are accurate.
You can suppress this message by setting them explicitly. Run the
following command and follow the instructions in your editor to edit
your configuration file:

    git config --global --edit

After doing this, you may fix the identity used for this commit with:

    git commit --amend --reset-author

 12 files changed, 110 insertions(+), 2 deletions(-)
 create mode 100644 lamp.retry
 create mode 100644 lamp.yml
 create mode 100644 lamp1.retry
 create mode 100644 lamp1.yml
 create mode 100644 lampapp.retry
 create mode 100644 lampapp.yml
 create mode 100644 roles/apache2/files/index.php
 create mode 100644 roles/apache2/tasks/main.yml
 create mode 100644 roles/mariadb/files/db.php
 create mode 100644 roles/mariadb/files/dump.sql
 create mode 100644 roles/mariadb/tasks/main.yml
root@knode:~/ws/ansible# 
root@knode:~/ws/ansible# 
root@knode:~/ws/ansible# 
root@knode:~/ws/ansible# git status
On branch master
Your branch is ahead of 'origin/master' by 1 commit.
  (use "git push" to publish your local commits)
nothing to commit, working directory clean
root@knode:~/ws/ansible# 
root@knode:~/ws/ansible# 
root@knode:~/ws/ansible# 
root@knode:~/ws/ansible# git push origin master
fatal: unable to access 'https://github.com/krishna0510/ansible-playbooks.git/': Failed to connect to github.com port 443: Connection refused
root@knode:~/ws/ansible# 
root@knode:~/ws/ansible# 
root@knode:~/ws/ansible# 
root@knode:~/ws/ansible# git pull origin master
fatal: unable to access 'https://github.com/krishna0510/ansible-playbooks.git/': Failed to connect to github.com port 443: Connection refused
root@knode:~/ws/ansible# 
root@knode:~/ws/ansible# 
root@knode:~/ws/ansible# 
root@knode:~/ws/ansible# 
root@knode:~/ws/ansible# git remote remove origin
root@knode:~/ws/ansible# 
root@knode:~/ws/ansible# 
root@knode:~/ws/ansible# git remote origin https://github.com/krishna0510/ansible-playbooks.git
error: Unknown subcommand: origin
usage: git remote [-v | --verbose]
   or: git remote add [-t <branch>] [-m <master>] [-f] [--tags | --no-tags] [--mirror=<fetch|push>] <name> <url>
   or: git remote rename <old> <new>
   or: git remote remove <name>
   or: git remote set-head <name> (-a | --auto | -d | --delete | <branch>)
   or: git remote [-v | --verbose] show [-n] <name>
   or: git remote prune [-n | --dry-run] <name>
   or: git remote [-v | --verbose] update [-p | --prune] [(<group> | <remote>)...]
   or: git remote set-branches [--add] <name> <branch>...
   or: git remote get-url [--push] [--all] <name>
   or: git remote set-url [--push] <name> <newurl> [<oldurl>]
   or: git remote set-url --add <name> <newurl>
   or: git remote set-url --delete <name> <url>

    -v, --verbose         be verbose; must be placed before a subcommand

root@knode:~/ws/ansible# 
root@knode:~/ws/ansible# 
root@knode:~/ws/ansible# git remote add https://github.com/krishna0510/ansible-playbooks.git
usage: git remote add [<options>] <name> <url>

    -f, --fetch           fetch the remote branches
    --tags                import all tags and associated objects when fetching
                          or do not fetch any tag at all (--no-tags)
    -t, --track <branch>  branch(es) to track
    -m, --master <branch>
                          master branch
    --mirror[=<push|fetch>]
                          set up remote as a mirror to push to or fetch from

root@knode:~/ws/ansible# git remote add  origin https://github.com/krishna0510/ansible-playbooks.git
root@knode:~/ws/ansible# 
root@knode:~/ws/ansible# 
root@knode:~/ws/ansible# 
root@knode:~/ws/ansible# git pull origin master
fatal: unable to access 'https://github.com/krishna0510/ansible-playbooks.git/': Failed to connect to github.com port 443: Connection refused
root@knode:~/ws/ansible# 
root@knode:~/ws/ansible# 
root@knode:~/ws/ansible# 
root@knode:~/ws/ansible# 
root@knode:~/ws/ansible# 
root@knode:~/ws/ansible# 
root@knode:~/ws/ansible# ll
total 160
drwxr-xr-x 7 root root  4096 Sep 10 11:57 ./
drwxr-xr-x 4 root root  4096 Sep  9 07:45 ../
drwxr-xr-x 2 root root  4096 Sep  9 01:05 ansible/
-rw-r--r-- 1 root root 19839 Mar 29 00:04 ansible.cfg
-rwxr-xr-x 1 root root   133 Mar 29 00:04 ansible-ws.sh*
-rw-r--r-- 1 root root   230 Sep  2 14:05 apache.yml
-rw-r--r-- 1 root root    18 Mar 29 00:04 copy-file-playbook.retry
-rw-r--r-- 1 root root   124 Mar 29 00:04 copy-file-playbook.yml
-rw-r--r-- 1 root root    35 Mar 29 00:04 copyme.txt
-rwxr-xr-x 1 root root  1216 Mar 29 00:04 customweb-playbook.yml*
-rw-r--r-- 1 root root   128 Mar 29 00:04 first_playbook-rm.yml
-rw-r--r-- 1 root root   126 Mar 29 00:04 first_playbook.yml
drwxr-xr-x 8 root root  4096 Sep 10 12:10 .git/
-rw-r--r-- 1 root root    59 Sep 10 11:57 hosts
-rw-r--r-- 1 root root   216 Sep  9 01:59 include.yml
-rw-r--r-- 1 root root    22 Sep  9 13:13 lamp1.retry
-rw-r--r-- 1 root root   362 Sep  9 13:08 lamp1.yml
-rw-r--r-- 1 root root    11 Sep 10 12:03 lampapp.retry
-rw-r--r-- 1 root root    54 Sep 10 11:21 lampapp.yml
-rw-r--r-- 1 root root    22 Sep  9 12:52 lamp.retry
-rw-r--r-- 1 root root   694 Sep  9 12:40 lamp.yml
drwxr-xr-x 2 root root  4096 Sep  9 02:24 new/
-rw-r--r-- 1 root root   327 Mar 29 00:04 nodes.sh
-rw-r--r-- 1 root root    22 Sep  2 13:58 ntpd.retry
-rw-r--r-- 1 root root   214 Sep  2 13:59 ntpd.yml
-rw-r--r-- 1 root root   137 Mar 29 00:04 playbook-git.yml
-rw-r--r-- 1 root root    47 Mar 29 00:04 playbook.yml
-rw-r--r-- 1 root root    19 Sep  9 07:53 README.md
drwxr-xr-x 7 root root  4096 Sep 10 11:22 roles/
-rw-r--r-- 1 root root   137 Mar 29 00:04 simpleweb_playbook-with-role-pass-vars.yml
-rw-r--r-- 1 root root    18 Mar 29 00:04 simpleweb_playbook-with-role.retry
-rw-r--r-- 1 root root    73 Mar 29 00:04 simpleweb_playbook-with-role.yml
-rw-r--r-- 1 root root   722 Mar 29 00:04 simpleweb_playbook.yml
-rw-r--r-- 1 root root    44 Sep  9 01:35 tag.retry
-rw-r--r-- 1 root root   701 Sep  9 01:38 tag.yml
drwxr-xr-x 3 root root  4096 Mar 29 00:04 tmp/
root@knode:~/ws/ansible# git status
On branch master
nothing to commit, working directory clean
root@knode:~/ws/ansible# 
root@knode:~/ws/ansible# 
root@knode:~/ws/ansible# 
root@knode:~/ws/ansible# 
root@knode:~/ws/ansible# 
root@knode:~/ws/ansible# git remote add  origin https://github.com/krishna0510/ansible-playbooks.git
fatal: remote origin already exists.
root@knode:~/ws/ansible# 
root@knode:~/ws/ansible# 
root@knode:~/ws/ansible# 
root@knode:~/ws/ansible# git push -u origin master
Username for 'https://github.com': krishna0510
Password for 'https://krishna0510@github.com': 
Counting objects: 19, done.
Compressing objects: 100% (14/14), done.
Writing objects: 100% (19/19), 2.39 KiB | 0 bytes/s, done.
Total 19 (delta 1), reused 0 (delta 0)
remote: Resolving deltas: 100% (1/1), completed with 1 local object.
To https://github.com/krishna0510/ansible-playbooks.git
   37022a2..d6b1f81  master -> master
Branch master set up to track remote branch master from origin.
root@knode:~/ws/ansible# 
root@knode:~/ws/ansible# 
root@knode:~/ws/ansible# 
root@knode:~/ws/ansible# 
root@knode:~/ws/ansible# git status
On branch master
Your branch is up-to-date with 'origin/master'.
nothing to commit, working directory clean
root@knode:~/ws/ansible# 
root@knode:~/ws/ansible# 
root@knode:~/ws/ansible# 
root@knode:~/ws/ansible# 
root@knode:~/ws/ansible# ll
total 160
drwxr-xr-x 7 root root  4096 Sep 10 11:57 ./
drwxr-xr-x 4 root root  4096 Sep  9 07:45 ../
drwxr-xr-x 2 root root  4096 Sep  9 01:05 ansible/
-rw-r--r-- 1 root root 19839 Mar 29 00:04 ansible.cfg
-rwxr-xr-x 1 root root   133 Mar 29 00:04 ansible-ws.sh*
-rw-r--r-- 1 root root   230 Sep  2 14:05 apache.yml
-rw-r--r-- 1 root root    18 Mar 29 00:04 copy-file-playbook.retry
-rw-r--r-- 1 root root   124 Mar 29 00:04 copy-file-playbook.yml
-rw-r--r-- 1 root root    35 Mar 29 00:04 copyme.txt
-rwxr-xr-x 1 root root  1216 Mar 29 00:04 customweb-playbook.yml*
-rw-r--r-- 1 root root   128 Mar 29 00:04 first_playbook-rm.yml
-rw-r--r-- 1 root root   126 Mar 29 00:04 first_playbook.yml
drwxr-xr-x 8 root root  4096 Sep 10 12:18 .git/
-rw-r--r-- 1 root root    59 Sep 10 11:57 hosts
-rw-r--r-- 1 root root   216 Sep  9 01:59 include.yml
-rw-r--r-- 1 root root    22 Sep  9 13:13 lamp1.retry
-rw-r--r-- 1 root root   362 Sep  9 13:08 lamp1.yml
-rw-r--r-- 1 root root    11 Sep 10 12:03 lampapp.retry
-rw-r--r-- 1 root root    54 Sep 10 11:21 lampapp.yml
-rw-r--r-- 1 root root    22 Sep  9 12:52 lamp.retry
-rw-r--r-- 1 root root   694 Sep  9 12:40 lamp.yml
drwxr-xr-x 2 root root  4096 Sep  9 02:24 new/
-rw-r--r-- 1 root root   327 Mar 29 00:04 nodes.sh
-rw-r--r-- 1 root root    22 Sep  2 13:58 ntpd.retry
-rw-r--r-- 1 root root   214 Sep  2 13:59 ntpd.yml
-rw-r--r-- 1 root root   137 Mar 29 00:04 playbook-git.yml
-rw-r--r-- 1 root root    47 Mar 29 00:04 playbook.yml
-rw-r--r-- 1 root root    19 Sep  9 07:53 README.md
drwxr-xr-x 7 root root  4096 Sep 10 11:22 roles/
-rw-r--r-- 1 root root   137 Mar 29 00:04 simpleweb_playbook-with-role-pass-vars.yml
-rw-r--r-- 1 root root    18 Mar 29 00:04 simpleweb_playbook-with-role.retry
-rw-r--r-- 1 root root    73 Mar 29 00:04 simpleweb_playbook-with-role.yml
-rw-r--r-- 1 root root   722 Mar 29 00:04 simpleweb_playbook.yml
-rw-r--r-- 1 root root    44 Sep  9 01:35 tag.retry
-rw-r--r-- 1 root root   701 Sep  9 01:38 tag.yml
drwxr-xr-x 3 root root  4096 Mar 29 00:04 tmp/
root@knode:~/ws/ansible# 
root@knode:~/ws/ansible# 
root@knode:~/ws/ansible# 
root@knode:~/ws/ansible# 

